Archive member included because of file (symbol)

C:\Users\Jake\workspace\libsccc\lib\libsccc-d-handtech-d10dev.a(startup-d-handtech-d10dev.o)
                              (__thumb_startup)
C:\Users\Jake\workspace\libsccc\lib\libsccc-d-handtech-d10dev.a(system-d-handtech-d10dev.o)
                              C:\Users\Jake\workspace\libsccc\lib\libsccc-d-handtech-d10dev.a(startup-d-handtech-d10dev.o) (SystemInit)
C:\Users\Jake\workspace\libsccc\lib\libsccc-d-handtech-d10dev.a(gpio-d-handtech-d10dev.o)
                              obj/main-d-handtech-d10dev.o (libbase::k60::Gpi::Get() const)
C:\Users\Jake\workspace\libsccc\lib\libsccc-d-handtech-d10dev.a(mcg-d-handtech-d10dev.o)
                              obj/main-d-handtech-d10dev.o (libbase::k60::Mcg::Config::Config())
C:\Users\Jake\workspace\libsccc\lib\libsccc-d-handtech-d10dev.a(pin-d-handtech-d10dev.o)
                              C:\Users\Jake\workspace\libsccc\lib\libsccc-d-handtech-d10dev.a(gpio-d-handtech-d10dev.o) (libbase::k60::Pin::Pin(libbase::k60::Pin::Config const&))
C:\Users\Jake\workspace\libsccc\lib\libsccc-d-handtech-d10dev.a(pin_isr_manager-d-handtech-d10dev.o)
                              C:\Users\Jake\workspace\libsccc\lib\libsccc-d-handtech-d10dev.a(gpio-d-handtech-d10dev.o) (libbase::k60::PinIsrManager::GetInstance())
C:\Users\Jake\workspace\libsccc\lib\libsccc-d-handtech-d10dev.a(sim-d-handtech-d10dev.o)
                              C:\Users\Jake\workspace\libsccc\lib\libsccc-d-handtech-d10dev.a(pin-d-handtech-d10dev.o) (libbase::k60::Sim::SetEnableClockGate(libbase::k60::Sim::ClockGate, bool))
C:\Users\Jake\workspace\libsccc\lib\libsccc-d-handtech-d10dev.a(watchdog-d-handtech-d10dev.o)
                              C:\Users\Jake\workspace\libsccc\lib\libsccc-d-handtech-d10dev.a(startup-d-handtech-d10dev.o) (LibbaseK60WatchdogInit)
C:\Users\Jake\workspace\libsccc\lib\libsccc-d-handtech-d10dev.a(system-d-handtech-d10dev.o)
                              obj/main-d-handtech-d10dev.o (libsc::System::Init())
C:\Users\Jake\workspace\libsccc\lib\libsccc-d-handtech-d10dev.a(endian_utils-d-handtech-d10dev.o)
                              C:\Users\Jake\workspace\libsccc\lib\libsccc-d-handtech-d10dev.a(sim-d-handtech-d10dev.o) (libutil::EndianUtils::IsBigEndian())
C:\Users\Jake\workspace\libsccc\lib\libsccc-d-handtech-d10dev.a(string-d-handtech-d10dev.o)
                              C:\Users\Jake\workspace\libsccc\lib\libsccc-d-handtech-d10dev.a(sim-d-handtech-d10dev.o) (libutil::String::Format(char const*, ...))
C:\Users\Jake\workspace\libsccc\lib\libsccc-d-handtech-d10dev.a(mk60d10_lqfp144-d-handtech-d10dev.o)
                              C:\Users\Jake\workspace\libsccc\lib\libsccc-d-handtech-d10dev.a(pin-d-handtech-d10dev.o) (libbase::k60::Mk60d10Lqfp144::Mk60d10Lqfp144())
C:\Users\Jake\workspace\libsccc\lib\libsccc-d-handtech-d10dev.a(assert-d-handtech-d10dev.o)
                              C:\Users\Jake\workspace\libsccc\lib\libsccc-d-handtech-d10dev.a(gpio-d-handtech-d10dev.o) (__assert_func)
C:\Users\Jake\workspace\libsccc\lib\libsccc-d-handtech-d10dev.a(syscall-d-handtech-d10dev.o)
                              C:\Users\Jake\workspace\libsccc\lib\libsccc-d-handtech-d10dev.a(startup-d-handtech-d10dev.o) (KeepSyscallSymbols)
C:\Users\Jake\workspace\libsccc\lib\libsccc-d-handtech-d10dev.a(vectors-d-handtech-d10dev.o)
                              C:\Users\Jake\workspace\libsccc\lib\libsccc-d-handtech-d10dev.a(pin_isr_manager-d-handtech-d10dev.o) (DefaultIsr)
C:\Users\Jake\workspace\libsccc\lib\libsccc-d-handtech-d10dev.a(dwt-d-handtech-d10dev.o)
                              C:\Users\Jake\workspace\libsccc\lib\libsccc-d-handtech-d10dev.a(system-d-handtech-d10dev.o) (libbase::k60::Dwt::DelayUs(unsigned short))
C:\Users\Jake\workspace\libsccc\lib\libsccc-d-handtech-d10dev.a(sys_tick_timer-d-handtech-d10dev.o)
                              C:\Users\Jake\workspace\libsccc\lib\libsccc-d-handtech-d10dev.a(system-d-handtech-d10dev.o) (libsc::SysTickTimer::SysTickTimer())
C:\Users\Jake\workspace\libsccc\lib\libsccc-d-handtech-d10dev.a(clock_utils-d-handtech-d10dev.o)
                              C:\Users\Jake\workspace\libsccc\lib\libsccc-d-handtech-d10dev.a(sys_tick_timer-d-handtech-d10dev.o) (libbase::k60::ClockUtils::GetCoreClockKhz())
C:\Users\Jake\workspace\libsccc\lib\libsccc-d-handtech-d10dev.a(sys_tick-d-handtech-d10dev.o)
                              C:\Users\Jake\workspace\libsccc\lib\libsccc-d-handtech-d10dev.a(sys_tick_timer-d-handtech-d10dev.o) (libbase::k60::SysTick::~SysTick())
c:/program files (x86)/gnu tools arm embedded/4.8 2014q3/bin/../lib/gcc/arm-none-eabi/4.8.4/../../../../arm-none-eabi/lib/armv7e-m\libstdc++_s.a(new_op.o)
                              C:\Users\Jake\workspace\libsccc\lib\libsccc-d-handtech-d10dev.a(gpio-d-handtech-d10dev.o) (operator new(unsigned int))
[...]
Memory Configuration

Name             Origin             Length             Attributes
m_interrupts     0x00000000         0x000001e0         xr
m_text           0x00000410         0x0007fbf0         xr
m_data           0x1fff0000         0x00010000         rw
m_data_20000000  0x20000000         0x00010000         rw
m_cfmprotrom     0x00000400         0x00000010         xr
*default*        0x00000000         0xffffffff

Linker script and memory map

LOAD c:/program files (x86)/gnu tools arm embedded/4.8 2014q3/bin/../lib/gcc/arm-none-eabi/4.8.4/armv7e-m/crti.o
LOAD c:/program files (x86)/gnu tools arm embedded/4.8 2014q3/bin/../lib/gcc/arm-none-eabi/4.8.4/armv7e-m/crtbegin.o
LOAD c:/program files (x86)/gnu tools arm embedded/4.8 2014q3/bin/../lib/gcc/arm-none-eabi/4.8.4/../../../../arm-none-eabi/lib/armv7e-m/crt0.o
LOAD obj/main-d-handtech-d10dev.o
LOAD C:\Users\Jake\workspace\libsccc\lib\libsccc-d-handtech-d10dev.a
LOAD c:/program files (x86)/gnu tools arm embedded/4.8 2014q3/bin/../lib/gcc/arm-none-eabi/4.8.4/../../../../arm-none-eabi/lib/armv7e-m\libstdc++_s.a
LOAD c:/program files (x86)/gnu tools arm embedded/4.8 2014q3/bin/../lib/gcc/arm-none-eabi/4.8.4/../../../../arm-none-eabi/lib/armv7e-m\libm.a
START GROUP
LOAD c:/program files (x86)/gnu tools arm embedded/4.8 2014q3/bin/../lib/gcc/arm-none-eabi/4.8.4/armv7e-m\libgcc.a
LOAD c:/program files (x86)/gnu tools arm embedded/4.8 2014q3/bin/../lib/gcc/arm-none-eabi/4.8.4/../../../../arm-none-eabi/lib/armv7e-m\libc_s.a
END GROUP
START GROUP
LOAD c:/program files (x86)/gnu tools arm embedded/4.8 2014q3/bin/../lib/gcc/arm-none-eabi/4.8.4/armv7e-m\libgcc.a
LOAD c:/program files (x86)/gnu tools arm embedded/4.8 2014q3/bin/../lib/gcc/arm-none-eabi/4.8.4/../../../../arm-none-eabi/lib/armv7e-m\libc_s.a
END GROUP
LOAD c:/program files (x86)/gnu tools arm embedded/4.8 2014q3/bin/../lib/gcc/arm-none-eabi/4.8.4/armv7e-m/crtend.o
LOAD c:/program files (x86)/gnu tools arm embedded/4.8 2014q3/bin/../lib/gcc/arm-none-eabi/4.8.4/armv7e-m/crtn.o
                0x20000000                _estack = 0x20000000
                0x20000000                __SP_INIT = _estack
                0x00005000                __heap_size = 0x5000
                0x00001f00                __stack_size = 0x1f00

.interrupts     0x00000000      0x1e0
                0x00000000                __vector_table = .
                0x00000000                . = ALIGN (0x4)
 *(.vectortable)
 .vectortable   0x00000000      0x1e0 C:\Users\Jake\workspace\libsccc\lib\libsccc-d-handtech-d10dev.a(vectors-d-handtech-d10dev.o)
                0x00000000                __vect_table
                0x000001e0                . = ALIGN (0x4)

.cfmprotect     0x00000400       0x10
                0x00000400                . = ALIGN (0x4)
 *(.cfmconfig)
 .cfmconfig     0x00000400       0x10 C:\Users\Jake\workspace\libsccc\lib\libsccc-d-handtech-d10dev.a(system-d-handtech-d10dev.o)
                0x00000400                _cfm
                0x00000410                . = ALIGN (0x4)

.text           0x00000410     0xbbcc
                0x00000410                . = ALIGN (0x4)
 *(.text)
 .text          0x00000410       0x54 c:/program files (x86)/gnu tools arm embedded/4.8 2014q3/bin/../lib/gcc/arm-none-eabi/4.8.4/armv7e-m/crtbegin.o
 .text          0x00000464     0x5784 c:/program files (x86)/gnu tools arm embedded/4.8 2014q3/bin/../lib/gcc/arm-none-eabi/4.8.4/../../../../arm-none-eabi/lib/armv7e-m\libstdc++_s.a(cp-demangle.o)
                0x00005b08                __cxa_demangle
                0x00005bcc                __gcclibcxx_demangle_callback
 .text          0x00005be8      0x370 c:/program files (x86)/gnu tools arm embedded/4.8 2014q3/bin/../lib/gcc/arm-none-eabi/4.8.4/armv7e-m\libgcc.a(_arm_addsubdf3.o)
                0x00005be8                __aeabi_drsub
                0x00005bf0                __aeabi_dsub
                0x00005bf0                __subdf3
                0x00005bf4                __aeabi_dadd
                0x00005bf4                __adddf3
                0x00005e6c                __floatunsidf
                0x00005e6c                __aeabi_ui2d
                0x00005e8c                __floatsidf
                0x00005e8c                __aeabi_i2d
                0x00005eb0                __aeabi_f2d
                0x00005eb0                __extendsfdf2
                0x00005eec                __floatundidf
                0x00005eec                __aeabi_ul2d
                0x00005efc                __floatdidf
                0x00005efc                __aeabi_l2d
 .text          0x00005f58      0x424 c:/program files (x86)/gnu tools arm embedded/4.8 2014q3/bin/../lib/gcc/arm-none-eabi/4.8.4/armv7e-m\libgcc.a(_arm_muldivdf3.o)
                0x00005f58                __aeabi_dmul
                0x00005f58                __muldf3
                0x000061ac                __divdf3
                0x000061ac                __aeabi_ddiv
 .text          0x0000637c       0x40 c:/program files (x86)/gnu tools arm embedded/4.8 2014q3/bin/../lib/gcc/arm-none-eabi/4.8.4/armv7e-m\libgcc.a(_arm_fixunsdfsi.o)
                0x0000637c                __aeabi_d2uiz
                0x0000637c                __fixunsdfsi
 .text          0x000063bc       0x14 c:/program files (x86)/gnu tools arm embedded/4.8 2014q3/bin/../lib/gcc/arm-none-eabi/4.8.4/../../../../arm-none-eabi/lib/armv7e-m\libc_s.a(lib_a-strcmp.o)
                0x000063bc                strcmp
 .text          0x000063d0      0x110 c:/program files (x86)/gnu tools arm embedded/4.8 2014q3/bin/../lib/gcc/arm-none-eabi/4.8.4/armv7e-m\libgcc.a(_arm_cmpdf2.o)
                0x000063d0                __gtdf2
                0x000063d0                __gedf2
                0x000063d8                __ltdf2
                0x000063d8                __ledf2
                0x000063e0                __nedf2
                0x000063e0                __eqdf2
                0x000063e0                __cmpdf2
                0x0000645c                __aeabi_cdrcmple
                0x0000646c                __aeabi_cdcmpeq
                0x0000646c                __aeabi_cdcmple
                0x0000647c                __aeabi_dcmpeq
                0x00006490                __aeabi_dcmplt
                0x000064a4                __aeabi_dcmple
                0x000064b8                __aeabi_dcmpge
                0x000064cc                __aeabi_dcmpgt
 .text          0x000064e0       0x50 c:/program files (x86)/gnu tools arm embedded/4.8 2014q3/bin/../lib/gcc/arm-none-eabi/4.8.4/armv7e-m\libgcc.a(_arm_fixdfsi.o)
                0x000064e0                __aeabi_d2iz
                0x000064e0                __fixdfsi
 *(.text*)
 .text._ZN7libbase3k603Mcg12GetMcgConfigEv
                0x00006530       0x1c obj/main-d-handtech-d10dev.o
                0x00006530                libbase::k60::Mcg::GetMcgConfig()
 .text.startup.main
                0x0000654c       0x8c obj/main-d-handtech-d10dev.o
                0x0000654c                main
 .text.__thumb_startup
                0x000065d8       0xdc C:\Users\Jake\workspace\libsccc\lib\libsccc-d-handtech-d10dev.a(startup-d-handtech-d10dev.o)
                0x000065d8                __thumb_startup
 .text.SystemInit
                0x000066b4       0x14 C:\Users\Jake\workspace\libsccc\lib\libsccc-d-handtech-d10dev.a(system-d-handtech-d10dev.o)
                0x000066b4                SystemInit
 .text._ZN7libbase3k603Gpo3SetEb
                0x000066c8       0x4c C:\Users\Jake\workspace\libsccc\lib\libsccc-d-handtech-d10dev.a(gpio-d-handtech-d10dev.o)
                0x000066c8                libbase::k60::Gpo::Set(bool)
 .text._ZN7libbase3k603GpoC2ERKNS1_6ConfigE
                0x00006714       0x48 C:\Users\Jake\workspace\libsccc\lib\libsccc-d-handtech-d10dev.a(gpio-d-handtech-d10dev.o)
                0x00006714                libbase::k60::Gpo::Gpo(libbase::k60::Gpo::Config const&)
                0x00006714                libbase::k60::Gpo::Gpo(libbase::k60::Gpo::Config const&)
 .text._ZN7libbase3k603Gpo4TurnEv
                0x0000675c       0x30 C:\Users\Jake\workspace\libsccc\lib\libsccc-d-handtech-d10dev.a(gpio-d-handtech-d10dev.o)
                0x0000675c                libbase::k60::Gpo::Turn()
 .text._ZN7libbase3k603Mcg6ConfigC2Ev
                0x0000678c       0x24 C:\Users\Jake\workspace\libsccc\lib\libsccc-d-handtech-d10dev.a(mcg-d-handtech-d10dev.o)
                0x0000678c                libbase::k60::Mcg::Config::Config()
                0x0000678c                libbase::k60::Mcg::Config::Config()
 .text._ZN7libbase3k603McgC2Ev
                0x000067b0        0x8 C:\Users\Jake\workspace\libsccc\lib\libsccc-d-handtech-d10dev.a(mcg-d-handtech-d10dev.o)
                0x000067b0                libbase::k60::Mcg::Mcg()
                0x000067b0                libbase::k60::Mcg::Mcg()
 .text._ZN7libbase3k603Mcg7InitFbeERKNS1_6ConfigE
                0x000067b8       0xec C:\Users\Jake\workspace\libsccc\lib\libsccc-d-handtech-d10dev.a(mcg-d-handtech-d10dev.o)
                0x000067b8                libbase::k60::Mcg::InitFbe(libbase::k60::Mcg::Config const&)
 .text._ZN7libbase3k603Mcg7InitPbeERKNS1_6ConfigEh
                0x000068a4       0x34 C:\Users\Jake\workspace\libsccc\lib\libsccc-d-handtech-d10dev.a(mcg-d-handtech-d10dev.o)
                0x000068a4                libbase::k60::Mcg::InitPbe(libbase::k60::Mcg::Config const&, unsigned char)
 .text._ZN7libbase3k603Mcg10InitClocksERKNS1_6ConfigEm
                0x000068d8      0x134 C:\Users\Jake\workspace\libsccc\lib\libsccc-d-handtech-d10dev.a(mcg-d-handtech-d10dev.o)
                0x000068d8                libbase::k60::Mcg::InitClocks(libbase::k60::Mcg::Config const&, unsigned long)
 .text._ZN7libbase3k603Mcg4InitEv
                0x00006a0c       0xc4 C:\Users\Jake\workspace\libsccc\lib\libsccc-d-handtech-d10dev.a(mcg-d-handtech-d10dev.o)
                0x00006a0c                libbase::k60::Mcg::Init()
 .text.LibbaseK60McgInit
                0x00006ad0       0x3c C:\Users\Jake\workspace\libsccc\lib\libsccc-d-handtech-d10dev.a(mcg-d-handtech-d10dev.o)
                0x00006ad0                LibbaseK60McgInit
 .text._ZN7libbase3k6012_GLOBAL__N_115SetInterruptBitENS0_3Pin6Config9InterruptEPm
                0x00006b0c       0x64 C:\Users\Jake\workspace\libsccc\lib\libsccc-d-handtech-d10dev.a(pin-d-handtech-d10dev.o)
 .text._ZN7libbase3k603PinC2ERKNS1_6ConfigE
                0x00006b70      0x114 C:\Users\Jake\workspace\libsccc\lib\libsccc-d-handtech-d10dev.a(pin-d-handtech-d10dev.o)
                0x00006b70                libbase::k60::Pin::Pin(libbase::k60::Pin::Config const&)
                0x00006b70                libbase::k60::Pin::Pin(libbase::k60::Pin::Config const&)
 .text._ZN7libbase3k603Sim18SetEnableClockGateENS1_9ClockGateEb
                0x00006c84      0x400 C:\Users\Jake\workspace\libsccc\lib\libsccc-d-handtech-d10dev.a(sim-d-handtech-d10dev.o)
                0x00006c84                libbase::k60::Sim::SetEnableClockGate(libbase::k60::Sim::ClockGate, bool)
 .text._ZN7libbase3k608Watchdog13InitStctrlRegERKNS1_6ConfigE
                0x00007084       0x34 C:\Users\Jake\workspace\libsccc\lib\libsccc-d-handtech-d10dev.a(watchdog-d-handtech-d10dev.o)
                0x00007084                libbase::k60::Watchdog::InitStctrlReg(libbase::k60::Watchdog::Config const&)
 .text._ZN7libbase3k608Watchdog14InitTimeOutRegERKNS1_6ConfigE
                0x000070b8       0x30 C:\Users\Jake\workspace\libsccc\lib\libsccc-d-handtech-d10dev.a(watchdog-d-handtech-d10dev.o)
                0x000070b8                libbase::k60::Watchdog::InitTimeOutReg(libbase::k60::Watchdog::Config const&)
 .text._ZN7libbase3k608Watchdog17GetWatchdogConfigEv
                0x000070e8        0xc C:\Users\Jake\workspace\libsccc\lib\libsccc-d-handtech-d10dev.a(watchdog-d-handtech-d10dev.o)
                0x000070e8                libbase::k60::Watchdog::GetWatchdogConfig()
 .text._ZN7libbase3k608Watchdog4InitEv
                0x000070f4       0x3c C:\Users\Jake\workspace\libsccc\lib\libsccc-d-handtech-d10dev.a(watchdog-d-handtech-d10dev.o)
                0x000070f4                libbase::k60::Watchdog::Init()
 .text.LibbaseK60WatchdogInit
                0x00007130        0x4 C:\Users\Jake\workspace\libsccc\lib\libsccc-d-handtech-d10dev.a(watchdog-d-handtech-d10dev.o)
                0x00007130                LibbaseK60WatchdogInit
 .text.LibbaseK60WatchdogIsr
                0x00007134       0x20 C:\Users\Jake\workspace\libsccc\lib\libsccc-d-handtech-d10dev.a(watchdog-d-handtech-d10dev.o)
                0x00007134                LibbaseK60WatchdogIsr
 .text._ZN5libsc5DelayD2Ev
                0x00007154        0xc C:\Users\Jake\workspace\libsccc\lib\libsccc-d-handtech-d10dev.a(system-d-handtech-d10dev.o)
                0x00007154                libsc::Delay::~Delay()
                0x00007154                libsc::Delay::~Delay()
 .text._ZN5libsc5Delay7DelayMsEt
                0x00007160       0x20 C:\Users\Jake\workspace\libsccc\lib\libsccc-d-handtech-d10dev.a(system-d-handtech-d10dev.o)
                0x00007160                libsc::Delay::DelayMs(unsigned short)
 .text._ZN5libsc5Delay6DelaySEt
                0x00007180       0x20 C:\Users\Jake\workspace\libsccc\lib\libsccc-d-handtech-d10dev.a(system-d-handtech-d10dev.o)
                0x00007180                libsc::Delay::DelayS(unsigned short)
 .text._ZN5libsc3k608DwtDelayD2Ev
                0x000071a0        0xc C:\Users\Jake\workspace\libsccc\lib\libsccc-d-handtech-d10dev.a(system-d-handtech-d10dev.o)
                0x000071a0                libsc::k60::DwtDelay::~DwtDelay()
                0x000071a0                libsc::k60::DwtDelay::~DwtDelay()
 .text._ZN5libsc5DelayD0Ev
                0x000071ac       0x14 C:\Users\Jake\workspace\libsccc\lib\libsccc-d-handtech-d10dev.a(system-d-handtech-d10dev.o)
                0x000071ac                libsc::Delay::~Delay()
 .text._ZN5libsc3k608DwtDelayD0Ev
                0x000071c0       0x14 C:\Users\Jake\workspace\libsccc\lib\libsccc-d-handtech-d10dev.a(system-d-handtech-d10dev.o)
                0x000071c0                libsc::k60::DwtDelay::~DwtDelay()
 .text._ZN5libsc3k608DwtDelay7DelayUsEt
                0x000071d4        0x8 C:\Users\Jake\workspace\libsccc\lib\libsccc-d-handtech-d10dev.a(system-d-handtech-d10dev.o)
                0x000071d4                libsc::k60::DwtDelay::DelayUs(unsigned short)
 .text._ZN5libsc6System4InitEv
                0x000071dc       0x28 C:\Users\Jake\workspace\libsccc\lib\libsccc-d-handtech-d10dev.a(system-d-handtech-d10dev.o)
                0x000071dc                libsc::System::Init()
 .text._ZN5libsc6System7DelayMsEt
                0x00007204       0x40 C:\Users\Jake\workspace\libsccc\lib\libsccc-d-handtech-d10dev.a(system-d-handtech-d10dev.o)
                0x00007204                libsc::System::DelayMs(unsigned short)
 .text._ZN5libsc6System4TimeEv
                0x00007244       0x2c C:\Users\Jake\workspace\libsccc\lib\libsccc-d-handtech-d10dev.a(system-d-handtech-d10dev.o)
                0x00007244                libsc::System::Time()
 .text._ZN7libbase3k6012_GLOBAL__N_18GetPinIdENS0_3Pin4NameE
                0x00007270       0xc0 C:\Users\Jake\workspace\libsccc\lib\libsccc-d-handtech-d10dev.a(mk60d10_lqfp144-d-handtech-d10dev.o)
 .text._ZN7libbase3k6014Mk60d10Lqfp144C2Ev
                0x00007330       0x10 C:\Users\Jake\workspace\libsccc\lib\libsccc-d-handtech-d10dev.a(mk60d10_lqfp144-d-handtech-d10dev.o)
                0x00007330                libbase::k60::Mk60d10Lqfp144::Mk60d10Lqfp144()
                0x00007330                libbase::k60::Mk60d10Lqfp144::Mk60d10Lqfp144()
 .text._ZN7libbase3k6014Mk60d10Lqfp1447RegPin_Ej
                0x00007340       0x40 C:\Users\Jake\workspace\libsccc\lib\libsccc-d-handtech-d10dev.a(mk60d10_lqfp144-d-handtech-d10dev.o)
                0x00007340                libbase::k60::Mk60d10Lqfp144::RegPin_(unsigned int)
 .text._ZN7libbase3k6014Mk60d10Lqfp1447RegPin_ENS0_3Pin4NameE
                0x00007380       0x18 C:\Users\Jake\workspace\libsccc\lib\libsccc-d-handtech-d10dev.a(mk60d10_lqfp144-d-handtech-d10dev.o)
                0x00007380                libbase::k60::Mk60d10Lqfp144::RegPin_(libbase::k60::Pin::Name)
 .text.__assert_func
                0x00007398       0x34 C:\Users\Jake\workspace\libsccc\lib\libsccc-d-handtech-d10dev.a(assert-d-handtech-d10dev.o)
                0x00007398                __assert_func
 .text._exit    0x000073cc        0x4 C:\Users\Jake\workspace\libsccc\lib\libsccc-d-handtech-d10dev.a(syscall-d-handtech-d10dev.o)
                0x000073cc                _exit
 .text._fstat   0x000073d0        0xc C:\Users\Jake\workspace\libsccc\lib\libsccc-d-handtech-d10dev.a(syscall-d-handtech-d10dev.o)
                0x000073d0                _fstat
 .text._isatty  0x000073dc        0x4 C:\Users\Jake\workspace\libsccc\lib\libsccc-d-handtech-d10dev.a(syscall-d-handtech-d10dev.o)
                0x000073dc                _isatty
 .text._lseek   0x000073e0        0x4 C:\Users\Jake\workspace\libsccc\lib\libsccc-d-handtech-d10dev.a(syscall-d-handtech-d10dev.o)
                0x000073e0                _lseek
 .text._read    0x000073e4        0x4 C:\Users\Jake\workspace\libsccc\lib\libsccc-d-handtech-d10dev.a(syscall-d-handtech-d10dev.o)
                0x000073e4                _read
 .text._write   0x000073e8       0x14 C:\Users\Jake\workspace\libsccc\lib\libsccc-d-handtech-d10dev.a(syscall-d-handtech-d10dev.o)
                0x000073e8                _write
 .text._close   0x000073fc        0x8 C:\Users\Jake\workspace\libsccc\lib\libsccc-d-handtech-d10dev.a(syscall-d-handtech-d10dev.o)
                0x000073fc                _close
 .text._sbrk    0x00007404       0x44 C:\Users\Jake\workspace\libsccc\lib\libsccc-d-handtech-d10dev.a(syscall-d-handtech-d10dev.o)
                0x00007404                _sbrk
 .text._getpid  0x00007448        0x4 C:\Users\Jake\workspace\libsccc\lib\libsccc-d-handtech-d10dev.a(syscall-d-handtech-d10dev.o)
                0x00007448                _getpid
 .text._kill    0x0000744c       0x10 C:\Users\Jake\workspace\libsccc\lib\libsccc-d-handtech-d10dev.a(syscall-d-handtech-d10dev.o)
                0x0000744c                _kill
 .text.KeepSyscallSymbols
                0x0000745c        0x4 C:\Users\Jake\workspace\libsccc\lib\libsccc-d-handtech-d10dev.a(syscall-d-handtech-d10dev.o)
                0x0000745c                KeepSyscallSymbols
 .text.HardFaultHandlerAsm
                0x00007460       0x1c C:\Users\Jake\workspace\libsccc\lib\libsccc-d-handtech-d10dev.a(vectors-d-handtech-d10dev.o)
                0x00007460                HardFaultHandlerAsm
 .text.DefaultIsr
                0x0000747c       0x28 C:\Users\Jake\workspace\libsccc\lib\libsccc-d-handtech-d10dev.a(vectors-d-handtech-d10dev.o)
                0x0000747c                DefaultIsr
 .text.InitVectorTable
                0x000074a4       0x4c C:\Users\Jake\workspace\libsccc\lib\libsccc-d-handtech-d10dev.a(vectors-d-handtech-d10dev.o)
                0x000074a4                InitVectorTable
 .text.InitIrqPriority
                0x000074f0       0x18 C:\Users\Jake\workspace\libsccc\lib\libsccc-d-handtech-d10dev.a(vectors-d-handtech-d10dev.o)
                0x000074f0                InitIrqPriority
 .text.SetIsr   0x00007508       0x1c C:\Users\Jake\workspace\libsccc\lib\libsccc-d-handtech-d10dev.a(vectors-d-handtech-d10dev.o)
                0x00007508                SetIsr
 .text.EnableIrq
                0x00007524       0x18 C:\Users\Jake\workspace\libsccc\lib\libsccc-d-handtech-d10dev.a(vectors-d-handtech-d10dev.o)
                0x00007524                EnableIrq
 .text.HardFaultHandlerC
                0x0000753c       0x68 C:\Users\Jake\workspace\libsccc\lib\libsccc-d-handtech-d10dev.a(vectors-d-handtech-d10dev.o)
                0x0000753c                HardFaultHandlerC
 .text._ZN7libbase3k603Dwt7DelayUsEt
                0x000075a4       0x70 C:\Users\Jake\workspace\libsccc\lib\libsccc-d-handtech-d10dev.a(dwt-d-handtech-d10dev.o)
                0x000075a4                libbase::k60::Dwt::DelayUs(unsigned short)
 .text._ZN5libsc5TimerD2Ev
                0x00007614        0xc C:\Users\Jake\workspace\libsccc\lib\libsccc-d-handtech-d10dev.a(sys_tick_timer-d-handtech-d10dev.o)
                0x00007614                libsc::Timer::~Timer()
                0x00007614                libsc::Timer::~Timer()
 .text._ZN5libsc12SysTickTimer4TimeEv
                0x00007620        0x8 C:\Users\Jake\workspace\libsccc\lib\libsccc-d-handtech-d10dev.a(sys_tick_timer-d-handtech-d10dev.o)
                0x00007620                libsc::SysTickTimer::Time()
 .text._ZN5libsc12SysTickTimer6OnTickEPN7libbase3k607SysTickE
                0x00007628        0x8 C:\Users\Jake\workspace\libsccc\lib\libsccc-d-handtech-d10dev.a(sys_tick_timer-d-handtech-d10dev.o)
                0x00007628                libsc::SysTickTimer::OnTick(libbase::k60::SysTick*)
 .text._ZN5libsc5TimerD0Ev
                0x00007630       0x14 C:\Users\Jake\workspace\libsccc\lib\libsccc-d-handtech-d10dev.a(sys_tick_timer-d-handtech-d10dev.o)
                0x00007630                libsc::Timer::~Timer()
 .text._ZN5libsc12SysTickTimerD2Ev
                0x00007644       0x20 C:\Users\Jake\workspace\libsccc\lib\libsccc-d-handtech-d10dev.a(sys_tick_timer-d-handtech-d10dev.o)
                0x00007644                libsc::SysTickTimer::~SysTickTimer()
                0x00007644                libsc::SysTickTimer::~SysTickTimer()
 .text._ZN5libsc12SysTickTimerD0Ev
                0x00007664       0x24 C:\Users\Jake\workspace\libsccc\lib\libsccc-d-handtech-d10dev.a(sys_tick_timer-d-handtech-d10dev.o)
                0x00007664                libsc::SysTickTimer::~SysTickTimer()
 .text._ZNSt14_Function_base13_Base_managerISt5_BindIFSt7_Mem_fnIMN5libsc12SysTickTimerEFvPN7libbase3k607SysTickEEEPS4_St12_PlaceholderILi1EEEEE10_M_managerERSt9_Any_dataRKSI_St18_Manager_operation
                0x00007688       0x40 C:\Users\Jake\workspace\libsccc\lib\libsccc-d-handtech-d10dev.a(sys_tick_timer-d-handtech-d10dev.o)
                0x00007688                std::_Function_base::_Base_manager<std::_Bind<std::_Mem_fn<void (libsc::SysTickTimer::*)(libbase::k60::SysTick*)> (libsc::SysTickTimer*, std::_Placeholder<1>)> >::_M_manager(std::_Any_data&, std::_Any_data const&, std::_Manager_operation)
 .text._ZNSt17_Function_handlerIFvPN7libbase3k607SysTickEESt5_BindIFSt7_Mem_fnIMN5libsc12SysTickTimerEFvS3_EEPS8_St12_PlaceholderILi1EEEEE9_M_invokeERKSt9_Any_dataS3_
                0x000076c8       0x24 C:\Users\Jake\workspace\libsccc\lib\libsccc-d-handtech-d10dev.a(sys_tick_timer-d-handtech-d10dev.o)
                0x000076c8                std::_Function_handler<void (libbase::k60::SysTick*), std::_Bind<std::_Mem_fn<void (libsc::SysTickTimer::*)(libbase::k60::SysTick*)> (libsc::SysTickTimer*, std::_Placeholder<1>)> >::_M_invoke(std::_Any_data const&, libbase::k60::SysTick*)
 *fill*         0x000076ec        0x4 
 .text._ZN5libsc12SysTickTimerC2Ev
                0x000076f0       0xe8 C:\Users\Jake\workspace\libsccc\lib\libsccc-d-handtech-d10dev.a(sys_tick_timer-d-handtech-d10dev.o)
                0x000076f0                libsc::SysTickTimer::SysTickTimer()
                0x000076f0                libsc::SysTickTimer::SysTickTimer()
 .text._ZN7libbase3k6010ClockUtils15GetCoreClockKhzEv
                0x000077d8       0x68 C:\Users\Jake\workspace\libsccc\lib\libsccc-d-handtech-d10dev.a(clock_utils-d-handtech-d10dev.o)
                0x000077d8                libbase::k60::ClockUtils::GetCoreClockKhz()
 .text._ZN7libbase3k6010ClockUtils15GetCoreClockMhzEv
                0x00007840       0x68 C:\Users\Jake\workspace\libsccc\lib\libsccc-d-handtech-d10dev.a(clock_utils-d-handtech-d10dev.o)
                0x00007840                libbase::k60::ClockUtils::GetCoreClockMhz()
 .text._ZN7libbase3k607SysTick10IrqHandlerEv
                0x000078a8       0x54 C:\Users\Jake\workspace\libsccc\lib\libsccc-d-handtech-d10dev.a(sys_tick-d-handtech-d10dev.o)
                0x000078a8                libbase::k60::SysTick::IrqHandler()
 .text._ZN7libbase3k607SysTick6SetIsrERKSt8functionIFvPS1_EE
                0x000078fc       0x94 C:\Users\Jake\workspace\libsccc\lib\libsccc-d-handtech-d10dev.a(sys_tick-d-handtech-d10dev.o)
                0x000078fc                libbase::k60::SysTick::SetIsr(std::function<void (libbase::k60::SysTick*)> const&)
 .text._ZN7libbase3k607SysTick9SetEnableEb
                0x00007990       0x2c C:\Users\Jake\workspace\libsccc\lib\libsccc-d-handtech-d10dev.a(sys_tick-d-handtech-d10dev.o)
                0x00007990                libbase::k60::SysTick::SetEnable(bool)
 .text._ZN7libbase3k607SysTick6UninitEv.part.4
                0x000079bc       0x34 C:\Users\Jake\workspace\libsccc\lib\libsccc-d-handtech-d10dev.a(sys_tick-d-handtech-d10dev.o)
 .text._ZN7libbase3k607SysTickD2Ev
                0x000079f0       0x20 C:\Users\Jake\workspace\libsccc\lib\libsccc-d-handtech-d10dev.a(sys_tick-d-handtech-d10dev.o)
                0x000079f0                libbase::k60::SysTick::~SysTick()
                0x000079f0                libbase::k60::SysTick::~SysTick()
 .text._ZN7libbase3k607SysTick8SetCountEm
                0x00007a10       0x44 C:\Users\Jake\workspace\libsccc\lib\libsccc-d-handtech-d10dev.a(sys_tick-d-handtech-d10dev.o)
                0x00007a10                libbase::k60::SysTick::SetCount(unsigned long)
 .text._ZN7libbase3k607SysTickC2ERKNS1_6ConfigE
                0x00007a54       0x74 C:\Users\Jake\workspace\libsccc\lib\libsccc-d-handtech-d10dev.a(sys_tick-d-handtech-d10dev.o)
                0x00007a54                libbase::k60::SysTick::SysTick(libbase::k60::SysTick::Config const&)
                0x00007a54                libbase::k60::SysTick::SysTick(libbase::k60::SysTick::Config const&)
 .text._Znwj    0x00007ac8       0x28 c:/program files (x86)/gnu tools arm embedded/4.8 2014q3/bin/../lib/gcc/arm-none-eabi/4.8.4/../../../../arm-none-eabi/lib/armv7e-m\libstdc++_s.a(new_op.o)
                0x00007ac8                operator new(unsigned int)
 .text._ZdlPv   0x00007af0        0x8 c:/program files (x86)/gnu tools arm embedded/4.8 2014q3/bin/../lib/gcc/arm-none-eabi/4.8.4/../../../../arm-none-eabi/lib/armv7e-m\libstdc++_s.a(del_op.o)
                0x00007af0                operator delete(void*)
 .text.__cxa_guard_acquire
                0x00007af8       0x1c c:/program files (x86)/gnu tools arm embedded/4.8 2014q3/bin/../lib/gcc/arm-none-eabi/4.8.4/../../../../arm-none-eabi/lib/armv7e-m\libstdc++_s.a(guard.o)
                0x00007af8                __cxa_guard_acquire
 .text.__cxa_guard_release
                0x00007b14        0x6 c:/program files (x86)/gnu tools arm embedded/4.8 2014q3/bin/../lib/gcc/arm-none-eabi/4.8.4/../../../../arm-none-eabi/lib/armv7e-m\libstdc++_s.a(guard.o)
                0x00007b14                __cxa_guard_release
 *fill*         0x00007b1a        0x2 
 .text.__cxa_pure_virtual
                0x00007b1c       0x14 c:/program files (x86)/gnu tools arm embedded/4.8 2014q3/bin/../lib/gcc/arm-none-eabi/4.8.4/../../../../arm-none-eabi/lib/armv7e-m\libstdc++_s.a(pure.o)
                0x00007b1c                __cxa_pure_virtual
 .text._ZN10__cxxabiv111__terminateEPFvvE
                0x00007b30        0x8 c:/program files (x86)/gnu tools arm embedded/4.8 2014q3/bin/../lib/gcc/arm-none-eabi/4.8.4/../../../../arm-none-eabi/lib/armv7e-m\libstdc++_s.a(eh_terminate.o)
                0x00007b30                __cxxabiv1::__terminate(void (*)())
 .text._ZSt9terminatev
                0x00007b38       0x10 c:/program files (x86)/gnu tools arm embedded/4.8 2014q3/bin/../lib/gcc/arm-none-eabi/4.8.4/../../../../arm-none-eabi/lib/armv7e-m\libstdc++_s.a(eh_terminate.o)
                0x00007b38                std::terminate()
 .text._ZN9__gnu_cxx27__verbose_terminate_handlerEv
                0x00007b48       0x98 c:/program files (x86)/gnu tools arm embedded/4.8 2014q3/bin/../lib/gcc/arm-none-eabi/4.8.4/../../../../arm-none-eabi/lib/armv7e-m\libstdc++_s.a(vterminate.o)
                0x00007b48                __gnu_cxx::__verbose_terminate_handler()
 .text.__cxa_current_exception_type
                0x00007be0       0x1a c:/program files (x86)/gnu tools arm embedded/4.8 2014q3/bin/../lib/gcc/arm-none-eabi/4.8.4/../../../../arm-none-eabi/lib/armv7e-m\libstdc++_s.a(eh_type.o)
                0x00007be0                __cxa_current_exception_type
 *fill*         0x00007bfa        0x2 
 .text.__cxa_get_globals
                0x00007bfc        0x8 c:/program files (x86)/gnu tools arm embedded/4.8 2014q3/bin/../lib/gcc/arm-none-eabi/4.8.4/../../../../arm-none-eabi/lib/armv7e-m\libstdc++_s.a(eh_globals.o)
                0x00007bfc                __cxa_get_globals
 .text.abort    0x00007c04        0xe c:/program files (x86)/gnu tools arm embedded/4.8 2014q3/bin/../lib/gcc/arm-none-eabi/4.8.4/../../../../arm-none-eabi/lib/armv7e-m\libc_s.a(lib_a-abort.o)
                0x00007c04                abort
 *fill*         0x00007c12        0x2 
 .text._fputs_r
                0x00007c14       0xa8 c:/program files (x86)/gnu tools arm embedded/4.8 2014q3/bin/../lib/gcc/arm-none-eabi/4.8.4/../../../../arm-none-eabi/lib/armv7e-m\libc_s.a(lib_a-fputs.o)
                0x00007c14                _fputs_r
 .text.fputs    0x00007cbc       0x14 c:/program files (x86)/gnu tools arm embedded/4.8 2014q3/bin/../lib/gcc/arm-none-eabi/4.8.4/../../../../arm-none-eabi/lib/armv7e-m\libc_s.a(lib_a-fputs.o)
                0x00007cbc                fputs
 .text.__libc_init_array
                0x00007cd0       0x4c c:/program files (x86)/gnu tools arm embedded/4.8 2014q3/bin/../lib/gcc/arm-none-eabi/4.8.4/../../../../arm-none-eabi/lib/armv7e-m\libc_s.a(lib_a-init.o)
                0x00007cd0                __libc_init_array
 .text.malloc   0x00007d1c       0x10 c:/program files (x86)/gnu tools arm embedded/4.8 2014q3/bin/../lib/gcc/arm-none-eabi/4.8.4/../../../../arm-none-eabi/lib/armv7e-m\libc_s.a(lib_a-malloc.o)
                0x00007d1c                malloc
 .text.free     0x00007d2c       0x10 c:/program files (x86)/gnu tools arm embedded/4.8 2014q3/bin/../lib/gcc/arm-none-eabi/4.8.4/../../../../arm-none-eabi/lib/armv7e-m\libc_s.a(lib_a-malloc.o)
                0x00007d2c                free
 .text.memchr   0x00007d3c       0x1e c:/program files (x86)/gnu tools arm embedded/4.8 2014q3/bin/../lib/gcc/arm-none-eabi/4.8.4/../../../../arm-none-eabi/lib/armv7e-m\libc_s.a(lib_a-memchr-stub.o)
                0x00007d3c                memchr
 .text.memcmp   0x00007d5a       0x1e c:/program files (x86)/gnu tools arm embedded/4.8 2014q3/bin/../lib/gcc/arm-none-eabi/4.8.4/../../../../arm-none-eabi/lib/armv7e-m\libc_s.a(lib_a-memcmp.o)
                0x00007d5a                memcmp
 .text.memcpy   0x00007d78       0x12 c:/program files (x86)/gnu tools arm embedded/4.8 2014q3/bin/../lib/gcc/arm-none-eabi/4.8.4/../../../../arm-none-eabi/lib/armv7e-m\libc_s.a(lib_a-memcpy-stub.o)
                0x00007d78                memcpy
 .text.memmove  0x00007d8a       0x36 c:/program files (x86)/gnu tools arm embedded/4.8 2014q3/bin/../lib/gcc/arm-none-eabi/4.8.4/../../../../arm-none-eabi/lib/armv7e-m\libc_s.a(lib_a-memmove.o)
                0x00007d8a                memmove
 .text.memset   0x00007dc0       0x10 c:/program files (x86)/gnu tools arm embedded/4.8 2014q3/bin/../lib/gcc/arm-none-eabi/4.8.4/../../../../arm-none-eabi/lib/armv7e-m\libc_s.a(lib_a-memset.o)
                0x00007dc0                memset
 .text._free_r  0x00007dd0       0x88 c:/program files (x86)/gnu tools arm embedded/4.8 2014q3/bin/../lib/gcc/arm-none-eabi/4.8.4/../../../../arm-none-eabi/lib/armv7e-m\libc_s.a(lib_a-nano-freer.o)
                0x00007dd0                _free_r
 .text._malloc_r
                0x00007e58       0xa8 c:/program files (x86)/gnu tools arm embedded/4.8 2014q3/bin/../lib/gcc/arm-none-eabi/4.8.4/../../../../arm-none-eabi/lib/armv7e-m\libc_s.a(lib_a-nano-mallocr.o)
                0x00007e58                _malloc_r
 .text.printf   0x00007f00       0x30 c:/program files (x86)/gnu tools arm embedded/4.8 2014q3/bin/../lib/gcc/arm-none-eabi/4.8.4/../../../../arm-none-eabi/lib/armv7e-m\libc_s.a(lib_a-printf.o)
                0x00007f00                iprintf
                0x00007f00                printf
 .text.realloc  0x00007f30       0x14 c:/program files (x86)/gnu tools arm embedded/4.8 2014q3/bin/../lib/gcc/arm-none-eabi/4.8.4/../../../../arm-none-eabi/lib/armv7e-m\libc_s.a(lib_a-realloc.o)
                0x00007f30                realloc
 .text._sbrk_r  0x00007f44       0x20 c:/program files (x86)/gnu tools arm embedded/4.8 2014q3/bin/../lib/gcc/arm-none-eabi/4.8.4/../../../../arm-none-eabi/lib/armv7e-m\libc_s.a(lib_a-sbrkr.o)
                0x00007f44                _sbrk_r
 .text._raise_r
                0x00007f64       0x50 c:/program files (x86)/gnu tools arm embedded/4.8 2014q3/bin/../lib/gcc/arm-none-eabi/4.8.4/../../../../arm-none-eabi/lib/armv7e-m\libc_s.a(lib_a-signal.o)
                0x00007f64                _raise_r
 .text.raise    0x00007fb4       0x10 c:/program files (x86)/gnu tools arm embedded/4.8 2014q3/bin/../lib/gcc/arm-none-eabi/4.8.4/../../../../arm-none-eabi/lib/armv7e-m\libc_s.a(lib_a-signal.o)
                0x00007fb4                raise
 .text._kill_r  0x00007fc4       0x24 c:/program files (x86)/gnu tools arm embedded/4.8 2014q3/bin/../lib/gcc/arm-none-eabi/4.8.4/../../../../arm-none-eabi/lib/armv7e-m\libc_s.a(lib_a-signalr.o)
                0x00007fc4                _kill_r
 .text._getpid_r
                0x00007fe8        0x4 c:/program files (x86)/gnu tools arm embedded/4.8 2014q3/bin/../lib/gcc/arm-none-eabi/4.8.4/../../../../arm-none-eabi/lib/armv7e-m\libc_s.a(lib_a-signalr.o)
                0x00007fe8                _getpid_r
 .text.sprintf  0x00007fec       0x48 c:/program files (x86)/gnu tools arm embedded/4.8 2014q3/bin/../lib/gcc/arm-none-eabi/4.8.4/../../../../arm-none-eabi/lib/armv7e-m\libc_s.a(lib_a-sprintf.o)
                0x00007fec                siprintf
                0x00007fec                sprintf
 .text.strlen   0x00008034       0x10 c:/program files (x86)/gnu tools arm embedded/4.8 2014q3/bin/../lib/gcc/arm-none-eabi/4.8.4/../../../../arm-none-eabi/lib/armv7e-m\libc_s.a(lib_a-strlen.o)
                0x00008034                strlen
 .text.strncmp  0x00008044       0x2e c:/program files (x86)/gnu tools arm embedded/4.8 2014q3/bin/../lib/gcc/arm-none-eabi/4.8.4/../../../../arm-none-eabi/lib/armv7e-m\libc_s.a(lib_a-strncmp.o)
                0x00008044                strncmp
 .text.__ssputs_r
                0x00008072       0xb8 c:/program files (x86)/gnu tools arm embedded/4.8 2014q3/bin/../lib/gcc/arm-none-eabi/4.8.4/../../../../arm-none-eabi/lib/armv7e-m\libc_s.a(lib_a-svfprintf.o)
                0x00008072                __ssputs_r
 *fill*         0x0000812a        0x2 
 .text._svfprintf_r
                0x0000812c      0x1dc c:/program files (x86)/gnu tools arm embedded/4.8 2014q3/bin/../lib/gcc/arm-none-eabi/4.8.4/../../../../arm-none-eabi/lib/armv7e-m\libc_s.a(lib_a-svfprintf.o)
                0x0000812c                _svfiprintf_r
                0x0000812c                _svfprintf_r
 .text.write    0x00008308       0x1c c:/program files (x86)/gnu tools arm embedded/4.8 2014q3/bin/../lib/gcc/arm-none-eabi/4.8.4/../../../../arm-none-eabi/lib/armv7e-m\libc_s.a(lib_a-syswrite.o)
                0x00008308                write
 .text.__sfputc_r
                0x00008324       0x2c c:/program files (x86)/gnu tools arm embedded/4.8 2014q3/bin/../lib/gcc/arm-none-eabi/4.8.4/../../../../arm-none-eabi/lib/armv7e-m\libc_s.a(lib_a-vfprintf.o)
 .text.__sfputs_r
                0x00008350       0x24 c:/program files (x86)/gnu tools arm embedded/4.8 2014q3/bin/../lib/gcc/arm-none-eabi/4.8.4/../../../../arm-none-eabi/lib/armv7e-m\libc_s.a(lib_a-vfprintf.o)
                0x00008350                __sfputs_r
 .text._vfprintf_r
                0x00008374      0x208 c:/program files (x86)/gnu tools arm embedded/4.8 2014q3/bin/../lib/gcc/arm-none-eabi/4.8.4/../../../../arm-none-eabi/lib/armv7e-m\libc_s.a(lib_a-vfprintf.o)
                0x00008374                _vfprintf_r
                0x00008374                _vfiprintf_r
 .text.__cvt    0x0000857c       0xc0 c:/program files (x86)/gnu tools arm embedded/4.8 2014q3/bin/../lib/gcc/arm-none-eabi/4.8.4/../../../../arm-none-eabi/lib/armv7e-m\libc_s.a(lib_a-vfprintf_float.o)
                0x0000857c                __cvt
 .text.__exponent
                0x0000863c       0x66 c:/program files (x86)/gnu tools arm embedded/4.8 2014q3/bin/../lib/gcc/arm-none-eabi/4.8.4/../../../../arm-none-eabi/lib/armv7e-m\libc_s.a(lib_a-vfprintf_float.o)
                0x0000863c                __exponent
 *fill*         0x000086a2        0x2 
 .text._printf_float
                0x000086a4      0x41c c:/program files (x86)/gnu tools arm embedded/4.8 2014q3/bin/../lib/gcc/arm-none-eabi/4.8.4/../../../../arm-none-eabi/lib/armv7e-m\libc_s.a(lib_a-vfprintf_float.o)
                0x000086a4                _printf_float
 .text._printf_common
                0x00008ac0       0xe4 c:/program files (x86)/gnu tools arm embedded/4.8 2014q3/bin/../lib/gcc/arm-none-eabi/4.8.4/../../../../arm-none-eabi/lib/armv7e-m\libc_s.a(lib_a-vfprintf_i.o)
                0x00008ac0                _printf_common
 .text._printf_i
                0x00008ba4      0x228 c:/program files (x86)/gnu tools arm embedded/4.8 2014q3/bin/../lib/gcc/arm-none-eabi/4.8.4/../../../../arm-none-eabi/lib/armv7e-m\libc_s.a(lib_a-vfprintf_i.o)
                0x00008ba4                _printf_i
 .text.__swbuf_r
                0x00008dcc       0xa8 c:/program files (x86)/gnu tools arm embedded/4.8 2014q3/bin/../lib/gcc/arm-none-eabi/4.8.4/../../../../arm-none-eabi/lib/armv7e-m\libc_s.a(lib_a-wbuf.o)
                0x00008dcc                __swbuf_r
 .text._write_r
                0x00008e74       0x24 c:/program files (x86)/gnu tools arm embedded/4.8 2014q3/bin/../lib/gcc/arm-none-eabi/4.8.4/../../../../arm-none-eabi/lib/armv7e-m\libc_s.a(lib_a-writer.o)
                0x00008e74                _write_r
 .text.__swsetup_r
                0x00008e98       0xdc c:/program files (x86)/gnu tools arm embedded/4.8 2014q3/bin/../lib/gcc/arm-none-eabi/4.8.4/../../../../arm-none-eabi/lib/armv7e-m\libc_s.a(lib_a-wsetup.o)
                0x00008e98                __swsetup_r
 .text.quorem   0x00008f74      0x11a c:/program files (x86)/gnu tools arm embedded/4.8 2014q3/bin/../lib/gcc/arm-none-eabi/4.8.4/../../../../arm-none-eabi/lib/armv7e-m\libc_s.a(lib_a-dtoa.o)
 *fill*         0x0000908e        0x2 
 .text._dtoa_r  0x00009090      0xb80 c:/program files (x86)/gnu tools arm embedded/4.8 2014q3/bin/../lib/gcc/arm-none-eabi/4.8.4/../../../../arm-none-eabi/lib/armv7e-m\libc_s.a(lib_a-dtoa.o)
                0x00009090                _dtoa_r
 .text.__sflush_r
                0x00009c10      0x106 c:/program files (x86)/gnu tools arm embedded/4.8 2014q3/bin/../lib/gcc/arm-none-eabi/4.8.4/../../../../arm-none-eabi/lib/armv7e-m\libc_s.a(lib_a-fflush.o)
                0x00009c10                __sflush_r
 *fill*         0x00009d16        0x2 
 .text._fflush_r
                0x00009d18       0x54 c:/program files (x86)/gnu tools arm embedded/4.8 2014q3/bin/../lib/gcc/arm-none-eabi/4.8.4/../../../../arm-none-eabi/lib/armv7e-m\libc_s.a(lib_a-fflush.o)
                0x00009d18                _fflush_r
 .text._cleanup_r
                0x00009d6c       0x32 c:/program files (x86)/gnu tools arm embedded/4.8 2014q3/bin/../lib/gcc/arm-none-eabi/4.8.4/../../../../arm-none-eabi/lib/armv7e-m\libc_s.a(lib_a-findfp.o)
                0x00009d6c                _cleanup_r
 *fill*         0x00009d9e        0x2 
 .text.std.isra.0
                0x00009da0       0x48 c:/program files (x86)/gnu tools arm embedded/4.8 2014q3/bin/../lib/gcc/arm-none-eabi/4.8.4/../../../../arm-none-eabi/lib/armv7e-m\libc_s.a(lib_a-findfp.o)
 .text.__sfmoreglue
                0x00009de8       0x2c c:/program files (x86)/gnu tools arm embedded/4.8 2014q3/bin/../lib/gcc/arm-none-eabi/4.8.4/../../../../arm-none-eabi/lib/armv7e-m\libc_s.a(lib_a-findfp.o)
                0x00009de8                __sfmoreglue
 .text.__sinit  0x00009e14       0x60 c:/program files (x86)/gnu tools arm embedded/4.8 2014q3/bin/../lib/gcc/arm-none-eabi/4.8.4/../../../../arm-none-eabi/lib/armv7e-m\libc_s.a(lib_a-findfp.o)
                0x00009e14                __sinit
 .text.__sfp    0x00009e74       0x74 c:/program files (x86)/gnu tools arm embedded/4.8 2014q3/bin/../lib/gcc/arm-none-eabi/4.8.4/../../../../arm-none-eabi/lib/armv7e-m\libc_s.a(lib_a-findfp.o)
                0x00009e74                __sfp
 .text._localeconv_r
                0x00009ee8        0x8 c:/program files (x86)/gnu tools arm embedded/4.8 2014q3/bin/../lib/gcc/arm-none-eabi/4.8.4/../../../../arm-none-eabi/lib/armv7e-m\libc_s.a(lib_a-locale.o)
                0x00009ee8                _localeconv_r
 .text.__smakebuf_r
                0x00009ef0       0x9c c:/program files (x86)/gnu tools arm embedded/4.8 2014q3/bin/../lib/gcc/arm-none-eabi/4.8.4/../../../../arm-none-eabi/lib/armv7e-m\libc_s.a(lib_a-makebuf.o)
                0x00009ef0                __smakebuf_r
 .text._Balloc  0x00009f8c       0x6a c:/program files (x86)/gnu tools arm embedded/4.8 2014q3/bin/../lib/gcc/arm-none-eabi/4.8.4/../../../../arm-none-eabi/lib/armv7e-m\libc_s.a(lib_a-mprec.o)
                0x00009f8c                _Balloc
 .text._Bfree   0x00009ff6       0x2e c:/program files (x86)/gnu tools arm embedded/4.8 2014q3/bin/../lib/gcc/arm-none-eabi/4.8.4/../../../../arm-none-eabi/lib/armv7e-m\libc_s.a(lib_a-mprec.o)
                0x00009ff6                _Bfree
 .text.__multadd
                0x0000a024       0x74 c:/program files (x86)/gnu tools arm embedded/4.8 2014q3/bin/../lib/gcc/arm-none-eabi/4.8.4/../../../../arm-none-eabi/lib/armv7e-m\libc_s.a(lib_a-mprec.o)
                0x0000a024                __multadd
 .text.__hi0bits
                0x0000a098       0x40 c:/program files (x86)/gnu tools arm embedded/4.8 2014q3/bin/../lib/gcc/arm-none-eabi/4.8.4/../../../../arm-none-eabi/lib/armv7e-m\libc_s.a(lib_a-mprec.o)
                0x0000a098                __hi0bits
 .text.__lo0bits
                0x0000a0d8       0x5a c:/program files (x86)/gnu tools arm embedded/4.8 2014q3/bin/../lib/gcc/arm-none-eabi/4.8.4/../../../../arm-none-eabi/lib/armv7e-m\libc_s.a(lib_a-mprec.o)
                0x0000a0d8                __lo0bits
 .text.__i2b    0x0000a132       0x12 c:/program files (x86)/gnu tools arm embedded/4.8 2014q3/bin/../lib/gcc/arm-none-eabi/4.8.4/../../../../arm-none-eabi/lib/armv7e-m\libc_s.a(lib_a-mprec.o)
                0x0000a132                __i2b
 .text.__multiply
                0x0000a144      0x130 c:/program files (x86)/gnu tools arm embedded/4.8 2014q3/bin/../lib/gcc/arm-none-eabi/4.8.4/../../../../arm-none-eabi/lib/armv7e-m\libc_s.a(lib_a-mprec.o)
                0x0000a144                __multiply
 .text.__pow5mult
                0x0000a274       0x9c c:/program files (x86)/gnu tools arm embedded/4.8 2014q3/bin/../lib/gcc/arm-none-eabi/4.8.4/../../../../arm-none-eabi/lib/armv7e-m\libc_s.a(lib_a-mprec.o)
                0x0000a274                __pow5mult
 .text.__lshift
                0x0000a310       0xa6 c:/program files (x86)/gnu tools arm embedded/4.8 2014q3/bin/../lib/gcc/arm-none-eabi/4.8.4/../../../../arm-none-eabi/lib/armv7e-m\libc_s.a(lib_a-mprec.o)
                0x0000a310                __lshift
 .text.__mcmp   0x0000a3b6       0x3a c:/program files (x86)/gnu tools arm embedded/4.8 2014q3/bin/../lib/gcc/arm-none-eabi/4.8.4/../../../../arm-none-eabi/lib/armv7e-m\libc_s.a(lib_a-mprec.o)
                0x0000a3b6                __mcmp
 .text.__mdiff  0x0000a3f0       0xbc c:/program files (x86)/gnu tools arm embedded/4.8 2014q3/bin/../lib/gcc/arm-none-eabi/4.8.4/../../../../arm-none-eabi/lib/armv7e-m\libc_s.a(lib_a-mprec.o)
                0x0000a3f0                __mdiff
 .text.__d2b    0x0000a4ac       0xa4 c:/program files (x86)/gnu tools arm embedded/4.8 2014q3/bin/../lib/gcc/arm-none-eabi/4.8.4/../../../../arm-none-eabi/lib/armv7e-m\libc_s.a(lib_a-mprec.o)
                0x0000a4ac                __d2b
 .text._calloc_r
                0x0000a550       0x1c c:/program files (x86)/gnu tools arm embedded/4.8 2014q3/bin/../lib/gcc/arm-none-eabi/4.8.4/../../../../arm-none-eabi/lib/armv7e-m\libc_s.a(lib_a-nano-callocr.o)
                0x0000a550                _calloc_r
 .text._realloc_r
                0x0000a56c       0x4c c:/program files (x86)/gnu tools arm embedded/4.8 2014q3/bin/../lib/gcc/arm-none-eabi/4.8.4/../../../../arm-none-eabi/lib/armv7e-m\libc_s.a(lib_a-nano-reallocr.o)
                0x0000a56c                _realloc_r
 .text.__fpclassifyd
                0x0000a5b8       0x44 c:/program files (x86)/gnu tools arm embedded/4.8 2014q3/bin/../lib/gcc/arm-none-eabi/4.8.4/../../../../arm-none-eabi/lib/armv7e-m\libc_s.a(lib_a-s_fpclassify.o)
                0x0000a5b8                __fpclassifyd
 .text.__sread  0x0000a5fc       0x22 c:/program files (x86)/gnu tools arm embedded/4.8 2014q3/bin/../lib/gcc/arm-none-eabi/4.8.4/../../../../arm-none-eabi/lib/armv7e-m\libc_s.a(lib_a-stdio.o)
                0x0000a5fc                __sread
 .text.__swrite
                0x0000a61e       0x38 c:/program files (x86)/gnu tools arm embedded/4.8 2014q3/bin/../lib/gcc/arm-none-eabi/4.8.4/../../../../arm-none-eabi/lib/armv7e-m\libc_s.a(lib_a-stdio.o)
                0x0000a61e                __swrite
 .text.__sseek  0x0000a656       0x24 c:/program files (x86)/gnu tools arm embedded/4.8 2014q3/bin/../lib/gcc/arm-none-eabi/4.8.4/../../../../arm-none-eabi/lib/armv7e-m\libc_s.a(lib_a-stdio.o)
                0x0000a656                __sseek
 .text.__sclose
                0x0000a67a        0x8 c:/program files (x86)/gnu tools arm embedded/4.8 2014q3/bin/../lib/gcc/arm-none-eabi/4.8.4/../../../../arm-none-eabi/lib/armv7e-m\libc_s.a(lib_a-stdio.o)
                0x0000a67a                __sclose
 *fill*         0x0000a682        0x2 
 .text._close_r
                0x0000a684       0x20 c:/program files (x86)/gnu tools arm embedded/4.8 2014q3/bin/../lib/gcc/arm-none-eabi/4.8.4/../../../../arm-none-eabi/lib/armv7e-m\libc_s.a(lib_a-closer.o)
                0x0000a684                _close_r
 .text._fstat_r
                0x0000a6a4       0x24 c:/program files (x86)/gnu tools arm embedded/4.8 2014q3/bin/../lib/gcc/arm-none-eabi/4.8.4/../../../../arm-none-eabi/lib/armv7e-m\libc_s.a(lib_a-fstatr.o)
                0x0000a6a4                _fstat_r
 .text._isatty_r
                0x0000a6c8       0x20 c:/program files (x86)/gnu tools arm embedded/4.8 2014q3/bin/../lib/gcc/arm-none-eabi/4.8.4/../../../../arm-none-eabi/lib/armv7e-m\libc_s.a(lib_a-isattyr.o)
                0x0000a6c8                _isatty_r
 .text._lseek_r
                0x0000a6e8       0x24 c:/program files (x86)/gnu tools arm embedded/4.8 2014q3/bin/../lib/gcc/arm-none-eabi/4.8.4/../../../../arm-none-eabi/lib/armv7e-m\libc_s.a(lib_a-lseekr.o)
                0x0000a6e8                _lseek_r
 .text._malloc_usable_size_r
                0x0000a70c       0x12 c:/program files (x86)/gnu tools arm embedded/4.8 2014q3/bin/../lib/gcc/arm-none-eabi/4.8.4/../../../../arm-none-eabi/lib/armv7e-m\libc_s.a(lib_a-nano-msizer.o)
                0x0000a70c                _malloc_usable_size_r
 *fill*         0x0000a71e        0x2 
 .text._read_r  0x0000a720       0x24 c:/program files (x86)/gnu tools arm embedded/4.8 2014q3/bin/../lib/gcc/arm-none-eabi/4.8.4/../../../../arm-none-eabi/lib/armv7e-m\libc_s.a(lib_a-readr.o)
                0x0000a720                _read_r
 *(.rodata)
 .rodata        0x0000a744      0x738 c:/program files (x86)/gnu tools arm embedded/4.8 2014q3/bin/../lib/gcc/arm-none-eabi/4.8.4/../../../../arm-none-eabi/lib/armv7e-m\libstdc++_s.a(cp-demangle.o)
 *(.rodata*)
 .rodata._ZN7libbase3k6012_GLOBAL__N_1L8MEM_MAPSE
                0x0000ae7c       0x14 C:\Users\Jake\workspace\libsccc\lib\libsccc-d-handtech-d10dev.a(gpio-d-handtech-d10dev.o)
 .rodata.str1.4
                0x0000ae90       0x7d C:\Users\Jake\workspace\libsccc\lib\libsccc-d-handtech-d10dev.a(gpio-d-handtech-d10dev.o)
                                 0x80 (size before relaxing)
 *fill*         0x0000af0d        0x3 
 .rodata.str1.4
                0x0000af10       0x82 C:\Users\Jake\workspace\libsccc\lib\libsccc-d-handtech-d10dev.a(mcg-d-handtech-d10dev.o)
                                 0x84 (size before relaxing)
 *fill*         0x0000af92        0x2 
 .rodata._ZZN7libbase3k603Mcg10InitClocksERKNS1_6ConfigEmE19__PRETTY_FUNCTION__
                0x0000af94       0x50 C:\Users\Jake\workspace\libsccc\lib\libsccc-d-handtech-d10dev.a(mcg-d-handtech-d10dev.o)
 .rodata._ZN7libbase3k6012_GLOBAL__N_1L8MEM_MAPSE
                0x0000afe4       0x14 C:\Users\Jake\workspace\libsccc\lib\libsccc-d-handtech-d10dev.a(pin-d-handtech-d10dev.o)
 .rodata.str1.4
                0x0000aff8       0x3c C:\Users\Jake\workspace\libsccc\lib\libsccc-d-handtech-d10dev.a(pin-d-handtech-d10dev.o)
 .rodata._ZZN7libbase3k603PinC1ERKNS1_6ConfigEE19__PRETTY_FUNCTION__
                0x0000b034       0x3c C:\Users\Jake\workspace\libsccc\lib\libsccc-d-handtech-d10dev.a(pin-d-handtech-d10dev.o)
 .rodata._ZZN7libbase3k603Sim18SetEnableClockGateENS1_9ClockGateEbE19__PRETTY_FUNCTION__
                0x0000b070       0x58 C:\Users\Jake\workspace\libsccc\lib\libsccc-d-handtech-d10dev.a(sim-d-handtech-d10dev.o)
 .rodata.str1.4
                0x0000b0c8       0x25 C:\Users\Jake\workspace\libsccc\lib\libsccc-d-handtech-d10dev.a(sim-d-handtech-d10dev.o)
                                 0x30 (size before relaxing)
 *fill*         0x0000b0ed        0x3 
 .rodata.str1.4
                0x0000b0f0       0x38 C:\Users\Jake\workspace\libsccc\lib\libsccc-d-handtech-d10dev.a(watchdog-d-handtech-d10dev.o)
 .rodata._ZZN7libbase3k608Watchdog14InitTimeOutRegERKNS1_6ConfigEE19__PRETTY_FUNCTION__
                0x0000b128       0x5c C:\Users\Jake\workspace\libsccc\lib\libsccc-d-handtech-d10dev.a(watchdog-d-handtech-d10dev.o)
 *fill*         0x0000b184        0x4 
 .rodata._ZTVN5libsc5DelayE
                0x0000b188       0x20 C:\Users\Jake\workspace\libsccc\lib\libsccc-d-handtech-d10dev.a(system-d-handtech-d10dev.o)
                0x0000b188                vtable for libsc::Delay
 .rodata._ZTVN5libsc3k608DwtDelayE
                0x0000b1a8       0x20 C:\Users\Jake\workspace\libsccc\lib\libsccc-d-handtech-d10dev.a(system-d-handtech-d10dev.o)
                0x0000b1a8                vtable for libsc::k60::DwtDelay
 .rodata._ZZN5libsc6System7DelayMsEtE19__PRETTY_FUNCTION__
                0x0000b1c8       0x30 C:\Users\Jake\workspace\libsccc\lib\libsccc-d-handtech-d10dev.a(system-d-handtech-d10dev.o)
 .rodata._ZZN5libsc6System4TimeEvE19__PRETTY_FUNCTION__
                0x0000b1f8       0x34 C:\Users\Jake\workspace\libsccc\lib\libsccc-d-handtech-d10dev.a(system-d-handtech-d10dev.o)
 .rodata.str1.4
                0x0000b22c       0x27 C:\Users\Jake\workspace\libsccc\lib\libsccc-d-handtech-d10dev.a(system-d-handtech-d10dev.o)
                                 0x28 (size before relaxing)
 *fill*         0x0000b253        0x1 
 .rodata._ZZN7libbase3k6014Mk60d10Lqfp1447RegPin_EjE19__PRETTY_FUNCTION__
                0x0000b254       0x34 C:\Users\Jake\workspace\libsccc\lib\libsccc-d-handtech-d10dev.a(mk60d10_lqfp144-d-handtech-d10dev.o)
 .rodata.str1.4
                0x0000b288       0x47 C:\Users\Jake\workspace\libsccc\lib\libsccc-d-handtech-d10dev.a(mk60d10_lqfp144-d-handtech-d10dev.o)
                                 0x50 (size before relaxing)
 *fill*         0x0000b2cf        0x1 
 .rodata._ZZN7libbase3k6012_GLOBAL__N_18GetPinIdENS0_3Pin4NameEE19__PRETTY_FUNCTION__
                0x0000b2d0       0x44 C:\Users\Jake\workspace\libsccc\lib\libsccc-d-handtech-d10dev.a(mk60d10_lqfp144-d-handtech-d10dev.o)
 .rodata.str1.4
                0x0000b314       0x2a C:\Users\Jake\workspace\libsccc\lib\libsccc-d-handtech-d10dev.a(assert-d-handtech-d10dev.o)
                                 0x2c (size before relaxing)
 *fill*         0x0000b33e        0x2 
 .rodata.__func__.4512
                0x0000b340        0x8 C:\Users\Jake\workspace\libsccc\lib\libsccc-d-handtech-d10dev.a(syscall-d-handtech-d10dev.o)
 .rodata.str1.4
                0x0000b348       0x1a C:\Users\Jake\workspace\libsccc\lib\libsccc-d-handtech-d10dev.a(syscall-d-handtech-d10dev.o)
                                 0x20 (size before relaxing)
 *fill*         0x0000b362        0x2 
 .rodata.__func__.7178
                0x0000b364       0x10 C:\Users\Jake\workspace\libsccc\lib\libsccc-d-handtech-d10dev.a(vectors-d-handtech-d10dev.o)
 .rodata.str1.4
                0x0000b374       0x6d C:\Users\Jake\workspace\libsccc\lib\libsccc-d-handtech-d10dev.a(vectors-d-handtech-d10dev.o)
                                 0x70 (size before relaxing)
 *fill*         0x0000b3e1        0x3 
 .rodata.str1.4
                0x0000b3e4       0x18 C:\Users\Jake\workspace\libsccc\lib\libsccc-d-handtech-d10dev.a(dwt-d-handtech-d10dev.o)
                                 0x20 (size before relaxing)
 .rodata._ZZN7libbase3k603Dwt7DelayUsEtE19__PRETTY_FUNCTION__
                0x0000b3fc       0x34 C:\Users\Jake\workspace\libsccc\lib\libsccc-d-handtech-d10dev.a(dwt-d-handtech-d10dev.o)
 .rodata._ZTVN5libsc5TimerE
                0x0000b430       0x18 C:\Users\Jake\workspace\libsccc\lib\libsccc-d-handtech-d10dev.a(sys_tick_timer-d-handtech-d10dev.o)
                0x0000b430                vtable for libsc::Timer
 .rodata._ZTVN5libsc12SysTickTimerE
                0x0000b448       0x18 C:\Users\Jake\workspace\libsccc\lib\libsccc-d-handtech-d10dev.a(sys_tick_timer-d-handtech-d10dev.o)
                0x0000b448                vtable for libsc::SysTickTimer
 .rodata._ZZN7libbase3k607SysTick8SetCountEmE19__PRETTY_FUNCTION__
                0x0000b460       0x30 C:\Users\Jake\workspace\libsccc\lib\libsccc-d-handtech-d10dev.a(sys_tick-d-handtech-d10dev.o)
 .rodata._ZZN7libbase3k607SysTick10IrqHandlerEvE19__PRETTY_FUNCTION__
                0x0000b490       0x30 C:\Users\Jake\workspace\libsccc\lib\libsccc-d-handtech-d10dev.a(sys_tick-d-handtech-d10dev.o)
 .rodata.str1.4
                0x0000b4c0       0x58 C:\Users\Jake\workspace\libsccc\lib\libsccc-d-handtech-d10dev.a(sys_tick-d-handtech-d10dev.o)
                                 0x60 (size before relaxing)
 .rodata._ZZN7libbase3k607SysTickC1ERKNS1_6ConfigEE19__PRETTY_FUNCTION__
                0x0000b518       0x48 C:\Users\Jake\workspace\libsccc\lib\libsccc-d-handtech-d10dev.a(sys_tick-d-handtech-d10dev.o)
 .rodata.str1.1
                0x0000b560       0x3b c:/program files (x86)/gnu tools arm embedded/4.8 2014q3/bin/../lib/gcc/arm-none-eabi/4.8.4/../../../../arm-none-eabi/lib/armv7e-m\libstdc++_s.a(pure.o)
 .rodata.str1.1
                0x0000b59b       0x80 c:/program files (x86)/gnu tools arm embedded/4.8 2014q3/bin/../lib/gcc/arm-none-eabi/4.8.4/../../../../arm-none-eabi/lib/armv7e-m\libstdc++_s.a(vterminate.o)
 *fill*         0x0000b61b        0x1 
 .rodata.str1.4
                0x0000b61c      0x7e8 c:/program files (x86)/gnu tools arm embedded/4.8 2014q3/bin/../lib/gcc/arm-none-eabi/4.8.4/../../../../arm-none-eabi/lib/armv7e-m\libstdc++_s.a(cp-demangle.o)
                                0x840 (size before relaxing)
 .rodata.str1.1
                0x0000be04        0x2 c:/program files (x86)/gnu tools arm embedded/4.8 2014q3/bin/../lib/gcc/arm-none-eabi/4.8.4/../../../../arm-none-eabi/lib/armv7e-m\libc_s.a(lib_a-impure.o)
 *fill*         0x0000be06        0x2 
 .rodata._global_impure_ptr
                0x0000be08        0x4 c:/program files (x86)/gnu tools arm embedded/4.8 2014q3/bin/../lib/gcc/arm-none-eabi/4.8.4/../../../../arm-none-eabi/lib/armv7e-m\libc_s.a(lib_a-impure.o)
                0x0000be08                _global_impure_ptr
 .rodata.str1.1
                0x0000be0c       0x11 c:/program files (x86)/gnu tools arm embedded/4.8 2014q3/bin/../lib/gcc/arm-none-eabi/4.8.4/../../../../arm-none-eabi/lib/armv7e-m\libc_s.a(lib_a-svfprintf.o)
 .rodata.str1.1
                0x00000000       0x11 c:/program files (x86)/gnu tools arm embedded/4.8 2014q3/bin/../lib/gcc/arm-none-eabi/4.8.4/../../../../arm-none-eabi/lib/armv7e-m\libc_s.a(lib_a-vfprintf.o)
 .rodata.str1.1
                0x0000be1d       0x12 c:/program files (x86)/gnu tools arm embedded/4.8 2014q3/bin/../lib/gcc/arm-none-eabi/4.8.4/../../../../arm-none-eabi/lib/armv7e-m\libc_s.a(lib_a-vfprintf_float.o)
 .rodata.str1.1
                0x0000be2f       0x22 c:/program files (x86)/gnu tools arm embedded/4.8 2014q3/bin/../lib/gcc/arm-none-eabi/4.8.4/../../../../arm-none-eabi/lib/armv7e-m\libc_s.a(lib_a-vfprintf_i.o)
 .rodata.str1.1
                0x0000be51        0xd c:/program files (x86)/gnu tools arm embedded/4.8 2014q3/bin/../lib/gcc/arm-none-eabi/4.8.4/../../../../arm-none-eabi/lib/armv7e-m\libc_s.a(lib_a-dtoa.o)
                                  0xf (size before relaxing)
 *fill*         0x0000be5e        0x2 
 .rodata.__sf_fake_stdin
                0x0000be60       0x20 c:/program files (x86)/gnu tools arm embedded/4.8 2014q3/bin/../lib/gcc/arm-none-eabi/4.8.4/../../../../arm-none-eabi/lib/armv7e-m\libc_s.a(lib_a-findfp.o)
                0x0000be60                __sf_fake_stdin
 .rodata.__sf_fake_stdout
                0x0000be80       0x20 c:/program files (x86)/gnu tools arm embedded/4.8 2014q3/bin/../lib/gcc/arm-none-eabi/4.8.4/../../../../arm-none-eabi/lib/armv7e-m\libc_s.a(lib_a-findfp.o)
                0x0000be80                __sf_fake_stdout
 .rodata.__sf_fake_stderr
                0x0000bea0       0x20 c:/program files (x86)/gnu tools arm embedded/4.8 2014q3/bin/../lib/gcc/arm-none-eabi/4.8.4/../../../../arm-none-eabi/lib/armv7e-m\libc_s.a(lib_a-findfp.o)
                0x0000bea0                __sf_fake_stderr
 .rodata.str1.1
                0x0000bec0        0x8 c:/program files (x86)/gnu tools arm embedded/4.8 2014q3/bin/../lib/gcc/arm-none-eabi/4.8.4/../../../../arm-none-eabi/lib/armv7e-m\libc_s.a(lib_a-locale.o)
                                  0xb (size before relaxing)
 .rodata.__mprec_tens
                0x0000bec8       0xc8 c:/program files (x86)/gnu tools arm embedded/4.8 2014q3/bin/../lib/gcc/arm-none-eabi/4.8.4/../../../../arm-none-eabi/lib/armv7e-m\libc_s.a(lib_a-mprec.o)
                0x0000bec8                __mprec_tens
 .rodata.__mprec_bigtens
                0x0000bf90       0x28 c:/program files (x86)/gnu tools arm embedded/4.8 2014q3/bin/../lib/gcc/arm-none-eabi/4.8.4/../../../../arm-none-eabi/lib/armv7e-m\libc_s.a(lib_a-mprec.o)
                0x0000bf90                __mprec_bigtens
 .rodata.p05.5281
                0x0000bfb8        0xc c:/program files (x86)/gnu tools arm embedded/4.8 2014q3/bin/../lib/gcc/arm-none-eabi/4.8.4/../../../../arm-none-eabi/lib/armv7e-m\libc_s.a(lib_a-mprec.o)
 *(.glue_7)
 .glue_7        0x00000000        0x0 linker stubs
 *(.glue_7t)
 .glue_7t       0x00000000        0x0 linker stubs
 *(.eh_frame)
 .eh_frame      0x0000bfc4        0x0 c:/program files (x86)/gnu tools arm embedded/4.8 2014q3/bin/../lib/gcc/arm-none-eabi/4.8.4/armv7e-m/crtbegin.o
 *(.init)
 .init          0x0000bfc4        0x4 c:/program files (x86)/gnu tools arm embedded/4.8 2014q3/bin/../lib/gcc/arm-none-eabi/4.8.4/armv7e-m/crti.o
                0x0000bfc4                _init
 .init          0x0000bfc8        0x8 c:/program files (x86)/gnu tools arm embedded/4.8 2014q3/bin/../lib/gcc/arm-none-eabi/4.8.4/armv7e-m/crtn.o
 *(.fini)
 .fini          0x0000bfd0        0x4 c:/program files (x86)/gnu tools arm embedded/4.8 2014q3/bin/../lib/gcc/arm-none-eabi/4.8.4/armv7e-m/crti.o
                0x0000bfd0                _fini
 .fini          0x0000bfd4        0x8 c:/program files (x86)/gnu tools arm embedded/4.8 2014q3/bin/../lib/gcc/arm-none-eabi/4.8.4/armv7e-m/crtn.o
                0x0000bfdc                . = ALIGN (0x4)
                0x0000bfdc                _etext = .

.vfp11_veneer   0x0000bfdc        0x0
 .vfp11_veneer  0x00000000        0x0 linker stubs

.v4_bx          0x0000bfdc        0x0
 .v4_bx         0x00000000        0x0 linker stubs

.iplt           0x0000bfdc        0x0
 .iplt          0x00000000        0x0 c:/program files (x86)/gnu tools arm embedded/4.8 2014q3/bin/../lib/gcc/arm-none-eabi/4.8.4/armv7e-m/crtbegin.o

.rel.dyn        0x0000bfdc        0x0
 .rel.iplt      0x00000000        0x0 c:/program files (x86)/gnu tools arm embedded/4.8 2014q3/bin/../lib/gcc/arm-none-eabi/4.8.4/armv7e-m/crtbegin.o

.ARM.extab
 *(.ARM.extab* .gnu.linkonce.armextab.*)

.ARM            0x0000bfdc        0x0
                0x0000bfdc                __exidx_start = .
 *(.ARM.exidx*)
                0x0000bfdc                __exidx_end = .

.ctors          0x0000bfdc        0x0
                0x0000bfdc                __CTOR_LIST__ = .
 *crtbegin.o(.ctors)
 *(EXCLUDE_FILE(*crtend.o) .ctors)
 *(SORT(.ctors.*))
 *(.ctors)
                0x0000bfdc                __CTOR_END__ = .

.dtors          0x0000bfdc        0x0
                0x0000bfdc                __DTOR_LIST__ = .
 *crtbegin.o(.dtors)
 *(EXCLUDE_FILE(*crtend.o) .dtors)
 *(SORT(.dtors.*))
 *(.dtors)
                0x0000bfdc                __DTOR_END__ = .

.preinit_array  0x0000bfdc        0x0
                0x0000bfdc                PROVIDE (__preinit_array_start, .)
 *(.preinit_array*)
                0x0000bfdc                PROVIDE (__preinit_array_end, .)

.init_array     0x0000bfdc        0x4
                0x0000bfdc                PROVIDE (__init_array_start, .)
 *(SORT(.init_array.*))
 *(.init_array*)
 .init_array    0x0000bfdc        0x4 c:/program files (x86)/gnu tools arm embedded/4.8 2014q3/bin/../lib/gcc/arm-none-eabi/4.8.4/armv7e-m/crtbegin.o
                0x0000bfe0                PROVIDE (__init_array_end, .)

.fini_array     0x0000bfe0        0x4
                0x0000bfe0                PROVIDE (__fini_array_start, .)
 *(SORT(.fini_array.*))
 *(.fini_array*)
 .fini_array    0x0000bfe0        0x4 c:/program files (x86)/gnu tools arm embedded/4.8 2014q3/bin/../lib/gcc/arm-none-eabi/4.8.4/armv7e-m/crtbegin.o
                0x0000bfe4                PROVIDE (__fini_array_end, .)
                0x0000bfe4                ___ROM_AT = .

.data           0x1fff0000      0x3e0 load address 0x0000bfe4
                0x1fff0000                . = ALIGN (0x4)
                0x1fff0000                _sdata = .
 *(.data)
 *(.data*)
 .data._ZN10__cxxabiv119__terminate_handlerE
                0x1fff0000        0x4 c:/program files (x86)/gnu tools arm embedded/4.8 2014q3/bin/../lib/gcc/arm-none-eabi/4.8.4/../../../../arm-none-eabi/lib/armv7e-m\libstdc++_s.a(eh_term_handler.o)
                0x1fff0000                __cxxabiv1::__terminate_handler
 .data.impure_data
                0x1fff0004       0x60 c:/program files (x86)/gnu tools arm embedded/4.8 2014q3/bin/../lib/gcc/arm-none-eabi/4.8.4/../../../../arm-none-eabi/lib/armv7e-m\libc_s.a(lib_a-impure.o)
 .data._impure_ptr
                0x1fff0064        0x4 c:/program files (x86)/gnu tools arm embedded/4.8 2014q3/bin/../lib/gcc/arm-none-eabi/4.8.4/../../../../arm-none-eabi/lib/armv7e-m\libc_s.a(lib_a-impure.o)
                0x1fff0064                _impure_ptr
 .data.lconv    0x1fff0068       0x38 c:/program files (x86)/gnu tools arm embedded/4.8 2014q3/bin/../lib/gcc/arm-none-eabi/4.8.4/../../../../arm-none-eabi/lib/armv7e-m\libc_s.a(lib_a-locale.o)
                0x1fff00a0                . = ALIGN (0x4)
                0x1fff00a0                _edata = .
                0x1fff0200                . = ALIGN (0x200)
 *fill*         0x1fff00a0      0x160 
 *(.vectortableram)
 .vectortableram
                0x1fff0200      0x1e0 C:\Users\Jake\workspace\libsccc\lib\libsccc-d-handtech-d10dev.a(vectors-d-handtech-d10dev.o)
                0x1fff0200                __vect_ram
                0x000000a0                ___data_size = (_edata - _sdata)
                0x0000c3c4                ___m_data_20000000_ROMStart = (___ROM_AT + SIZEOF (.data))

.jcr            0x1fff03e0        0x0 load address 0x0000c3c4
 .jcr           0x1fff03e0        0x0 c:/program files (x86)/gnu tools arm embedded/4.8 2014q3/bin/../lib/gcc/arm-none-eabi/4.8.4/armv7e-m/crtbegin.o

.igot.plt       0x1fff03e0        0x0 load address 0x0000c3c4
 .igot.plt      0x00000000        0x0 c:/program files (x86)/gnu tools arm embedded/4.8 2014q3/bin/../lib/gcc/arm-none-eabi/4.8.4/armv7e-m/crtbegin.o

.m_data_20000000
                0x20000000        0x0 load address 0x0000c3c4
                0x20000000                . = ALIGN (0x4)
                0x20000000                ___m_data_20000000_RAMStart = .
 *(.m_data_20000000)
                0x20000000                ___m_data_20000000_RAMEnd = .
                0x20000000                . = ALIGN (0x4)
                0x00000000                ___m_data_20000000_ROMSize = (___m_data_20000000_RAMEnd - ___m_data_20000000_RAMStart)
                0x20000000                . = ALIGN (0x4)

.bss            0x1fff03e0       0x90 load address 0x0000c3c4
                0x1fff03e0                __START_BSS = .
                0x1fff03e0                __bss_start__ = __START_BSS
 *(.bss)
 .bss           0x1fff03e0       0x1c c:/program files (x86)/gnu tools arm embedded/4.8 2014q3/bin/../lib/gcc/arm-none-eabi/4.8.4/armv7e-m/crtbegin.o
 *(.bss*)
 .bss.__S_romp  0x1fff03fc        0xc C:\Users\Jake\workspace\libsccc\lib\libsccc-d-handtech-d10dev.a(startup-d-handtech-d10dev.o)
 .bss._ZZN7libbase3k603Mcg3GetEvE4inst
                0x1fff0408        0x4 C:\Users\Jake\workspace\libsccc\lib\libsccc-d-handtech-d10dev.a(mcg-d-handtech-d10dev.o)
                0x1fff0408                libbase::k60::Mcg::Get()::inst
 .bss._ZGVZN7libbase3k603Mcg3GetEvE4inst
                0x1fff040c        0x4 C:\Users\Jake\workspace\libsccc\lib\libsccc-d-handtech-d10dev.a(mcg-d-handtech-d10dev.o)
                0x1fff040c                guard variable for libbase::k60::Mcg::Get()::inst
 .bss._ZZN7libbase3k6014Mk60d10Lqfp1443GetEvE4inst
                0x1fff0410       0x14 C:\Users\Jake\workspace\libsccc\lib\libsccc-d-handtech-d10dev.a(pin-d-handtech-d10dev.o)
                0x1fff0410                libbase::k60::Mk60d10Lqfp144::Get()::inst
 .bss._ZGVZN7libbase3k6014Mk60d10Lqfp1443GetEvE4inst
                0x1fff0424        0x4 C:\Users\Jake\workspace\libsccc\lib\libsccc-d-handtech-d10dev.a(pin-d-handtech-d10dev.o)
                0x1fff0424                guard variable for libbase::k60::Mk60d10Lqfp144::Get()::inst
 .bss._ZN7libbase3k6012_GLOBAL__N_15g_isrE
                0x1fff0428        0x4 C:\Users\Jake\workspace\libsccc\lib\libsccc-d-handtech-d10dev.a(watchdog-d-handtech-d10dev.o)
 .bss._ZN5libsc6System10m_instanceE
                0x1fff042c        0x4 C:\Users\Jake\workspace\libsccc\lib\libsccc-d-handtech-d10dev.a(system-d-handtech-d10dev.o)
                0x1fff042c                libsc::System::m_instance
 .bss.g_fwrite_handler
                0x1fff0430        0x4 C:\Users\Jake\workspace\libsccc\lib\libsccc-d-handtech-d10dev.a(syscall-d-handtech-d10dev.o)
                0x1fff0430                g_fwrite_handler
 .bss.heap_end.4510
                0x1fff0434        0x4 C:\Users\Jake\workspace\libsccc\lib\libsccc-d-handtech-d10dev.a(syscall-d-handtech-d10dev.o)
 .bss.g_hard_fault_handler
                0x1fff0438        0x4 C:\Users\Jake\workspace\libsccc\lib\libsccc-d-handtech-d10dev.a(vectors-d-handtech-d10dev.o)
                0x1fff0438                g_hard_fault_handler
 .bss._ZGVZN7libbase3k6010ClockUtils15GetCoreClockMhzEvE5cache
                0x1fff043c        0x4 C:\Users\Jake\workspace\libsccc\lib\libsccc-d-handtech-d10dev.a(clock_utils-d-handtech-d10dev.o)
 .bss._ZZN7libbase3k6010ClockUtils15GetCoreClockKhzEvE5cache
                0x1fff0440        0x4 C:\Users\Jake\workspace\libsccc\lib\libsccc-d-handtech-d10dev.a(clock_utils-d-handtech-d10dev.o)
 .bss._ZZN7libbase3k6010ClockUtils15GetCoreClockMhzEvE5cache
                0x1fff0444        0x4 C:\Users\Jake\workspace\libsccc\lib\libsccc-d-handtech-d10dev.a(clock_utils-d-handtech-d10dev.o)
 .bss._ZGVZN7libbase3k6010ClockUtils15GetCoreClockKhzEvE5cache
                0x1fff0448        0x4 C:\Users\Jake\workspace\libsccc\lib\libsccc-d-handtech-d10dev.a(clock_utils-d-handtech-d10dev.o)
 .bss._ZN7libbase3k6012_GLOBAL__N_110g_instanceE
                0x1fff044c        0x4 C:\Users\Jake\workspace\libsccc\lib\libsccc-d-handtech-d10dev.a(sys_tick-d-handtech-d10dev.o)
 .bss.__new_handler
                0x1fff0450        0x4 c:/program files (x86)/gnu tools arm embedded/4.8 2014q3/bin/../lib/gcc/arm-none-eabi/4.8.4/../../../../arm-none-eabi/lib/armv7e-m\libstdc++_s.a(new_handler.o)
                0x1fff0450                __new_handler
 .bss._ZZN9__gnu_cxx27__verbose_terminate_handlerEvE11terminating
                0x1fff0454        0x1 c:/program files (x86)/gnu tools arm embedded/4.8 2014q3/bin/../lib/gcc/arm-none-eabi/4.8.4/../../../../arm-none-eabi/lib/armv7e-m\libstdc++_s.a(vterminate.o)
 *fill*         0x1fff0455        0x3 
 .bss._ZL10eh_globals
                0x1fff0458        0xc c:/program files (x86)/gnu tools arm embedded/4.8 2014q3/bin/../lib/gcc/arm-none-eabi/4.8.4/../../../../arm-none-eabi/lib/armv7e-m\libstdc++_s.a(eh_globals.o)
 .bss.__malloc_sbrk_start
                0x1fff0464        0x4 c:/program files (x86)/gnu tools arm embedded/4.8 2014q3/bin/../lib/gcc/arm-none-eabi/4.8.4/../../../../arm-none-eabi/lib/armv7e-m\libc_s.a(lib_a-nano-mallocr.o)
                0x1fff0464                __malloc_sbrk_start
 .bss.__malloc_free_list
                0x1fff0468        0x4 c:/program files (x86)/gnu tools arm embedded/4.8 2014q3/bin/../lib/gcc/arm-none-eabi/4.8.4/../../../../arm-none-eabi/lib/armv7e-m\libc_s.a(lib_a-nano-mallocr.o)
                0x1fff0468                __malloc_free_list
 *(COMMON)
 COMMON         0x1fff046c        0x4 c:/program files (x86)/gnu tools arm embedded/4.8 2014q3/bin/../lib/gcc/arm-none-eabi/4.8.4/../../../../arm-none-eabi/lib/armv7e-m\libc_s.a(lib_a-reent.o)
                0x1fff046c                errno
                0x1fff0470                . = ALIGN (0x4)
                0x1fff0470                __END_BSS = .
                0x1fff0470                __bss_end__ = __END_BSS

._user_heap_stack
                0x1fff0470     0x6f00 load address 0x0000c454
                0x1fff0470                . = ALIGN (0x4)
                0x1fff0470                PROVIDE (end, .)
                0x1fff0470                PROVIDE (_end, .)
                0x1fff0470                __heap_addr = .
                0x1fff5470                . = (. + __heap_size)
 *fill*         0x1fff0470     0x5000 
                0x1fff5470                __stack_end = .
                0x1fff7370                . = (. + __stack_size)
 *fill*         0x1fff5470     0x1f00 
                0x1fff7370                . = ALIGN (0x4)
                0x0000c3c4                _romp_at = ((___ROM_AT + SIZEOF (.data)) + SIZEOF (.m_data_20000000))

.romp           0x1fff7370       0x24 load address 0x0000c3c4
                0x0000c3c4                __S_romp = _romp_at
                0x1fff7370        0x4 LONG 0xbfe4 ___ROM_AT
                0x1fff7374        0x4 LONG 0x1fff0000 _sdata
                0x1fff7378        0x4 LONG 0xa0 ___data_size
                0x1fff737c        0x4 LONG 0xc3c4 ___m_data_20000000_ROMStart
                0x1fff7380        0x4 LONG 0x20000000 ___m_data_20000000_RAMStart
                0x1fff7384        0x4 LONG 0x0 ___m_data_20000000_ROMSize
                0x1fff7388        0x4 LONG 0x0
                0x1fff738c        0x4 LONG 0x0
                0x1fff7390        0x4 LONG 0x0

.ARM.attributes
                0x00000000       0x2a
 *(.ARM.attributes)
 .ARM.attributes
                0x00000000       0x1e c:/program files (x86)/gnu tools arm embedded/4.8 2014q3/bin/../lib/gcc/arm-none-eabi/4.8.4/armv7e-m/crti.o
 .ARM.attributes
                0x0000001e       0x2e c:/program files (x86)/gnu tools arm embedded/4.8 2014q3/bin/../lib/gcc/arm-none-eabi/4.8.4/armv7e-m/crtbegin.o
 .ARM.attributes
                0x0000004c       0x33 obj/main-d-handtech-d10dev.o
 .ARM.attributes
                0x0000007f       0x33 C:\Users\Jake\workspace\libsccc\lib\libsccc-d-handtech-d10dev.a(startup-d-handtech-d10dev.o)
 .ARM.attributes
                0x000000b2       0x33 C:\Users\Jake\workspace\libsccc\lib\libsccc-d-handtech-d10dev.a(system-d-handtech-d10dev.o)
 .ARM.attributes
                0x000000e5       0x33 C:\Users\Jake\workspace\libsccc\lib\libsccc-d-handtech-d10dev.a(gpio-d-handtech-d10dev.o)
 .ARM.attributes
                0x00000118       0x33 C:\Users\Jake\workspace\libsccc\lib\libsccc-d-handtech-d10dev.a(mcg-d-handtech-d10dev.o)
 .ARM.attributes
                0x0000014b       0x33 C:\Users\Jake\workspace\libsccc\lib\libsccc-d-handtech-d10dev.a(pin-d-handtech-d10dev.o)
 .ARM.attributes
                0x0000017e       0x33 C:\Users\Jake\workspace\libsccc\lib\libsccc-d-handtech-d10dev.a(sim-d-handtech-d10dev.o)
 .ARM.attributes
                0x000001b1       0x33 C:\Users\Jake\workspace\libsccc\lib\libsccc-d-handtech-d10dev.a(watchdog-d-handtech-d10dev.o)
 .ARM.attributes
                0x000001e4       0x33 C:\Users\Jake\workspace\libsccc\lib\libsccc-d-handtech-d10dev.a(system-d-handtech-d10dev.o)
 .ARM.attributes
                0x00000217       0x33 C:\Users\Jake\workspace\libsccc\lib\libsccc-d-handtech-d10dev.a(mk60d10_lqfp144-d-handtech-d10dev.o)
 .ARM.attributes
                0x0000024a       0x33 C:\Users\Jake\workspace\libsccc\lib\libsccc-d-handtech-d10dev.a(assert-d-handtech-d10dev.o)
 .ARM.attributes
                0x0000027d       0x33 C:\Users\Jake\workspace\libsccc\lib\libsccc-d-handtech-d10dev.a(syscall-d-handtech-d10dev.o)
 .ARM.attributes
                0x000002b0       0x33 C:\Users\Jake\workspace\libsccc\lib\libsccc-d-handtech-d10dev.a(vectors-d-handtech-d10dev.o)
 .ARM.attributes
                0x000002e3       0x33 C:\Users\Jake\workspace\libsccc\lib\libsccc-d-handtech-d10dev.a(dwt-d-handtech-d10dev.o)
 .ARM.attributes
                0x00000316       0x33 C:\Users\Jake\workspace\libsccc\lib\libsccc-d-handtech-d10dev.a(sys_tick_timer-d-handtech-d10dev.o)
 .ARM.attributes
                0x00000349       0x33 C:\Users\Jake\workspace\libsccc\lib\libsccc-d-handtech-d10dev.a(clock_utils-d-handtech-d10dev.o)
 .ARM.attributes
                0x0000037c       0x33 C:\Users\Jake\workspace\libsccc\lib\libsccc-d-handtech-d10dev.a(sys_tick-d-handtech-d10dev.o)
 .ARM.attributes
                0x000003af       0x2e c:/program files (x86)/gnu tools arm embedded/4.8 2014q3/bin/../lib/gcc/arm-none-eabi/4.8.4/../../../../arm-none-eabi/lib/armv7e-m\libstdc++_s.a(new_op.o)
 .ARM.attributes
                0x000003dd       0x2e c:/program files (x86)/gnu tools arm embedded/4.8 2014q3/bin/../lib/gcc/arm-none-eabi/4.8.4/../../../../arm-none-eabi/lib/armv7e-m\libstdc++_s.a(del_op.o)
 .ARM.attributes
                0x0000040b       0x2e c:/program files (x86)/gnu tools arm embedded/4.8 2014q3/bin/../lib/gcc/arm-none-eabi/4.8.4/../../../../arm-none-eabi/lib/armv7e-m\libstdc++_s.a(new_handler.o)
 .ARM.attributes
                0x00000439       0x2e c:/program files (x86)/gnu tools arm embedded/4.8 2014q3/bin/../lib/gcc/arm-none-eabi/4.8.4/../../../../arm-none-eabi/lib/armv7e-m\libstdc++_s.a(guard.o)
 .ARM.attributes
                0x00000467       0x2e c:/program files (x86)/gnu tools arm embedded/4.8 2014q3/bin/../lib/gcc/arm-none-eabi/4.8.4/../../../../arm-none-eabi/lib/armv7e-m\libstdc++_s.a(pure.o)
 .ARM.attributes
                0x00000495       0x2e c:/program files (x86)/gnu tools arm embedded/4.8 2014q3/bin/../lib/gcc/arm-none-eabi/4.8.4/../../../../arm-none-eabi/lib/armv7e-m\libstdc++_s.a(eh_terminate.o)
 .ARM.attributes
                0x000004c3       0x2e c:/program files (x86)/gnu tools arm embedded/4.8 2014q3/bin/../lib/gcc/arm-none-eabi/4.8.4/../../../../arm-none-eabi/lib/armv7e-m\libstdc++_s.a(eh_term_handler.o)
 .ARM.attributes
                0x000004f1       0x2e c:/program files (x86)/gnu tools arm embedded/4.8 2014q3/bin/../lib/gcc/arm-none-eabi/4.8.4/../../../../arm-none-eabi/lib/armv7e-m\libstdc++_s.a(vterminate.o)
 .ARM.attributes
                0x0000051f       0x2e c:/program files (x86)/gnu tools arm embedded/4.8 2014q3/bin/../lib/gcc/arm-none-eabi/4.8.4/../../../../arm-none-eabi/lib/armv7e-m\libstdc++_s.a(eh_type.o)
 .ARM.attributes
                0x0000054d       0x2e c:/program files (x86)/gnu tools arm embedded/4.8 2014q3/bin/../lib/gcc/arm-none-eabi/4.8.4/../../../../arm-none-eabi/lib/armv7e-m\libstdc++_s.a(cp-demangle.o)
 .ARM.attributes
                0x0000057b       0x2e c:/program files (x86)/gnu tools arm embedded/4.8 2014q3/bin/../lib/gcc/arm-none-eabi/4.8.4/../../../../arm-none-eabi/lib/armv7e-m\libstdc++_s.a(eh_globals.o)
 .ARM.attributes
                0x000005a9       0x1e c:/program files (x86)/gnu tools arm embedded/4.8 2014q3/bin/../lib/gcc/arm-none-eabi/4.8.4/armv7e-m\libgcc.a(_arm_addsubdf3.o)
 .ARM.attributes
                0x000005c7       0x1e c:/program files (x86)/gnu tools arm embedded/4.8 2014q3/bin/../lib/gcc/arm-none-eabi/4.8.4/armv7e-m\libgcc.a(_arm_muldivdf3.o)
 .ARM.attributes
                0x000005e5       0x1e c:/program files (x86)/gnu tools arm embedded/4.8 2014q3/bin/../lib/gcc/arm-none-eabi/4.8.4/armv7e-m\libgcc.a(_arm_fixunsdfsi.o)
 .ARM.attributes
                0x00000603       0x2e c:/program files (x86)/gnu tools arm embedded/4.8 2014q3/bin/../lib/gcc/arm-none-eabi/4.8.4/../../../../arm-none-eabi/lib/armv7e-m\libc_s.a(lib_a-abort.o)
 .ARM.attributes
                0x00000631       0x2e c:/program files (x86)/gnu tools arm embedded/4.8 2014q3/bin/../lib/gcc/arm-none-eabi/4.8.4/../../../../arm-none-eabi/lib/armv7e-m\libc_s.a(lib_a-fputs.o)
 .ARM.attributes
                0x0000065f       0x2e c:/program files (x86)/gnu tools arm embedded/4.8 2014q3/bin/../lib/gcc/arm-none-eabi/4.8.4/../../../../arm-none-eabi/lib/armv7e-m\libc_s.a(lib_a-impure.o)
 .ARM.attributes
                0x0000068d       0x2e c:/program files (x86)/gnu tools arm embedded/4.8 2014q3/bin/../lib/gcc/arm-none-eabi/4.8.4/../../../../arm-none-eabi/lib/armv7e-m\libc_s.a(lib_a-init.o)
 .ARM.attributes
                0x000006bb       0x2e c:/program files (x86)/gnu tools arm embedded/4.8 2014q3/bin/../lib/gcc/arm-none-eabi/4.8.4/../../../../arm-none-eabi/lib/armv7e-m\libc_s.a(lib_a-malloc.o)
 .ARM.attributes
                0x000006e9       0x2e c:/program files (x86)/gnu tools arm embedded/4.8 2014q3/bin/../lib/gcc/arm-none-eabi/4.8.4/../../../../arm-none-eabi/lib/armv7e-m\libc_s.a(lib_a-memchr-stub.o)
 .ARM.attributes
                0x00000717       0x2e c:/program files (x86)/gnu tools arm embedded/4.8 2014q3/bin/../lib/gcc/arm-none-eabi/4.8.4/../../../../arm-none-eabi/lib/armv7e-m\libc_s.a(lib_a-memcmp.o)
 .ARM.attributes
                0x00000745       0x2e c:/program files (x86)/gnu tools arm embedded/4.8 2014q3/bin/../lib/gcc/arm-none-eabi/4.8.4/../../../../arm-none-eabi/lib/armv7e-m\libc_s.a(lib_a-memcpy-stub.o)
 .ARM.attributes
                0x00000773       0x2e c:/program files (x86)/gnu tools arm embedded/4.8 2014q3/bin/../lib/gcc/arm-none-eabi/4.8.4/../../../../arm-none-eabi/lib/armv7e-m\libc_s.a(lib_a-memmove.o)
 .ARM.attributes
                0x000007a1       0x2e c:/program files (x86)/gnu tools arm embedded/4.8 2014q3/bin/../lib/gcc/arm-none-eabi/4.8.4/../../../../arm-none-eabi/lib/armv7e-m\libc_s.a(lib_a-memset.o)
 .ARM.attributes
                0x000007cf       0x2e c:/program files (x86)/gnu tools arm embedded/4.8 2014q3/bin/../lib/gcc/arm-none-eabi/4.8.4/../../../../arm-none-eabi/lib/armv7e-m\libc_s.a(lib_a-nano-freer.o)
 .ARM.attributes
                0x000007fd       0x2e c:/program files (x86)/gnu tools arm embedded/4.8 2014q3/bin/../lib/gcc/arm-none-eabi/4.8.4/../../../../arm-none-eabi/lib/armv7e-m\libc_s.a(lib_a-nano-mallocr.o)
 .ARM.attributes
                0x0000082b       0x2e c:/program files (x86)/gnu tools arm embedded/4.8 2014q3/bin/../lib/gcc/arm-none-eabi/4.8.4/../../../../arm-none-eabi/lib/armv7e-m\libc_s.a(lib_a-printf.o)
 .ARM.attributes
                0x00000859       0x2e c:/program files (x86)/gnu tools arm embedded/4.8 2014q3/bin/../lib/gcc/arm-none-eabi/4.8.4/../../../../arm-none-eabi/lib/armv7e-m\libc_s.a(lib_a-realloc.o)
 .ARM.attributes
                0x00000887       0x2e c:/program files (x86)/gnu tools arm embedded/4.8 2014q3/bin/../lib/gcc/arm-none-eabi/4.8.4/../../../../arm-none-eabi/lib/armv7e-m\libc_s.a(lib_a-reent.o)
 .ARM.attributes
                0x000008b5       0x2e c:/program files (x86)/gnu tools arm embedded/4.8 2014q3/bin/../lib/gcc/arm-none-eabi/4.8.4/../../../../arm-none-eabi/lib/armv7e-m\libc_s.a(lib_a-sbrkr.o)
 .ARM.attributes
                0x000008e3       0x2e c:/program files (x86)/gnu tools arm embedded/4.8 2014q3/bin/../lib/gcc/arm-none-eabi/4.8.4/../../../../arm-none-eabi/lib/armv7e-m\libc_s.a(lib_a-signal.o)
 .ARM.attributes
                0x00000911       0x2e c:/program files (x86)/gnu tools arm embedded/4.8 2014q3/bin/../lib/gcc/arm-none-eabi/4.8.4/../../../../arm-none-eabi/lib/armv7e-m\libc_s.a(lib_a-signalr.o)
 .ARM.attributes
                0x0000093f       0x2e c:/program files (x86)/gnu tools arm embedded/4.8 2014q3/bin/../lib/gcc/arm-none-eabi/4.8.4/../../../../arm-none-eabi/lib/armv7e-m\libc_s.a(lib_a-sprintf.o)
 .ARM.attributes
                0x0000096d       0x1c c:/program files (x86)/gnu tools arm embedded/4.8 2014q3/bin/../lib/gcc/arm-none-eabi/4.8.4/../../../../arm-none-eabi/lib/armv7e-m\libc_s.a(lib_a-strcmp.o)
 .ARM.attributes
                0x00000989       0x2e c:/program files (x86)/gnu tools arm embedded/4.8 2014q3/bin/../lib/gcc/arm-none-eabi/4.8.4/../../../../arm-none-eabi/lib/armv7e-m\libc_s.a(lib_a-strlen.o)
 .ARM.attributes
                0x000009b7       0x2e c:/program files (x86)/gnu tools arm embedded/4.8 2014q3/bin/../lib/gcc/arm-none-eabi/4.8.4/../../../../arm-none-eabi/lib/armv7e-m\libc_s.a(lib_a-strncmp.o)
 .ARM.attributes
                0x000009e5       0x2e c:/program files (x86)/gnu tools arm embedded/4.8 2014q3/bin/../lib/gcc/arm-none-eabi/4.8.4/../../../../arm-none-eabi/lib/armv7e-m\libc_s.a(lib_a-svfprintf.o)
 .ARM.attributes
                0x00000a13       0x2e c:/program files (x86)/gnu tools arm embedded/4.8 2014q3/bin/../lib/gcc/arm-none-eabi/4.8.4/../../../../arm-none-eabi/lib/armv7e-m\libc_s.a(lib_a-syswrite.o)
 .ARM.attributes
                0x00000a41       0x2e c:/program files (x86)/gnu tools arm embedded/4.8 2014q3/bin/../lib/gcc/arm-none-eabi/4.8.4/../../../../arm-none-eabi/lib/armv7e-m\libc_s.a(lib_a-vfprintf.o)
 .ARM.attributes
                0x00000a6f       0x2e c:/program files (x86)/gnu tools arm embedded/4.8 2014q3/bin/../lib/gcc/arm-none-eabi/4.8.4/../../../../arm-none-eabi/lib/armv7e-m\libc_s.a(lib_a-vfprintf_float.o)
 .ARM.attributes
                0x00000a9d       0x2e c:/program files (x86)/gnu tools arm embedded/4.8 2014q3/bin/../lib/gcc/arm-none-eabi/4.8.4/../../../../arm-none-eabi/lib/armv7e-m\libc_s.a(lib_a-vfprintf_i.o)
 .ARM.attributes
                0x00000acb       0x2e c:/program files (x86)/gnu tools arm embedded/4.8 2014q3/bin/../lib/gcc/arm-none-eabi/4.8.4/../../../../arm-none-eabi/lib/armv7e-m\libc_s.a(lib_a-wbuf.o)
 .ARM.attributes
                0x00000af9       0x2e c:/program files (x86)/gnu tools arm embedded/4.8 2014q3/bin/../lib/gcc/arm-none-eabi/4.8.4/../../../../arm-none-eabi/lib/armv7e-m\libc_s.a(lib_a-writer.o)
 .ARM.attributes
                0x00000b27       0x2e c:/program files (x86)/gnu tools arm embedded/4.8 2014q3/bin/../lib/gcc/arm-none-eabi/4.8.4/../../../../arm-none-eabi/lib/armv7e-m\libc_s.a(lib_a-wsetup.o)
 .ARM.attributes
                0x00000b55       0x2e c:/program files (x86)/gnu tools arm embedded/4.8 2014q3/bin/../lib/gcc/arm-none-eabi/4.8.4/../../../../arm-none-eabi/lib/armv7e-m\libc_s.a(lib_a-dtoa.o)
 .ARM.attributes
                0x00000b83       0x2e c:/program files (x86)/gnu tools arm embedded/4.8 2014q3/bin/../lib/gcc/arm-none-eabi/4.8.4/../../../../arm-none-eabi/lib/armv7e-m\libc_s.a(lib_a-fflush.o)
 .ARM.attributes
                0x00000bb1       0x2e c:/program files (x86)/gnu tools arm embedded/4.8 2014q3/bin/../lib/gcc/arm-none-eabi/4.8.4/../../../../arm-none-eabi/lib/armv7e-m\libc_s.a(lib_a-findfp.o)
 .ARM.attributes
                0x00000bdf       0x2e c:/program files (x86)/gnu tools arm embedded/4.8 2014q3/bin/../lib/gcc/arm-none-eabi/4.8.4/../../../../arm-none-eabi/lib/armv7e-m\libc_s.a(lib_a-locale.o)
 .ARM.attributes
                0x00000c0d       0x2e c:/program files (x86)/gnu tools arm embedded/4.8 2014q3/bin/../lib/gcc/arm-none-eabi/4.8.4/../../../../arm-none-eabi/lib/armv7e-m\libc_s.a(lib_a-makebuf.o)
 .ARM.attributes
                0x00000c3b       0x2e c:/program files (x86)/gnu tools arm embedded/4.8 2014q3/bin/../lib/gcc/arm-none-eabi/4.8.4/../../../../arm-none-eabi/lib/armv7e-m\libc_s.a(lib_a-mprec.o)
 .ARM.attributes
                0x00000c69       0x2e c:/program files (x86)/gnu tools arm embedded/4.8 2014q3/bin/../lib/gcc/arm-none-eabi/4.8.4/../../../../arm-none-eabi/lib/armv7e-m\libc_s.a(lib_a-nano-callocr.o)
 .ARM.attributes
                0x00000c97       0x2e c:/program files (x86)/gnu tools arm embedded/4.8 2014q3/bin/../lib/gcc/arm-none-eabi/4.8.4/../../../../arm-none-eabi/lib/armv7e-m\libc_s.a(lib_a-nano-reallocr.o)
 .ARM.attributes
                0x00000cc5       0x2e c:/program files (x86)/gnu tools arm embedded/4.8 2014q3/bin/../lib/gcc/arm-none-eabi/4.8.4/../../../../arm-none-eabi/lib/armv7e-m\libc_s.a(lib_a-s_fpclassify.o)
 .ARM.attributes
                0x00000cf3       0x2e c:/program files (x86)/gnu tools arm embedded/4.8 2014q3/bin/../lib/gcc/arm-none-eabi/4.8.4/../../../../arm-none-eabi/lib/armv7e-m\libc_s.a(lib_a-stdio.o)
 .ARM.attributes
                0x00000d21       0x2e c:/program files (x86)/gnu tools arm embedded/4.8 2014q3/bin/../lib/gcc/arm-none-eabi/4.8.4/../../../../arm-none-eabi/lib/armv7e-m\libc_s.a(lib_a-closer.o)
 .ARM.attributes
                0x00000d4f       0x2e c:/program files (x86)/gnu tools arm embedded/4.8 2014q3/bin/../lib/gcc/arm-none-eabi/4.8.4/../../../../arm-none-eabi/lib/armv7e-m\libc_s.a(lib_a-fstatr.o)
 .ARM.attributes
                0x00000d7d       0x2e c:/program files (x86)/gnu tools arm embedded/4.8 2014q3/bin/../lib/gcc/arm-none-eabi/4.8.4/../../../../arm-none-eabi/lib/armv7e-m\libc_s.a(lib_a-isattyr.o)
 .ARM.attributes
                0x00000dab       0x2e c:/program files (x86)/gnu tools arm embedded/4.8 2014q3/bin/../lib/gcc/arm-none-eabi/4.8.4/../../../../arm-none-eabi/lib/armv7e-m\libc_s.a(lib_a-lseekr.o)
 .ARM.attributes
                0x00000dd9       0x2e c:/program files (x86)/gnu tools arm embedded/4.8 2014q3/bin/../lib/gcc/arm-none-eabi/4.8.4/../../../../arm-none-eabi/lib/armv7e-m\libc_s.a(lib_a-nano-msizer.o)
 .ARM.attributes
                0x00000e07       0x2e c:/program files (x86)/gnu tools arm embedded/4.8 2014q3/bin/../lib/gcc/arm-none-eabi/4.8.4/../../../../arm-none-eabi/lib/armv7e-m\libc_s.a(lib_a-readr.o)
 .ARM.attributes
                0x00000e35       0x1e c:/program files (x86)/gnu tools arm embedded/4.8 2014q3/bin/../lib/gcc/arm-none-eabi/4.8.4/armv7e-m\libgcc.a(_arm_cmpdf2.o)
 .ARM.attributes
                0x00000e53       0x1e c:/program files (x86)/gnu tools arm embedded/4.8 2014q3/bin/../lib/gcc/arm-none-eabi/4.8.4/armv7e-m\libgcc.a(_arm_fixdfsi.o)
 .ARM.attributes
                0x00000e71       0x1e c:/program files (x86)/gnu tools arm embedded/4.8 2014q3/bin/../lib/gcc/arm-none-eabi/4.8.4/armv7e-m/crtn.o
OUTPUT(bin/inno14-d-handtech-d10dev.elf elf32-littlearm)

.debug_info     0x00000000    0x4607a
 .debug_info    0x00000000     0x62e8 obj/main-d-handtech-d10dev.o
 .debug_info    0x000062e8      0x353 C:\Users\Jake\workspace\libsccc\lib\libsccc-d-handtech-d10dev.a(startup-d-handtech-d10dev.o)
 .debug_info    0x0000663b      0x120 C:\Users\Jake\workspace\libsccc\lib\libsccc-d-handtech-d10dev.a(system-d-handtech-d10dev.o)
 .debug_info    0x0000675b     0xe97f C:\Users\Jake\workspace\libsccc\lib\libsccc-d-handtech-d10dev.a(gpio-d-handtech-d10dev.o)
 .debug_info    0x000150da     0x3727 C:\Users\Jake\workspace\libsccc\lib\libsccc-d-handtech-d10dev.a(mcg-d-handtech-d10dev.o)
 .debug_info    0x00018801     0xbae9 C:\Users\Jake\workspace\libsccc\lib\libsccc-d-handtech-d10dev.a(pin-d-handtech-d10dev.o)
 .debug_info    0x000242ea     0x519a C:\Users\Jake\workspace\libsccc\lib\libsccc-d-handtech-d10dev.a(sim-d-handtech-d10dev.o)
 .debug_info    0x00029484     0x2eca C:\Users\Jake\workspace\libsccc\lib\libsccc-d-handtech-d10dev.a(watchdog-d-handtech-d10dev.o)
 .debug_info    0x0002c34e     0x2c29 C:\Users\Jake\workspace\libsccc\lib\libsccc-d-handtech-d10dev.a(system-d-handtech-d10dev.o)
 .debug_info    0x0002ef77     0xacda C:\Users\Jake\workspace\libsccc\lib\libsccc-d-handtech-d10dev.a(mk60d10_lqfp144-d-handtech-d10dev.o)
 .debug_info    0x00039c51      0x149 C:\Users\Jake\workspace\libsccc\lib\libsccc-d-handtech-d10dev.a(assert-d-handtech-d10dev.o)
 .debug_info    0x00039d9a      0x757 C:\Users\Jake\workspace\libsccc\lib\libsccc-d-handtech-d10dev.a(syscall-d-handtech-d10dev.o)
 .debug_info    0x0003a4f1      0xac9 C:\Users\Jake\workspace\libsccc\lib\libsccc-d-handtech-d10dev.a(vectors-d-handtech-d10dev.o)
 .debug_info    0x0003afba      0x803 C:\Users\Jake\workspace\libsccc\lib\libsccc-d-handtech-d10dev.a(dwt-d-handtech-d10dev.o)
 .debug_info    0x0003b7bd     0x581e C:\Users\Jake\workspace\libsccc\lib\libsccc-d-handtech-d10dev.a(sys_tick_timer-d-handtech-d10dev.o)
 .debug_info    0x00040fdb      0xd00 C:\Users\Jake\workspace\libsccc\lib\libsccc-d-handtech-d10dev.a(clock_utils-d-handtech-d10dev.o)
 .debug_info    0x00041cdb     0x439f C:\Users\Jake\workspace\libsccc\lib\libsccc-d-handtech-d10dev.a(sys_tick-d-handtech-d10dev.o)

.debug_abbrev   0x00000000     0x7169
 .debug_abbrev  0x00000000      0xa45 obj/main-d-handtech-d10dev.o
 .debug_abbrev  0x00000a45      0x187 C:\Users\Jake\workspace\libsccc\lib\libsccc-d-handtech-d10dev.a(startup-d-handtech-d10dev.o)
 .debug_abbrev  0x00000bcc       0xc0 C:\Users\Jake\workspace\libsccc\lib\libsccc-d-handtech-d10dev.a(system-d-handtech-d10dev.o)
 .debug_abbrev  0x00000c8c      0xdb0 C:\Users\Jake\workspace\libsccc\lib\libsccc-d-handtech-d10dev.a(gpio-d-handtech-d10dev.o)
 .debug_abbrev  0x00001a3c      0x8d4 C:\Users\Jake\workspace\libsccc\lib\libsccc-d-handtech-d10dev.a(mcg-d-handtech-d10dev.o)
 .debug_abbrev  0x00002310      0xc7b C:\Users\Jake\workspace\libsccc\lib\libsccc-d-handtech-d10dev.a(pin-d-handtech-d10dev.o)
 .debug_abbrev  0x00002f8b      0x829 C:\Users\Jake\workspace\libsccc\lib\libsccc-d-handtech-d10dev.a(sim-d-handtech-d10dev.o)
 .debug_abbrev  0x000037b4      0x76d C:\Users\Jake\workspace\libsccc\lib\libsccc-d-handtech-d10dev.a(watchdog-d-handtech-d10dev.o)
 .debug_abbrev  0x00003f21      0x7dd C:\Users\Jake\workspace\libsccc\lib\libsccc-d-handtech-d10dev.a(system-d-handtech-d10dev.o)
 .debug_abbrev  0x000046fe      0xb1c C:\Users\Jake\workspace\libsccc\lib\libsccc-d-handtech-d10dev.a(mk60d10_lqfp144-d-handtech-d10dev.o)
 .debug_abbrev  0x0000521a       0xd2 C:\Users\Jake\workspace\libsccc\lib\libsccc-d-handtech-d10dev.a(assert-d-handtech-d10dev.o)
 .debug_abbrev  0x000052ec      0x228 C:\Users\Jake\workspace\libsccc\lib\libsccc-d-handtech-d10dev.a(syscall-d-handtech-d10dev.o)
 .debug_abbrev  0x00005514      0x295 C:\Users\Jake\workspace\libsccc\lib\libsccc-d-handtech-d10dev.a(vectors-d-handtech-d10dev.o)
 .debug_abbrev  0x000057a9      0x21d C:\Users\Jake\workspace\libsccc\lib\libsccc-d-handtech-d10dev.a(dwt-d-handtech-d10dev.o)
 .debug_abbrev  0x000059c6      0xa45 C:\Users\Jake\workspace\libsccc\lib\libsccc-d-handtech-d10dev.a(sys_tick_timer-d-handtech-d10dev.o)
 .debug_abbrev  0x0000640b      0x3a6 C:\Users\Jake\workspace\libsccc\lib\libsccc-d-handtech-d10dev.a(clock_utils-d-handtech-d10dev.o)
 .debug_abbrev  0x000067b1      0x9b8 C:\Users\Jake\workspace\libsccc\lib\libsccc-d-handtech-d10dev.a(sys_tick-d-handtech-d10dev.o)

.debug_loc      0x00000000     0x6ac9
 .debug_loc     0x00000000      0x101 obj/main-d-handtech-d10dev.o
 .debug_loc     0x00000101      0x187 C:\Users\Jake\workspace\libsccc\lib\libsccc-d-handtech-d10dev.a(startup-d-handtech-d10dev.o)
 .debug_loc     0x00000288     0x12a7 C:\Users\Jake\workspace\libsccc\lib\libsccc-d-handtech-d10dev.a(gpio-d-handtech-d10dev.o)
 .debug_loc     0x0000152f     0x129c C:\Users\Jake\workspace\libsccc\lib\libsccc-d-handtech-d10dev.a(mcg-d-handtech-d10dev.o)
 .debug_loc     0x000027cb      0x535 C:\Users\Jake\workspace\libsccc\lib\libsccc-d-handtech-d10dev.a(pin-d-handtech-d10dev.o)
 .debug_loc     0x00002d00     0x14c5 C:\Users\Jake\workspace\libsccc\lib\libsccc-d-handtech-d10dev.a(sim-d-handtech-d10dev.o)
 .debug_loc     0x000041c5       0xb7 C:\Users\Jake\workspace\libsccc\lib\libsccc-d-handtech-d10dev.a(watchdog-d-handtech-d10dev.o)
 .debug_loc     0x0000427c      0x3f2 C:\Users\Jake\workspace\libsccc\lib\libsccc-d-handtech-d10dev.a(system-d-handtech-d10dev.o)
 .debug_loc     0x0000466e      0xe15 C:\Users\Jake\workspace\libsccc\lib\libsccc-d-handtech-d10dev.a(mk60d10_lqfp144-d-handtech-d10dev.o)
 .debug_loc     0x00005483       0xb9 C:\Users\Jake\workspace\libsccc\lib\libsccc-d-handtech-d10dev.a(assert-d-handtech-d10dev.o)
 .debug_loc     0x0000553c      0x26b C:\Users\Jake\workspace\libsccc\lib\libsccc-d-handtech-d10dev.a(syscall-d-handtech-d10dev.o)
 .debug_loc     0x000057a7      0x1b6 C:\Users\Jake\workspace\libsccc\lib\libsccc-d-handtech-d10dev.a(vectors-d-handtech-d10dev.o)
 .debug_loc     0x0000595d       0xc5 C:\Users\Jake\workspace\libsccc\lib\libsccc-d-handtech-d10dev.a(dwt-d-handtech-d10dev.o)
 .debug_loc     0x00005a22      0x748 C:\Users\Jake\workspace\libsccc\lib\libsccc-d-handtech-d10dev.a(sys_tick_timer-d-handtech-d10dev.o)
 .debug_loc     0x0000616a       0x3c C:\Users\Jake\workspace\libsccc\lib\libsccc-d-handtech-d10dev.a(clock_utils-d-handtech-d10dev.o)
 .debug_loc     0x000061a6      0x923 C:\Users\Jake\workspace\libsccc\lib\libsccc-d-handtech-d10dev.a(sys_tick-d-handtech-d10dev.o)

.debug_aranges  0x00000000      0x728
 .debug_aranges
                0x00000000       0x38 obj/main-d-handtech-d10dev.o
 .debug_aranges