Archive member included because of file (symbol)

C:\Users\Jake\workspace\libsccc\lib\libsccc-d-handtech-d10dev.a(startup-d-handtech-d10dev.o)
                              (__thumb_startup)
C:\Users\Jake\workspace\libsccc\lib\libsccc-d-handtech-d10dev.a(system-d-handtech-d10dev.o)
                              C:\Users\Jake\workspace\libsccc\lib\libsccc-d-handtech-d10dev.a(startup-d-handtech-d10dev.o) (SystemInit)
C:\Users\Jake\workspace\libsccc\lib\libsccc-d-handtech-d10dev.a(gpio-d-handtech-d10dev.o)
                              obj/main-d-handtech-d10dev.o (libbase::k60::Gpi::Gpi(libbase::k60::Gpi::Config const&))
C:\Users\Jake\workspace\libsccc\lib\libsccc-d-handtech-d10dev.a(mcg-d-handtech-d10dev.o)
                              obj/main-d-handtech-d10dev.o (libbase::k60::Mcg::Config::Config())
C:\Users\Jake\workspace\libsccc\lib\libsccc-d-handtech-d10dev.a(pin-d-handtech-d10dev.o)
                              C:\Users\Jake\workspace\libsccc\lib\libsccc-d-handtech-d10dev.a(gpio-d-handtech-d10dev.o) (libbase::k60::Pin::Pin(libbase::k60::Pin::Config const&))
C:\Users\Jake\workspace\libsccc\lib\libsccc-d-handtech-d10dev.a(pin_isr_manager-d-handtech-d10dev.o)
                              C:\Users\Jake\workspace\libsccc\lib\libsccc-d-handtech-d10dev.a(gpio-d-handtech-d10dev.o) (libbase::k60::PinIsrManager::GetInstance())
C:\Users\Jake\workspace\libsccc\lib\libsccc-d-handtech-d10dev.a(pit-d-handtech-d10dev.o)
                              obj/main-d-handtech-d10dev.o (libbase::k60::Pit::Pit(libbase::k60::Pit::Config const&))
C:\Users\Jake\workspace\libsccc\lib\libsccc-d-handtech-d10dev.a(sim-d-handtech-d10dev.o)
                              C:\Users\Jake\workspace\libsccc\lib\libsccc-d-handtech-d10dev.a(pin-d-handtech-d10dev.o) (libbase::k60::Sim::SetEnableClockGate(libbase::k60::Sim::ClockGate, bool))
C:\Users\Jake\workspace\libsccc\lib\libsccc-d-handtech-d10dev.a(watchdog-d-handtech-d10dev.o)
                              C:\Users\Jake\workspace\libsccc\lib\libsccc-d-handtech-d10dev.a(startup-d-handtech-d10dev.o) (LibbaseK60WatchdogInit)
C:\Users\Jake\workspace\libsccc\lib\libsccc-d-handtech-d10dev.a(system-d-handtech-d10dev.o)
                              obj/main-d-handtech-d10dev.o (libsc::System::Init())
C:\Users\Jake\workspace\libsccc\lib\libsccc-d-handtech-d10dev.a(endian_utils-d-handtech-d10dev.o)
                              C:\Users\Jake\workspace\libsccc\lib\libsccc-d-handtech-d10dev.a(sim-d-handtech-d10dev.o) (libutil::EndianUtils::IsBigEndian())
C:\Users\Jake\workspace\libsccc\lib\libsccc-d-handtech-d10dev.a(string-d-handtech-d10dev.o)
                              C:\Users\Jake\workspace\libsccc\lib\libsccc-d-handtech-d10dev.a(sim-d-handtech-d10dev.o) (libutil::String::Format(char const*, ...))
C:\Users\Jake\workspace\libsccc\lib\libsccc-d-handtech-d10dev.a(mk60d10_lqfp144-d-handtech-d10dev.o)
                              C:\Users\Jake\workspace\libsccc\lib\libsccc-d-handtech-d10dev.a(pin-d-handtech-d10dev.o) (libbase::k60::Mk60d10Lqfp144::Mk60d10Lqfp144())
C:\Users\Jake\workspace\libsccc\lib\libsccc-d-handtech-d10dev.a(assert-d-handtech-d10dev.o)
                              C:\Users\Jake\workspace\libsccc\lib\libsccc-d-handtech-d10dev.a(gpio-d-handtech-d10dev.o) (__assert_func)
C:\Users\Jake\workspace\libsccc\lib\libsccc-d-handtech-d10dev.a(syscall-d-handtech-d10dev.o)
                              C:\Users\Jake\workspace\libsccc\lib\libsccc-d-handtech-d10dev.a(startup-d-handtech-d10dev.o) (KeepSyscallSymbols)
C:\Users\Jake\workspace\libsccc\lib\libsccc-d-handtech-d10dev.a(vectors-d-handtech-d10dev.o)
                              C:\Users\Jake\workspace\libsccc\lib\libsccc-d-handtech-d10dev.a(pin_isr_manager-d-handtech-d10dev.o) (DefaultIsr)
C:\Users\Jake\workspace\libsccc\lib\libsccc-d-handtech-d10dev.a(dwt-d-handtech-d10dev.o)
                              C:\Users\Jake\workspace\libsccc\lib\libsccc-d-handtech-d10dev.a(system-d-handtech-d10dev.o) (libbase::k60::Dwt::DelayUs(unsigned short))
C:\Users\Jake\workspace\libsccc\lib\libsccc-d-handtech-d10dev.a(sys_tick_timer-d-handtech-d10dev.o)
                              C:\Users\Jake\workspace\libsccc\lib\libsccc-d-handtech-d10dev.a(system-d-handtech-d10dev.o) (libsc::SysTickTimer::SysTickTimer())
C:\Users\Jake\workspace\libsccc\lib\libsccc-d-handtech-d10dev.a(clock_utils-d-handtech-d10dev.o)
                              C:\Users\Jake\workspace\libsccc\lib\libsccc-d-handtech-d10dev.a(sys_tick_timer-d-handtech-d10dev.o) (libbase::k60::ClockUtils::GetCoreClockKhz())
C:\Users\Jake\workspace\libsccc\lib\libsccc-d-handtech-d10dev.a(sys_tick-d-handtech-d10dev.o)
                              C:\Users\Jake\workspace\libsccc\lib\libsccc-d-handtech-d10dev.a(sys_tick_timer-d-handtech-d10dev.o) (libbase::k60::SysTick::~SysTick())
c:/program files (x86)/gnu tools arm embedded/4.8 2014q3/bin/../lib/gcc/arm-none-eabi/4.8.4/../../../../arm-none-eabi/lib/armv7e-m\libstdc++_s.a(new_op.o)
[...]
Memory Configuration

Name             Origin             Length             Attributes
m_interrupts     0x00000000         0x000001e0         xr
m_text           0x00000410         0x0007fbf0         xr
m_data           0x1fff0000         0x00010000         rw
m_data_20000000  0x20000000         0x00010000         rw
m_cfmprotrom     0x00000400         0x00000010         xr
*default*        0x00000000         0xffffffff

Linker script and memory map

LOAD c:/program files (x86)/gnu tools arm embedded/4.8 2014q3/bin/../lib/gcc/arm-none-eabi/4.8.4/armv7e-m/crti.o
LOAD c:/program files (x86)/gnu tools arm embedded/4.8 2014q3/bin/../lib/gcc/arm-none-eabi/4.8.4/armv7e-m/crtbegin.o
LOAD c:/program files (x86)/gnu tools arm embedded/4.8 2014q3/bin/../lib/gcc/arm-none-eabi/4.8.4/../../../../arm-none-eabi/lib/armv7e-m/crt0.o
LOAD obj/main-d-handtech-d10dev.o
LOAD C:\Users\Jake\workspace\libsccc\lib\libsccc-d-handtech-d10dev.a
LOAD c:/program files (x86)/gnu tools arm embedded/4.8 2014q3/bin/../lib/gcc/arm-none-eabi/4.8.4/../../../../arm-none-eabi/lib/armv7e-m\libstdc++_s.a
LOAD c:/program files (x86)/gnu tools arm embedded/4.8 2014q3/bin/../lib/gcc/arm-none-eabi/4.8.4/../../../../arm-none-eabi/lib/armv7e-m\libm.a
START GROUP
LOAD c:/program files (x86)/gnu tools arm embedded/4.8 2014q3/bin/../lib/gcc/arm-none-eabi/4.8.4/armv7e-m\libgcc.a
LOAD c:/program files (x86)/gnu tools arm embedded/4.8 2014q3/bin/../lib/gcc/arm-none-eabi/4.8.4/../../../../arm-none-eabi/lib/armv7e-m\libc_s.a
END GROUP
START GROUP
LOAD c:/program files (x86)/gnu tools arm embedded/4.8 2014q3/bin/../lib/gcc/arm-none-eabi/4.8.4/armv7e-m\libgcc.a
LOAD c:/program files (x86)/gnu tools arm embedded/4.8 2014q3/bin/../lib/gcc/arm-none-eabi/4.8.4/../../../../arm-none-eabi/lib/armv7e-m\libc_s.a
END GROUP
LOAD c:/program files (x86)/gnu tools arm embedded/4.8 2014q3/bin/../lib/gcc/arm-none-eabi/4.8.4/armv7e-m/crtend.o
LOAD c:/program files (x86)/gnu tools arm embedded/4.8 2014q3/bin/../lib/gcc/arm-none-eabi/4.8.4/armv7e-m/crtn.o
                0x20000000                _estack = 0x20000000
                0x20000000                __SP_INIT = _estack
                0x00005000                __heap_size = 0x5000
                0x00001f00                __stack_size = 0x1f00

.interrupts     0x00000000      0x1e0
                0x00000000                __vector_table = .
                0x00000000                . = ALIGN (0x4)
 *(.vectortable)
 .vectortable   0x00000000      0x1e0 C:\Users\Jake\workspace\libsccc\lib\libsccc-d-handtech-d10dev.a(vectors-d-handtech-d10dev.o)
                0x00000000                __vect_table
                0x000001e0                . = ALIGN (0x4)

.cfmprotect     0x00000400       0x10
                0x00000400                . = ALIGN (0x4)
 *(.cfmconfig)
 .cfmconfig     0x00000400       0x10 C:\Users\Jake\workspace\libsccc\lib\libsccc-d-handtech-d10dev.a(system-d-handtech-d10dev.o)
                0x00000400                _cfm
                0x00000410                . = ALIGN (0x4)

.text           0x00000410     0xc594
                0x00000410                . = ALIGN (0x4)
 *(.text)
 .text          0x00000410       0x54 c:/program files (x86)/gnu tools arm embedded/4.8 2014q3/bin/../lib/gcc/arm-none-eabi/4.8.4/armv7e-m/crtbegin.o
 .text          0x00000464     0x5784 c:/program files (x86)/gnu tools arm embedded/4.8 2014q3/bin/../lib/gcc/arm-none-eabi/4.8.4/../../../../arm-none-eabi/lib/armv7e-m\libstdc++_s.a(cp-demangle.o)
                0x00005b08                __cxa_demangle
                0x00005bcc                __gcclibcxx_demangle_callback
 .text          0x00005be8      0x370 c:/program files (x86)/gnu tools arm embedded/4.8 2014q3/bin/../lib/gcc/arm-none-eabi/4.8.4/armv7e-m\libgcc.a(_arm_addsubdf3.o)
                0x00005be8                __aeabi_drsub
                0x00005bf0                __aeabi_dsub
                0x00005bf0                __subdf3
                0x00005bf4                __aeabi_dadd
                0x00005bf4                __adddf3
                0x00005e6c                __floatunsidf
                0x00005e6c                __aeabi_ui2d
                0x00005e8c                __floatsidf
                0x00005e8c                __aeabi_i2d
                0x00005eb0                __aeabi_f2d
                0x00005eb0                __extendsfdf2
                0x00005eec                __floatundidf
                0x00005eec                __aeabi_ul2d
                0x00005efc                __floatdidf
                0x00005efc                __aeabi_l2d
 .text          0x00005f58      0x424 c:/program files (x86)/gnu tools arm embedded/4.8 2014q3/bin/../lib/gcc/arm-none-eabi/4.8.4/armv7e-m\libgcc.a(_arm_muldivdf3.o)
                0x00005f58                __aeabi_dmul
                0x00005f58                __muldf3
                0x000061ac                __divdf3
                0x000061ac                __aeabi_ddiv
 .text          0x0000637c       0x40 c:/program files (x86)/gnu tools arm embedded/4.8 2014q3/bin/../lib/gcc/arm-none-eabi/4.8.4/armv7e-m\libgcc.a(_arm_fixunsdfsi.o)
                0x0000637c                __aeabi_d2uiz
                0x0000637c                __fixunsdfsi
 .text          0x000063bc       0x14 c:/program files (x86)/gnu tools arm embedded/4.8 2014q3/bin/../lib/gcc/arm-none-eabi/4.8.4/../../../../arm-none-eabi/lib/armv7e-m\libc_s.a(lib_a-strcmp.o)
                0x000063bc                strcmp
 .text          0x000063d0      0x110 c:/program files (x86)/gnu tools arm embedded/4.8 2014q3/bin/../lib/gcc/arm-none-eabi/4.8.4/armv7e-m\libgcc.a(_arm_cmpdf2.o)
                0x000063d0                __gtdf2
                0x000063d0                __gedf2
                0x000063d8                __ltdf2
                0x000063d8                __ledf2
                0x000063e0                __nedf2
                0x000063e0                __eqdf2
                0x000063e0                __cmpdf2
                0x0000645c                __aeabi_cdrcmple
                0x0000646c                __aeabi_cdcmpeq
                0x0000646c                __aeabi_cdcmple
                0x0000647c                __aeabi_dcmpeq
                0x00006490                __aeabi_dcmplt
                0x000064a4                __aeabi_dcmple
                0x000064b8                __aeabi_dcmpge
                0x000064cc                __aeabi_dcmpgt
 .text          0x000064e0       0x50 c:/program files (x86)/gnu tools arm embedded/4.8 2014q3/bin/../lib/gcc/arm-none-eabi/4.8.4/armv7e-m\libgcc.a(_arm_fixdfsi.o)
                0x000064e0                __aeabi_d2iz
                0x000064e0                __fixdfsi
 *(.text*)
 .text._ZNSt17_Function_handlerIFvPN7libbase3k603GpiEEPS4_E9_M_invokeERKSt9_Any_dataS3_
                0x00006530        0xc obj/main-d-handtech-d10dev.o
                0x00006530                std::_Function_handler<void (libbase::k60::Gpi*), void (*)(libbase::k60::Gpi*)>::_M_invoke(std::_Any_data const&, libbase::k60::Gpi*)
 .text._ZNSt14_Function_base13_Base_managerIPFvPN7libbase3k603GpiEEE10_M_managerERSt9_Any_dataRKS8_St18_Manager_operation
                0x0000653c       0x18 obj/main-d-handtech-d10dev.o
                0x0000653c                std::_Function_base::_Base_manager<void (*)(libbase::k60::Gpi*)>::_M_manager(std::_Any_data&, std::_Any_data const&, std::_Manager_operation)
 .text._ZNSt17_Function_handlerIFvPN7libbase3k603PitEEPS4_E9_M_invokeERKSt9_Any_dataS3_
                0x00006554        0xc obj/main-d-handtech-d10dev.o
                0x00006554                std::_Function_handler<void (libbase::k60::Pit*), void (*)(libbase::k60::Pit*)>::_M_invoke(std::_Any_data const&, libbase::k60::Pit*)
 .text._ZNSt14_Function_base13_Base_managerIPFvPN7libbase3k603PitEEE10_M_managerERSt9_Any_dataRKS8_St18_Manager_operation
                0x00006560       0x18 obj/main-d-handtech-d10dev.o
                0x00006560                std::_Function_base::_Base_manager<void (*)(libbase::k60::Pit*)>::_M_manager(std::_Any_data&, std::_Any_data const&, std::_Manager_operation)
 .text._Z3JobPN7libbase3k603PitE
                0x00006578        0xc obj/main-d-handtech-d10dev.o
                0x00006578                Job(libbase::k60::Pit*)
 .text._Z11GPIListenerPN7libbase3k603GpiE
                0x00006584       0x18 obj/main-d-handtech-d10dev.o
                0x00006584                GPIListener(libbase::k60::Gpi*)
 .text._ZN7libbase3k603Mcg12GetMcgConfigEv
                0x0000659c       0x1c obj/main-d-handtech-d10dev.o
                0x0000659c                libbase::k60::Mcg::GetMcgConfig()
 .text.startup.main
                0x000065b8      0x11c obj/main-d-handtech-d10dev.o
                0x000065b8                main
 .text.__thumb_startup
                0x000066d4       0xdc C:\Users\Jake\workspace\libsccc\lib\libsccc-d-handtech-d10dev.a(startup-d-handtech-d10dev.o)
                0x000066d4                __thumb_startup
 .text.SystemInit
                0x000067b0       0x14 C:\Users\Jake\workspace\libsccc\lib\libsccc-d-handtech-d10dev.a(system-d-handtech-d10dev.o)
                0x000067b0                SystemInit
 .text._ZNSt17_Function_handlerIFvN7libbase3k603Pin4NameEEZNS1_3Gpi6SetIsrERKSt8functionIFvPS5_EEEUlS3_E_E9_M_invokeERKSt9_Any_dataS3_
                0x000067c4       0x18 C:\Users\Jake\workspace\libsccc\lib\libsccc-d-handtech-d10dev.a(gpio-d-handtech-d10dev.o)
 .text._ZNSt14_Function_base13_Base_managerIZN7libbase3k603Gpi6SetIsrERKSt8functionIFvPS3_EEEUlNS2_3Pin4NameEE_E10_M_managerERSt9_Any_dataRKSE_St18_Manager_operation
                0x000067dc       0x38 C:\Users\Jake\workspace\libsccc\lib\libsccc-d-handtech-d10dev.a(gpio-d-handtech-d10dev.o)
 .text._ZN7libbase3k603Gpi6SetIsrERKSt8functionIFvPS1_EE
                0x00006814       0xb8 C:\Users\Jake\workspace\libsccc\lib\libsccc-d-handtech-d10dev.a(gpio-d-handtech-d10dev.o)
                0x00006814                libbase::k60::Gpi::SetIsr(std::function<void (libbase::k60::Gpi*)> const&)
 .text._ZN7libbase3k603GpiC2ERKNS1_6ConfigE
                0x000068cc       0x50 C:\Users\Jake\workspace\libsccc\lib\libsccc-d-handtech-d10dev.a(gpio-d-handtech-d10dev.o)
                0x000068cc                libbase::k60::Gpi::Gpi(libbase::k60::Gpi::Config const&)
                0x000068cc                libbase::k60::Gpi::Gpi(libbase::k60::Gpi::Config const&)
 .text._ZNK7libbase3k603Gpi3GetEv
                0x0000691c       0x34 C:\Users\Jake\workspace\libsccc\lib\libsccc-d-handtech-d10dev.a(gpio-d-handtech-d10dev.o)
                0x0000691c                libbase::k60::Gpi::Get() const
 .text._ZN7libbase3k603Gpo3SetEb
                0x00006950       0x4c C:\Users\Jake\workspace\libsccc\lib\libsccc-d-handtech-d10dev.a(gpio-d-handtech-d10dev.o)
                0x00006950                libbase::k60::Gpo::Set(bool)
 .text._ZN7libbase3k603GpoC2ERKNS1_6ConfigE
                0x0000699c       0x48 C:\Users\Jake\workspace\libsccc\lib\libsccc-d-handtech-d10dev.a(gpio-d-handtech-d10dev.o)
                0x0000699c                libbase::k60::Gpo::Gpo(libbase::k60::Gpo::Config const&)
                0x0000699c                libbase::k60::Gpo::Gpo(libbase::k60::Gpo::Config const&)
 .text._ZN7libbase3k603Gpo4TurnEv
                0x000069e4       0x30 C:\Users\Jake\workspace\libsccc\lib\libsccc-d-handtech-d10dev.a(gpio-d-handtech-d10dev.o)
                0x000069e4                libbase::k60::Gpo::Turn()
 .text._ZN7libbase3k603Mcg6ConfigC2Ev
                0x00006a14       0x24 C:\Users\Jake\workspace\libsccc\lib\libsccc-d-handtech-d10dev.a(mcg-d-handtech-d10dev.o)
                0x00006a14                libbase::k60::Mcg::Config::Config()
                0x00006a14                libbase::k60::Mcg::Config::Config()
 .text._ZN7libbase3k603McgC2Ev
                0x00006a38        0x8 C:\Users\Jake\workspace\libsccc\lib\libsccc-d-handtech-d10dev.a(mcg-d-handtech-d10dev.o)
                0x00006a38                libbase::k60::Mcg::Mcg()
                0x00006a38                libbase::k60::Mcg::Mcg()
 .text._ZN7libbase3k603Mcg7InitFbeERKNS1_6ConfigE
                0x00006a40       0xec C:\Users\Jake\workspace\libsccc\lib\libsccc-d-handtech-d10dev.a(mcg-d-handtech-d10dev.o)
                0x00006a40                libbase::k60::Mcg::InitFbe(libbase::k60::Mcg::Config const&)
 .text._ZN7libbase3k603Mcg7InitPbeERKNS1_6ConfigEh
                0x00006b2c       0x34 C:\Users\Jake\workspace\libsccc\lib\libsccc-d-handtech-d10dev.a(mcg-d-handtech-d10dev.o)
                0x00006b2c                libbase::k60::Mcg::InitPbe(libbase::k60::Mcg::Config const&, unsigned char)
 .text._ZN7libbase3k603Mcg10InitClocksERKNS1_6ConfigEm
                0x00006b60      0x134 C:\Users\Jake\workspace\libsccc\lib\libsccc-d-handtech-d10dev.a(mcg-d-handtech-d10dev.o)
                0x00006b60                libbase::k60::Mcg::InitClocks(libbase::k60::Mcg::Config const&, unsigned long)
 .text._ZN7libbase3k603Mcg4InitEv
                0x00006c94       0xc4 C:\Users\Jake\workspace\libsccc\lib\libsccc-d-handtech-d10dev.a(mcg-d-handtech-d10dev.o)
                0x00006c94                libbase::k60::Mcg::Init()
 .text.LibbaseK60McgInit
                0x00006d58       0x3c C:\Users\Jake\workspace\libsccc\lib\libsccc-d-handtech-d10dev.a(mcg-d-handtech-d10dev.o)
                0x00006d58                LibbaseK60McgInit
 .text._ZN7libbase3k6012_GLOBAL__N_115SetInterruptBitENS0_3Pin6Config9InterruptEPm
                0x00006d94       0x64 C:\Users\Jake\workspace\libsccc\lib\libsccc-d-handtech-d10dev.a(pin-d-handtech-d10dev.o)
 .text._ZN7libbase3k603PinC2ERKNS1_6ConfigE
                0x00006df8      0x114 C:\Users\Jake\workspace\libsccc\lib\libsccc-d-handtech-d10dev.a(pin-d-handtech-d10dev.o)
                0x00006df8                libbase::k60::Pin::Pin(libbase::k60::Pin::Config const&)
                0x00006df8                libbase::k60::Pin::Pin(libbase::k60::Pin::Config const&)
 .text._ZN7libbase3k603Pin20IsInterruptRequestedENS1_4NameE
                0x00006f0c       0x20 C:\Users\Jake\workspace\libsccc\lib\libsccc-d-handtech-d10dev.a(pin-d-handtech-d10dev.o)
                0x00006f0c                libbase::k60::Pin::IsInterruptRequested(libbase::k60::Pin::Name)
 .text._ZN7libbase3k603Pin16ConsumeInterruptENS1_4NameE
                0x00006f2c       0x24 C:\Users\Jake\workspace\libsccc\lib\libsccc-d-handtech-d10dev.a(pin-d-handtech-d10dev.o)
                0x00006f2c                libbase::k60::Pin::ConsumeInterrupt(libbase::k60::Pin::Name)
 .text._ZN7libbase3k6013PinIsrManager11GetInstanceEv
                0x00006f50       0x2c C:\Users\Jake\workspace\libsccc\lib\libsccc-d-handtech-d10dev.a(pin_isr_manager-d-handtech-d10dev.o)
                0x00006f50                libbase::k60::PinIsrManager::GetInstance()
 .text._ZN7libbase3k6013PinIsrManager8InitPortEj
                0x00006f7c       0xb4 C:\Users\Jake\workspace\libsccc\lib\libsccc-d-handtech-d10dev.a(pin_isr_manager-d-handtech-d10dev.o)
                0x00006f7c                libbase::k60::PinIsrManager::InitPort(unsigned int)
 .text._ZN7libbase3k6013PinIsrManager10SetPinIsr_EPNS0_3PinERKSt8functionIFvNS2_4NameEEE
                0x00007030      0x104 C:\Users\Jake\workspace\libsccc\lib\libsccc-d-handtech-d10dev.a(pin_isr_manager-d-handtech-d10dev.o)
                0x00007030                libbase::k60::PinIsrManager::SetPinIsr_(libbase::k60::Pin*, std::function<void (libbase::k60::Pin::Name)> const&)
 .text._ZNKSt8functionIFvN7libbase3k603Pin4NameEEEclES3_
                0x00007134       0x10 C:\Users\Jake\workspace\libsccc\lib\libsccc-d-handtech-d10dev.a(pin_isr_manager-d-handtech-d10dev.o)
                0x00007134                std::function<void (libbase::k60::Pin::Name)>::operator()(libbase::k60::Pin::Name) const
 .text._ZN7libbase3k6013PinIsrManager14PortIrqHandlerILj4EEEvv
                0x00007144       0x48 C:\Users\Jake\workspace\libsccc\lib\libsccc-d-handtech-d10dev.a(pin_isr_manager-d-handtech-d10dev.o)
                0x00007144                void libbase::k60::PinIsrManager::PortIrqHandler<4u>()
 .text._ZN7libbase3k6013PinIsrManager14PortIrqHandlerILj3EEEvv
                0x0000718c       0x48 C:\Users\Jake\workspace\libsccc\lib\libsccc-d-handtech-d10dev.a(pin_isr_manager-d-handtech-d10dev.o)
                0x0000718c                void libbase::k60::PinIsrManager::PortIrqHandler<3u>()
 .text._ZN7libbase3k6013PinIsrManager14PortIrqHandlerILj2EEEvv
                0x000071d4       0x48 C:\Users\Jake\workspace\libsccc\lib\libsccc-d-handtech-d10dev.a(pin_isr_manager-d-handtech-d10dev.o)
                0x000071d4                void libbase::k60::PinIsrManager::PortIrqHandler<2u>()
 .text._ZN7libbase3k6013PinIsrManager14PortIrqHandlerILj1EEEvv
                0x0000721c       0x48 C:\Users\Jake\workspace\libsccc\lib\libsccc-d-handtech-d10dev.a(pin_isr_manager-d-handtech-d10dev.o)
                0x0000721c                void libbase::k60::PinIsrManager::PortIrqHandler<1u>()
 .text._ZN7libbase3k6013PinIsrManager14PortIrqHandlerILj0EEEvv
                0x00007264       0x48 C:\Users\Jake\workspace\libsccc\lib\libsccc-d-handtech-d10dev.a(pin_isr_manager-d-handtech-d10dev.o)
                0x00007264                void libbase::k60::PinIsrManager::PortIrqHandler<0u>()
 .text._ZN7libbase3k603Pit10IrqHandlerEv
                0x000072ac       0x64 C:\Users\Jake\workspace\libsccc\lib\libsccc-d-handtech-d10dev.a(pit-d-handtech-d10dev.o)
                0x000072ac                libbase::k60::Pit::IrqHandler()
 .text._ZN7libbase3k603Pit6SetIsrERKSt8functionIFvPS1_EE
                0x00007310       0xc8 C:\Users\Jake\workspace\libsccc\lib\libsccc-d-handtech-d10dev.a(pit-d-handtech-d10dev.o)
                0x00007310                libbase::k60::Pit::SetIsr(std::function<void (libbase::k60::Pit*)> const&)
 .text._ZN7libbase3k603Pit9SetEnableEb
                0x000073d8       0x38 C:\Users\Jake\workspace\libsccc\lib\libsccc-d-handtech-d10dev.a(pit-d-handtech-d10dev.o)
                0x000073d8                libbase::k60::Pit::SetEnable(bool)
 .text._ZN7libbase3k603Pit8SetCountEm
                0x00007410       0x58 C:\Users\Jake\workspace\libsccc\lib\libsccc-d-handtech-d10dev.a(pit-d-handtech-d10dev.o)
                0x00007410                libbase::k60::Pit::SetCount(unsigned long)
 .text._ZN7libbase3k603Pit16ConsumeInterruptEv
                0x00007468       0x28 C:\Users\Jake\workspace\libsccc\lib\libsccc-d-handtech-d10dev.a(pit-d-handtech-d10dev.o)
                0x00007468                libbase::k60::Pit::ConsumeInterrupt()
 .text._ZN7libbase3k603PitC2ERKNS1_6ConfigE
                0x00007490       0xb4 C:\Users\Jake\workspace\libsccc\lib\libsccc-d-handtech-d10dev.a(pit-d-handtech-d10dev.o)
                0x00007490                libbase::k60::Pit::Pit(libbase::k60::Pit::Config const&)
                0x00007490                libbase::k60::Pit::Pit(libbase::k60::Pit::Config const&)
 .text._ZN7libbase3k603Sim18SetEnableClockGateENS1_9ClockGateEb
                0x00007544      0x400 C:\Users\Jake\workspace\libsccc\lib\libsccc-d-handtech-d10dev.a(sim-d-handtech-d10dev.o)
                0x00007544                libbase::k60::Sim::SetEnableClockGate(libbase::k60::Sim::ClockGate, bool)
 .text._ZN7libbase3k608Watchdog13InitStctrlRegERKNS1_6ConfigE
                0x00007944       0x34 C:\Users\Jake\workspace\libsccc\lib\libsccc-d-handtech-d10dev.a(watchdog-d-handtech-d10dev.o)
                0x00007944                libbase::k60::Watchdog::InitStctrlReg(libbase::k60::Watchdog::Config const&)
 .text._ZN7libbase3k608Watchdog14InitTimeOutRegERKNS1_6ConfigE
                0x00007978       0x30 C:\Users\Jake\workspace\libsccc\lib\libsccc-d-handtech-d10dev.a(watchdog-d-handtech-d10dev.o)
                0x00007978                libbase::k60::Watchdog::InitTimeOutReg(libbase::k60::Watchdog::Config const&)
 .text._ZN7libbase3k608Watchdog17GetWatchdogConfigEv
                0x000079a8        0xc C:\Users\Jake\workspace\libsccc\lib\libsccc-d-handtech-d10dev.a(watchdog-d-handtech-d10dev.o)
                0x000079a8                libbase::k60::Watchdog::GetWatchdogConfig()
 .text._ZN7libbase3k608Watchdog4InitEv
                0x000079b4       0x3c C:\Users\Jake\workspace\libsccc\lib\libsccc-d-handtech-d10dev.a(watchdog-d-handtech-d10dev.o)
                0x000079b4                libbase::k60::Watchdog::Init()
 .text.LibbaseK60WatchdogInit
                0x000079f0        0x4 C:\Users\Jake\workspace\libsccc\lib\libsccc-d-handtech-d10dev.a(watchdog-d-handtech-d10dev.o)
                0x000079f0                LibbaseK60WatchdogInit
 .text.LibbaseK60WatchdogIsr
                0x000079f4       0x20 C:\Users\Jake\workspace\libsccc\lib\libsccc-d-handtech-d10dev.a(watchdog-d-handtech-d10dev.o)
                0x000079f4                LibbaseK60WatchdogIsr
 .text._ZN5libsc5DelayD2Ev
                0x00007a14        0xc C:\Users\Jake\workspace\libsccc\lib\libsccc-d-handtech-d10dev.a(system-d-handtech-d10dev.o)
                0x00007a14                libsc::Delay::~Delay()
                0x00007a14                libsc::Delay::~Delay()
 .text._ZN5libsc5Delay7DelayMsEt
                0x00007a20       0x20 C:\Users\Jake\workspace\libsccc\lib\libsccc-d-handtech-d10dev.a(system-d-handtech-d10dev.o)
                0x00007a20                libsc::Delay::DelayMs(unsigned short)
 .text._ZN5libsc5Delay6DelaySEt
                0x00007a40       0x20 C:\Users\Jake\workspace\libsccc\lib\libsccc-d-handtech-d10dev.a(system-d-handtech-d10dev.o)
                0x00007a40                libsc::Delay::DelayS(unsigned short)
 .text._ZN5libsc3k608DwtDelayD2Ev
                0x00007a60        0xc C:\Users\Jake\workspace\libsccc\lib\libsccc-d-handtech-d10dev.a(system-d-handtech-d10dev.o)
                0x00007a60                libsc::k60::DwtDelay::~DwtDelay()
                0x00007a60                libsc::k60::DwtDelay::~DwtDelay()
 .text._ZN5libsc5DelayD0Ev
                0x00007a6c       0x14 C:\Users\Jake\workspace\libsccc\lib\libsccc-d-handtech-d10dev.a(system-d-handtech-d10dev.o)
                0x00007a6c                libsc::Delay::~Delay()
 .text._ZN5libsc3k608DwtDelayD0Ev
                0x00007a80       0x14 C:\Users\Jake\workspace\libsccc\lib\libsccc-d-handtech-d10dev.a(system-d-handtech-d10dev.o)
                0x00007a80                libsc::k60::DwtDelay::~DwtDelay()
 .text._ZN5libsc3k608DwtDelay7DelayUsEt
                0x00007a94        0x8 C:\Users\Jake\workspace\libsccc\lib\libsccc-d-handtech-d10dev.a(system-d-handtech-d10dev.o)
                0x00007a94                libsc::k60::DwtDelay::DelayUs(unsigned short)
 .text._ZN5libsc6System4InitEv
                0x00007a9c       0x28 C:\Users\Jake\workspace\libsccc\lib\libsccc-d-handtech-d10dev.a(system-d-handtech-d10dev.o)
                0x00007a9c                libsc::System::Init()
 .text._ZN5libsc6System7DelayMsEt
                0x00007ac4       0x40 C:\Users\Jake\workspace\libsccc\lib\libsccc-d-handtech-d10dev.a(system-d-handtech-d10dev.o)
                0x00007ac4                libsc::System::DelayMs(unsigned short)
 .text._ZN5libsc6System4TimeEv
                0x00007b04       0x2c C:\Users\Jake\workspace\libsccc\lib\libsccc-d-handtech-d10dev.a(system-d-handtech-d10dev.o)
                0x00007b04                libsc::System::Time()
 .text._ZN7libbase3k6012_GLOBAL__N_18GetPinIdENS0_3Pin4NameE
                0x00007b30       0xc0 C:\Users\Jake\workspace\libsccc\lib\libsccc-d-handtech-d10dev.a(mk60d10_lqfp144-d-handtech-d10dev.o)
 .text._ZN7libbase3k6014Mk60d10Lqfp144C2Ev
                0x00007bf0       0x10 C:\Users\Jake\workspace\libsccc\lib\libsccc-d-handtech-d10dev.a(mk60d10_lqfp144-d-handtech-d10dev.o)
                0x00007bf0                libbase::k60::Mk60d10Lqfp144::Mk60d10Lqfp144()
                0x00007bf0                libbase::k60::Mk60d10Lqfp144::Mk60d10Lqfp144()
 .text._ZN7libbase3k6014Mk60d10Lqfp1447RegPin_Ej
                0x00007c00       0x40 C:\Users\Jake\workspace\libsccc\lib\libsccc-d-handtech-d10dev.a(mk60d10_lqfp144-d-handtech-d10dev.o)
                0x00007c00                libbase::k60::Mk60d10Lqfp144::RegPin_(unsigned int)
 .text._ZN7libbase3k6014Mk60d10Lqfp1447RegPin_ENS0_3Pin4NameE
                0x00007c40       0x18 C:\Users\Jake\workspace\libsccc\lib\libsccc-d-handtech-d10dev.a(mk60d10_lqfp144-d-handtech-d10dev.o)
                0x00007c40                libbase::k60::Mk60d10Lqfp144::RegPin_(libbase::k60::Pin::Name)
 .text.__assert_func
                0x00007c58       0x34 C:\Users\Jake\workspace\libsccc\lib\libsccc-d-handtech-d10dev.a(assert-d-handtech-d10dev.o)
                0x00007c58                __assert_func
 .text._exit    0x00007c8c        0x4 C:\Users\Jake\workspace\libsccc\lib\libsccc-d-handtech-d10dev.a(syscall-d-handtech-d10dev.o)
                0x00007c8c                _exit
 .text._fstat   0x00007c90        0xc C:\Users\Jake\workspace\libsccc\lib\libsccc-d-handtech-d10dev.a(syscall-d-handtech-d10dev.o)
                0x00007c90                _fstat
 .text._isatty  0x00007c9c        0x4 C:\Users\Jake\workspace\libsccc\lib\libsccc-d-handtech-d10dev.a(syscall-d-handtech-d10dev.o)
                0x00007c9c                _isatty
 .text._lseek   0x00007ca0        0x4 C:\Users\Jake\workspace\libsccc\lib\libsccc-d-handtech-d10dev.a(syscall-d-handtech-d10dev.o)
                0x00007ca0                _lseek
 .text._read    0x00007ca4        0x4 C:\Users\Jake\workspace\libsccc\lib\libsccc-d-handtech-d10dev.a(syscall-d-handtech-d10dev.o)
                0x00007ca4                _read
 .text._write   0x00007ca8       0x14 C:\Users\Jake\workspace\libsccc\lib\libsccc-d-handtech-d10dev.a(syscall-d-handtech-d10dev.o)
                0x00007ca8                _write
 .text._close   0x00007cbc        0x8 C:\Users\Jake\workspace\libsccc\lib\libsccc-d-handtech-d10dev.a(syscall-d-handtech-d10dev.o)
                0x00007cbc                _close
 .text._sbrk    0x00007cc4       0x44 C:\Users\Jake\workspace\libsccc\lib\libsccc-d-handtech-d10dev.a(syscall-d-handtech-d10dev.o)
                0x00007cc4                _sbrk
 .text._getpid  0x00007d08        0x4 C:\Users\Jake\workspace\libsccc\lib\libsccc-d-handtech-d10dev.a(syscall-d-handtech-d10dev.o)
                0x00007d08                _getpid
 .text._kill    0x00007d0c       0x10 C:\Users\Jake\workspace\libsccc\lib\libsccc-d-handtech-d10dev.a(syscall-d-handtech-d10dev.o)
                0x00007d0c                _kill
 .text.KeepSyscallSymbols
                0x00007d1c        0x4 C:\Users\Jake\workspace\libsccc\lib\libsccc-d-handtech-d10dev.a(syscall-d-handtech-d10dev.o)
                0x00007d1c                KeepSyscallSymbols
 .text.HardFaultHandlerAsm
                0x00007d20       0x1c C:\Users\Jake\workspace\libsccc\lib\libsccc-d-handtech-d10dev.a(vectors-d-handtech-d10dev.o)
                0x00007d20                HardFaultHandlerAsm
 .text.DefaultIsr
                0x00007d3c       0x28 C:\Users\Jake\workspace\libsccc\lib\libsccc-d-handtech-d10dev.a(vectors-d-handtech-d10dev.o)
                0x00007d3c                DefaultIsr
 .text.InitVectorTable
                0x00007d64       0x4c C:\Users\Jake\workspace\libsccc\lib\libsccc-d-handtech-d10dev.a(vectors-d-handtech-d10dev.o)
                0x00007d64                InitVectorTable
 .text.InitIrqPriority
                0x00007db0       0x18 C:\Users\Jake\workspace\libsccc\lib\libsccc-d-handtech-d10dev.a(vectors-d-handtech-d10dev.o)
                0x00007db0                InitIrqPriority
 .text.SetIsr   0x00007dc8       0x1c C:\Users\Jake\workspace\libsccc\lib\libsccc-d-handtech-d10dev.a(vectors-d-handtech-d10dev.o)
                0x00007dc8                SetIsr
 .text.EnableIrq
                0x00007de4       0x18 C:\Users\Jake\workspace\libsccc\lib\libsccc-d-handtech-d10dev.a(vectors-d-handtech-d10dev.o)
                0x00007de4                EnableIrq
 .text.DisableIrq
                0x00007dfc       0x1c C:\Users\Jake\workspace\libsccc\lib\libsccc-d-handtech-d10dev.a(vectors-d-handtech-d10dev.o)
                0x00007dfc                DisableIrq
 .text.HardFaultHandlerC
                0x00007e18       0x68 C:\Users\Jake\workspace\libsccc\lib\libsccc-d-handtech-d10dev.a(vectors-d-handtech-d10dev.o)
                0x00007e18                HardFaultHandlerC
 .text._ZN7libbase3k603Dwt7DelayUsEt
                0x00007e80       0x70 C:\Users\Jake\workspace\libsccc\lib\libsccc-d-handtech-d10dev.a(dwt-d-handtech-d10dev.o)
                0x00007e80                libbase::k60::Dwt::DelayUs(unsigned short)
 .text._ZN5libsc5TimerD2Ev
                0x00007ef0        0xc C:\Users\Jake\workspace\libsccc\lib\libsccc-d-handtech-d10dev.a(sys_tick_timer-d-handtech-d10dev.o)
                0x00007ef0                libsc::Timer::~Timer()
                0x00007ef0                libsc::Timer::~Timer()
 .text._ZN5libsc12SysTickTimer4TimeEv
                0x00007efc        0x8 C:\Users\Jake\workspace\libsccc\lib\libsccc-d-handtech-d10dev.a(sys_tick_timer-d-handtech-d10dev.o)
                0x00007efc                libsc::SysTickTimer::Time()
 .text._ZN5libsc12SysTickTimer6OnTickEPN7libbase3k607SysTickE
                0x00007f04        0x8 C:\Users\Jake\workspace\libsccc\lib\libsccc-d-handtech-d10dev.a(sys_tick_timer-d-handtech-d10dev.o)
                0x00007f04                libsc::SysTickTimer::OnTick(libbase::k60::SysTick*)
 .text._ZN5libsc5TimerD0Ev
                0x00007f0c       0x14 C:\Users\Jake\workspace\libsccc\lib\libsccc-d-handtech-d10dev.a(sys_tick_timer-d-handtech-d10dev.o)
                0x00007f0c                libsc::Timer::~Timer()
 .text._ZN5libsc12SysTickTimerD2Ev
                0x00007f20       0x20 C:\Users\Jake\workspace\libsccc\lib\libsccc-d-handtech-d10dev.a(sys_tick_timer-d-handtech-d10dev.o)
                0x00007f20                libsc::SysTickTimer::~SysTickTimer()
                0x00007f20                libsc::SysTickTimer::~SysTickTimer()
 .text._ZN5libsc12SysTickTimerD0Ev
                0x00007f40       0x24 C:\Users\Jake\workspace\libsccc\lib\libsccc-d-handtech-d10dev.a(sys_tick_timer-d-handtech-d10dev.o)
                0x00007f40                libsc::SysTickTimer::~SysTickTimer()
 .text._ZNSt14_Function_base13_Base_managerISt5_BindIFSt7_Mem_fnIMN5libsc12SysTickTimerEFvPN7libbase3k607SysTickEEEPS4_St12_PlaceholderILi1EEEEE10_M_managerERSt9_Any_dataRKSI_St18_Manager_operation
                0x00007f64       0x40 C:\Users\Jake\workspace\libsccc\lib\libsccc-d-handtech-d10dev.a(sys_tick_timer-d-handtech-d10dev.o)
                0x00007f64                std::_Function_base::_Base_manager<std::_Bind<std::_Mem_fn<void (libsc::SysTickTimer::*)(libbase::k60::SysTick*)> (libsc::SysTickTimer*, std::_Placeholder<1>)> >::_M_manager(std::_Any_data&, std::_Any_data const&, std::_Manager_operation)
 .text._ZNSt17_Function_handlerIFvPN7libbase3k607SysTickEESt5_BindIFSt7_Mem_fnIMN5libsc12SysTickTimerEFvS3_EEPS8_St12_PlaceholderILi1EEEEE9_M_invokeERKSt9_Any_dataS3_
                0x00007fa4       0x24 C:\Users\Jake\workspace\libsccc\lib\libsccc-d-handtech-d10dev.a(sys_tick_timer-d-handtech-d10dev.o)
                0x00007fa4                std::_Function_handler<void (libbase::k60::SysTick*), std::_Bind<std::_Mem_fn<void (libsc::SysTickTimer::*)(libbase::k60::SysTick*)> (libsc::SysTickTimer*, std::_Placeholder<1>)> >::_M_invoke(std::_Any_data const&, libbase::k60::SysTick*)
 .text._ZN5libsc12SysTickTimerC2Ev
                0x00007fc8       0xe8 C:\Users\Jake\workspace\libsccc\lib\libsccc-d-handtech-d10dev.a(sys_tick_timer-d-handtech-d10dev.o)
                0x00007fc8                libsc::SysTickTimer::SysTickTimer()
                0x00007fc8                libsc::SysTickTimer::SysTickTimer()
 .text._ZN7libbase3k6010ClockUtils15GetCoreClockKhzEv
                0x000080b0       0x68 C:\Users\Jake\workspace\libsccc\lib\libsccc-d-handtech-d10dev.a(clock_utils-d-handtech-d10dev.o)
                0x000080b0                libbase::k60::ClockUtils::GetCoreClockKhz()
 .text._ZN7libbase3k6010ClockUtils15GetCoreClockMhzEv
                0x00008118       0x68 C:\Users\Jake\workspace\libsccc\lib\libsccc-d-handtech-d10dev.a(clock_utils-d-handtech-d10dev.o)
                0x00008118                libbase::k60::ClockUtils::GetCoreClockMhz()
 .text._ZN7libbase3k607SysTick10IrqHandlerEv
                0x00008180       0x54 C:\Users\Jake\workspace\libsccc\lib\libsccc-d-handtech-d10dev.a(sys_tick-d-handtech-d10dev.o)
                0x00008180                libbase::k60::SysTick::IrqHandler()
 .text._ZN7libbase3k607SysTick6SetIsrERKSt8functionIFvPS1_EE
                0x000081d4       0x94 C:\Users\Jake\workspace\libsccc\lib\libsccc-d-handtech-d10dev.a(sys_tick-d-handtech-d10dev.o)
                0x000081d4                libbase::k60::SysTick::SetIsr(std::function<void (libbase::k60::SysTick*)> const&)
 .text._ZN7libbase3k607SysTick9SetEnableEb
                0x00008268       0x2c C:\Users\Jake\workspace\libsccc\lib\libsccc-d-handtech-d10dev.a(sys_tick-d-handtech-d10dev.o)
                0x00008268                libbase::k60::SysTick::SetEnable(bool)
 .text._ZN7libbase3k607SysTick6UninitEv.part.4
                0x00008294       0x34 C:\Users\Jake\workspace\libsccc\lib\libsccc-d-handtech-d10dev.a(sys_tick-d-handtech-d10dev.o)
 .text._ZN7libbase3k607SysTickD2Ev
                0x000082c8       0x20 C:\Users\Jake\workspace\libsccc\lib\libsccc-d-handtech-d10dev.a(sys_tick-d-handtech-d10dev.o)
                0x000082c8                libbase::k60::SysTick::~SysTick()
                0x000082c8                libbase::k60::SysTick::~SysTick()
 .text._ZN7libbase3k607SysTick8SetCountEm
                0x000082e8       0x44 C:\Users\Jake\workspace\libsccc\lib\libsccc-d-handtech-d10dev.a(sys_tick-d-handtech-d10dev.o)
                0x000082e8                libbase::k60::SysTick::SetCount(unsigned long)
 .text._ZN7libbase3k607SysTickC2ERKNS1_6ConfigE
                0x0000832c       0x74 C:\Users\Jake\workspace\libsccc\lib\libsccc-d-handtech-d10dev.a(sys_tick-d-handtech-d10dev.o)
                0x0000832c                libbase::k60::SysTick::SysTick(libbase::k60::SysTick::Config const&)
                0x0000832c                libbase::k60::SysTick::SysTick(libbase::k60::SysTick::Config const&)
 .text._Znwj    0x000083a0       0x28 c:/program files (x86)/gnu tools arm embedded/4.8 2014q3/bin/../lib/gcc/arm-none-eabi/4.8.4/../../../../arm-none-eabi/lib/armv7e-m\libstdc++_s.a(new_op.o)
                0x000083a0                operator new(unsigned int)
 .text._ZdlPv   0x000083c8        0x8 c:/program files (x86)/gnu tools arm embedded/4.8 2014q3/bin/../lib/gcc/arm-none-eabi/4.8.4/../../../../arm-none-eabi/lib/armv7e-m\libstdc++_s.a(del_op.o)
                0x000083c8                operator delete(void*)
 .text.__cxa_guard_acquire
                0x000083d0       0x1c c:/program files (x86)/gnu tools arm embedded/4.8 2014q3/bin/../lib/gcc/arm-none-eabi/4.8.4/../../../../arm-none-eabi/lib/armv7e-m\libstdc++_s.a(guard.o)
                0x000083d0                __cxa_guard_acquire
 .text.__cxa_guard_release
                0x000083ec        0x6 c:/program files (x86)/gnu tools arm embedded/4.8 2014q3/bin/../lib/gcc/arm-none-eabi/4.8.4/../../../../arm-none-eabi/lib/armv7e-m\libstdc++_s.a(guard.o)
                0x000083ec                __cxa_guard_release
 *fill*         0x000083f2        0x2 
 .text.__cxa_pure_virtual
                0x000083f4       0x14 c:/program files (x86)/gnu tools arm embedded/4.8 2014q3/bin/../lib/gcc/arm-none-eabi/4.8.4/../../../../arm-none-eabi/lib/armv7e-m\libstdc++_s.a(pure.o)
                0x000083f4                __cxa_pure_virtual
 .text._Znaj    0x00008408        0x4 c:/program files (x86)/gnu tools arm embedded/4.8 2014q3/bin/../lib/gcc/arm-none-eabi/4.8.4/../../../../arm-none-eabi/lib/armv7e-m\libstdc++_s.a(new_opv.o)
                0x00008408                operator new[](unsigned int)
 .text._ZSt25__throw_bad_function_callv
                0x0000840c        0x6 c:/program files (x86)/gnu tools arm embedded/4.8 2014q3/bin/../lib/gcc/arm-none-eabi/4.8.4/../../../../arm-none-eabi/lib/armv7e-m\libstdc++_s.a(functexcept.o)
                0x0000840c                std::__throw_bad_function_call()
 .text._ZN10__cxxabiv111__terminateEPFvvE
                0x00008412        0x8 c:/program files (x86)/gnu tools arm embedded/4.8 2014q3/bin/../lib/gcc/arm-none-eabi/4.8.4/../../../../arm-none-eabi/lib/armv7e-m\libstdc++_s.a(eh_terminate.o)
                0x00008412                __cxxabiv1::__terminate(void (*)())
 *fill*         0x0000841a        0x2 
 .text._ZSt9terminatev
                0x0000841c       0x10 c:/program files (x86)/gnu tools arm embedded/4.8 2014q3/bin/../lib/gcc/arm-none-eabi/4.8.4/../../../../arm-none-eabi/lib/armv7e-m\libstdc++_s.a(eh_terminate.o)
                0x0000841c                std::terminate()
 .text._ZN9__gnu_cxx27__verbose_terminate_handlerEv
                0x0000842c       0x98 c:/program files (x86)/gnu tools arm embedded/4.8 2014q3/bin/../lib/gcc/arm-none-eabi/4.8.4/../../../../arm-none-eabi/lib/armv7e-m\libstdc++_s.a(vterminate.o)
                0x0000842c                __gnu_cxx::__verbose_terminate_handler()
 .text.__cxa_current_exception_type
                0x000084c4       0x1a c:/program files (x86)/gnu tools arm embedded/4.8 2014q3/bin/../lib/gcc/arm-none-eabi/4.8.4/../../../../arm-none-eabi/lib/armv7e-m\libstdc++_s.a(eh_type.o)
                0x000084c4                __cxa_current_exception_type
 *fill*         0x000084de        0x2 
 .text.__cxa_get_globals
                0x000084e0        0x8 c:/program files (x86)/gnu tools arm embedded/4.8 2014q3/bin/../lib/gcc/arm-none-eabi/4.8.4/../../../../arm-none-eabi/lib/armv7e-m\libstdc++_s.a(eh_globals.o)
                0x000084e0                __cxa_get_globals
 .text.abort    0x000084e8        0xe c:/program files (x86)/gnu tools arm embedded/4.8 2014q3/bin/../lib/gcc/arm-none-eabi/4.8.4/../../../../arm-none-eabi/lib/armv7e-m\libc_s.a(lib_a-abort.o)
                0x000084e8                abort
 *fill*         0x000084f6        0x2 
 .text._fputs_r
                0x000084f8       0xa8 c:/program files (x86)/gnu tools arm embedded/4.8 2014q3/bin/../lib/gcc/arm-none-eabi/4.8.4/../../../../arm-none-eabi/lib/armv7e-m\libc_s.a(lib_a-fputs.o)
                0x000084f8                _fputs_r
 .text.fputs    0x000085a0       0x14 c:/program files (x86)/gnu tools arm embedded/4.8 2014q3/bin/../lib/gcc/arm-none-eabi/4.8.4/../../../../arm-none-eabi/lib/armv7e-m\libc_s.a(lib_a-fputs.o)
                0x000085a0                fputs
 .text.__libc_init_array
                0x000085b4       0x4c c:/program files (x86)/gnu tools arm embedded/4.8 2014q3/bin/../lib/gcc/arm-none-eabi/4.8.4/../../../../arm-none-eabi/lib/armv7e-m\libc_s.a(lib_a-init.o)
                0x000085b4                __libc_init_array
 .text.malloc   0x00008600       0x10 c:/program files (x86)/gnu tools arm embedded/4.8 2014q3/bin/../lib/gcc/arm-none-eabi/4.8.4/../../../../arm-none-eabi/lib/armv7e-m\libc_s.a(lib_a-malloc.o)
                0x00008600                malloc
 .text.free     0x00008610       0x10 c:/program files (x86)/gnu tools arm embedded/4.8 2014q3/bin/../lib/gcc/arm-none-eabi/4.8.4/../../../../arm-none-eabi/lib/armv7e-m\libc_s.a(lib_a-malloc.o)
                0x00008610                free
 .text.memchr   0x00008620       0x1e c:/program files (x86)/gnu tools arm embedded/4.8 2014q3/bin/../lib/gcc/arm-none-eabi/4.8.4/../../../../arm-none-eabi/lib/armv7e-m\libc_s.a(lib_a-memchr-stub.o)
                0x00008620                memchr
 .text.memcmp   0x0000863e       0x1e c:/program files (x86)/gnu tools arm embedded/4.8 2014q3/bin/../lib/gcc/arm-none-eabi/4.8.4/../../../../arm-none-eabi/lib/armv7e-m\libc_s.a(lib_a-memcmp.o)
                0x0000863e                memcmp
 .text.memcpy   0x0000865c       0x12 c:/program files (x86)/gnu tools arm embedded/4.8 2014q3/bin/../lib/gcc/arm-none-eabi/4.8.4/../../../../arm-none-eabi/lib/armv7e-m\libc_s.a(lib_a-memcpy-stub.o)
                0x0000865c                memcpy
 .text.memmove  0x0000866e       0x36 c:/program files (x86)/gnu tools arm embedded/4.8 2014q3/bin/../lib/gcc/arm-none-eabi/4.8.4/../../../../arm-none-eabi/lib/armv7e-m\libc_s.a(lib_a-memmove.o)
                0x0000866e                memmove
 .text.memset   0x000086a4       0x10 c:/program files (x86)/gnu tools arm embedded/4.8 2014q3/bin/../lib/gcc/arm-none-eabi/4.8.4/../../../../arm-none-eabi/lib/armv7e-m\libc_s.a(lib_a-memset.o)
                0x000086a4                memset
 .text._free_r  0x000086b4       0x88 c:/program files (x86)/gnu tools arm embedded/4.8 2014q3/bin/../lib/gcc/arm-none-eabi/4.8.4/../../../../arm-none-eabi/lib/armv7e-m\libc_s.a(lib_a-nano-freer.o)
                0x000086b4                _free_r
 .text._malloc_r
                0x0000873c       0xa8 c:/program files (x86)/gnu tools arm embedded/4.8 2014q3/bin/../lib/gcc/arm-none-eabi/4.8.4/../../../../arm-none-eabi/lib/armv7e-m\libc_s.a(lib_a-nano-mallocr.o)
                0x0000873c                _malloc_r
 .text.printf   0x000087e4       0x30 c:/program files (x86)/gnu tools arm embedded/4.8 2014q3/bin/../lib/gcc/arm-none-eabi/4.8.4/../../../../arm-none-eabi/lib/armv7e-m\libc_s.a(lib_a-printf.o)
                0x000087e4                iprintf
                0x000087e4                printf
 .text.realloc  0x00008814       0x14 c:/program files (x86)/gnu tools arm embedded/4.8 2014q3/bin/../lib/gcc/arm-none-eabi/4.8.4/../../../../arm-none-eabi/lib/armv7e-m\libc_s.a(lib_a-realloc.o)
                0x00008814                realloc
 .text._sbrk_r  0x00008828       0x20 c:/program files (x86)/gnu tools arm embedded/4.8 2014q3/bin/../lib/gcc/arm-none-eabi/4.8.4/../../../../arm-none-eabi/lib/armv7e-m\libc_s.a(lib_a-sbrkr.o)
                0x00008828                _sbrk_r
 .text._raise_r
                0x00008848       0x50 c:/program files (x86)/gnu tools arm embedded/4.8 2014q3/bin/../lib/gcc/arm-none-eabi/4.8.4/../../../../arm-none-eabi/lib/armv7e-m\libc_s.a(lib_a-signal.o)
                0x00008848                _raise_r
 .text.raise    0x00008898       0x10 c:/program files (x86)/gnu tools arm embedded/4.8 2014q3/bin/../lib/gcc/arm-none-eabi/4.8.4/../../../../arm-none-eabi/lib/armv7e-m\libc_s.a(lib_a-signal.o)
                0x00008898                raise
 .text._kill_r  0x000088a8       0x24 c:/program files (x86)/gnu tools arm embedded/4.8 2014q3/bin/../lib/gcc/arm-none-eabi/4.8.4/../../../../arm-none-eabi/lib/armv7e-m\libc_s.a(lib_a-signalr.o)
                0x000088a8                _kill_r
 .text._getpid_r
                0x000088cc        0x4 c:/program files (x86)/gnu tools arm embedded/4.8 2014q3/bin/../lib/gcc/arm-none-eabi/4.8.4/../../../../arm-none-eabi/lib/armv7e-m\libc_s.a(lib_a-signalr.o)
                0x000088cc                _getpid_r
 .text.sprintf  0x000088d0       0x48 c:/program files (x86)/gnu tools arm embedded/4.8 2014q3/bin/../lib/gcc/arm-none-eabi/4.8.4/../../../../arm-none-eabi/lib/armv7e-m\libc_s.a(lib_a-sprintf.o)
                0x000088d0                siprintf
                0x000088d0                sprintf
 .text.strlen   0x00008918       0x10 c:/program files (x86)/gnu tools arm embedded/4.8 2014q3/bin/../lib/gcc/arm-none-eabi/4.8.4/../../../../arm-none-eabi/lib/armv7e-m\libc_s.a(lib_a-strlen.o)
                0x00008918                strlen
 .text.strncmp  0x00008928       0x2e c:/program files (x86)/gnu tools arm embedded/4.8 2014q3/bin/../lib/gcc/arm-none-eabi/4.8.4/../../../../arm-none-eabi/lib/armv7e-m\libc_s.a(lib_a-strncmp.o)
                0x00008928                strncmp
 .text.__ssputs_r
                0x00008956       0xb8 c:/program files (x86)/gnu tools arm embedded/4.8 2014q3/bin/../lib/gcc/arm-none-eabi/4.8.4/../../../../arm-none-eabi/lib/armv7e-m\libc_s.a(lib_a-svfprintf.o)
                0x00008956                __ssputs_r
 *fill*         0x00008a0e        0x2 
 .text._svfprintf_r
                0x00008a10      0x1dc c:/program files (x86)/gnu tools arm embedded/4.8 2014q3/bin/../lib/gcc/arm-none-eabi/4.8.4/../../../../arm-none-eabi/lib/armv7e-m\libc_s.a(lib_a-svfprintf.o)
                0x00008a10                _svfiprintf_r
                0x00008a10                _svfprintf_r
 .text.write    0x00008bec       0x1c c:/program files (x86)/gnu tools arm embedded/4.8 2014q3/bin/../lib/gcc/arm-none-eabi/4.8.4/../../../../arm-none-eabi/lib/armv7e-m\libc_s.a(lib_a-syswrite.o)
                0x00008bec                write
 .text.__sfputc_r
                0x00008c08       0x2c c:/program files (x86)/gnu tools arm embedded/4.8 2014q3/bin/../lib/gcc/arm-none-eabi/4.8.4/../../../../arm-none-eabi/lib/armv7e-m\libc_s.a(lib_a-vfprintf.o)
 .text.__sfputs_r
                0x00008c34       0x24 c:/program files (x86)/gnu tools arm embedded/4.8 2014q3/bin/../lib/gcc/arm-none-eabi/4.8.4/../../../../arm-none-eabi/lib/armv7e-m\libc_s.a(lib_a-vfprintf.o)
                0x00008c34                __sfputs_r
 .text._vfprintf_r
                0x00008c58      0x208 c:/program files (x86)/gnu tools arm embedded/4.8 2014q3/bin/../lib/gcc/arm-none-eabi/4.8.4/../../../../arm-none-eabi/lib/armv7e-m\libc_s.a(lib_a-vfprintf.o)
                0x00008c58                _vfprintf_r
                0x00008c58                _vfiprintf_r
 .text.__cvt    0x00008e60       0xc0 c:/program files (x86)/gnu tools arm embedded/4.8 2014q3/bin/../lib/gcc/arm-none-eabi/4.8.4/../../../../arm-none-eabi/lib/armv7e-m\libc_s.a(lib_a-vfprintf_float.o)
                0x00008e60                __cvt
 .text.__exponent
                0x00008f20       0x66 c:/program files (x86)/gnu tools arm embedded/4.8 2014q3/bin/../lib/gcc/arm-none-eabi/4.8.4/../../../../arm-none-eabi/lib/armv7e-m\libc_s.a(lib_a-vfprintf_float.o)
                0x00008f20                __exponent
 *fill*         0x00008f86        0x2 
 .text._printf_float
                0x00008f88      0x41c c:/program files (x86)/gnu tools arm embedded/4.8 2014q3/bin/../lib/gcc/arm-none-eabi/4.8.4/../../../../arm-none-eabi/lib/armv7e-m\libc_s.a(lib_a-vfprintf_float.o)
                0x00008f88                _printf_float
 .text._printf_common
                0x000093a4       0xe4 c:/program files (x86)/gnu tools arm embedded/4.8 2014q3/bin/../lib/gcc/arm-none-eabi/4.8.4/../../../../arm-none-eabi/lib/armv7e-m\libc_s.a(lib_a-vfprintf_i.o)
                0x000093a4                _printf_common
 .text._printf_i
                0x00009488      0x228 c:/program files (x86)/gnu tools arm embedded/4.8 2014q3/bin/../lib/gcc/arm-none-eabi/4.8.4/../../../../arm-none-eabi/lib/armv7e-m\libc_s.a(lib_a-vfprintf_i.o)
                0x00009488                _printf_i
 .text.__swbuf_r
                0x000096b0       0xa8 c:/program files (x86)/gnu tools arm embedded/4.8 2014q3/bin/../lib/gcc/arm-none-eabi/4.8.4/../../../../arm-none-eabi/lib/armv7e-m\libc_s.a(lib_a-wbuf.o)
                0x000096b0                __swbuf_r
 .text._write_r
                0x00009758       0x24 c:/program files (x86)/gnu tools arm embedded/4.8 2014q3/bin/../lib/gcc/arm-none-eabi/4.8.4/../../../../arm-none-eabi/lib/armv7e-m\libc_s.a(lib_a-writer.o)
                0x00009758                _write_r
 .text.__swsetup_r
                0x0000977c       0xdc c:/program files (x86)/gnu tools arm embedded/4.8 2014q3/bin/../lib/gcc/arm-none-eabi/4.8.4/../../../../arm-none-eabi/lib/armv7e-m\libc_s.a(lib_a-wsetup.o)
                0x0000977c                __swsetup_r
 .text.quorem   0x00009858      0x11a c:/program files (x86)/gnu tools arm embedded/4.8 2014q3/bin/../lib/gcc/arm-none-eabi/4.8.4/../../../../arm-none-eabi/lib/armv7e-m\libc_s.a(lib_a-dtoa.o)
 *fill*         0x00009972        0x6 
 .text._dtoa_r  0x00009978      0xb80 c:/program files (x86)/gnu tools arm embedded/4.8 2014q3/bin/../lib/gcc/arm-none-eabi/4.8.4/../../../../arm-none-eabi/lib/armv7e-m\libc_s.a(lib_a-dtoa.o)
                0x00009978                _dtoa_r
 .text.__sflush_r
                0x0000a4f8      0x106 c:/program files (x86)/gnu tools arm embedded/4.8 2014q3/bin/../lib/gcc/arm-none-eabi/4.8.4/../../../../arm-none-eabi/lib/armv7e-m\libc_s.a(lib_a-fflush.o)
                0x0000a4f8                __sflush_r
 *fill*         0x0000a5fe        0x2 
 .text._fflush_r
                0x0000a600       0x54 c:/program files (x86)/gnu tools arm embedded/4.8 2014q3/bin/../lib/gcc/arm-none-eabi/4.8.4/../../../../arm-none-eabi/lib/armv7e-m\libc_s.a(lib_a-fflush.o)
                0x0000a600                _fflush_r
 .text._cleanup_r
                0x0000a654       0x32 c:/program files (x86)/gnu tools arm embedded/4.8 2014q3/bin/../lib/gcc/arm-none-eabi/4.8.4/../../../../arm-none-eabi/lib/armv7e-m\libc_s.a(lib_a-findfp.o)
                0x0000a654                _cleanup_r
 *fill*         0x0000a686        0x2 
 .text.std.isra.0
                0x0000a688       0x48 c:/program files (x86)/gnu tools arm embedded/4.8 2014q3/bin/../lib/gcc/arm-none-eabi/4.8.4/../../../../arm-none-eabi/lib/armv7e-m\libc_s.a(lib_a-findfp.o)
 .text.__sfmoreglue
                0x0000a6d0       0x2c c:/program files (x86)/gnu tools arm embedded/4.8 2014q3/bin/../lib/gcc/arm-none-eabi/4.8.4/../../../../arm-none-eabi/lib/armv7e-m\libc_s.a(lib_a-findfp.o)
                0x0000a6d0                __sfmoreglue
 .text.__sinit  0x0000a6fc       0x60 c:/program files (x86)/gnu tools arm embedded/4.8 2014q3/bin/../lib/gcc/arm-none-eabi/4.8.4/../../../../arm-none-eabi/lib/armv7e-m\libc_s.a(lib_a-findfp.o)
                0x0000a6fc                __sinit
 .text.__sfp    0x0000a75c       0x74 c:/program files (x86)/gnu tools arm embedded/4.8 2014q3/bin/../lib/gcc/arm-none-eabi/4.8.4/../../../../arm-none-eabi/lib/armv7e-m\libc_s.a(lib_a-findfp.o)
                0x0000a75c                __sfp
 .text._localeconv_r
                0x0000a7d0        0x8 c:/program files (x86)/gnu tools arm embedded/4.8 2014q3/bin/../lib/gcc/arm-none-eabi/4.8.4/../../../../arm-none-eabi/lib/armv7e-m\libc_s.a(lib_a-locale.o)
                0x0000a7d0                _localeconv_r
 .text.__smakebuf_r
                0x0000a7d8       0x9c c:/program files (x86)/gnu tools arm embedded/4.8 2014q3/bin/../lib/gcc/arm-none-eabi/4.8.4/../../../../arm-none-eabi/lib/armv7e-m\libc_s.a(lib_a-makebuf.o)
                0x0000a7d8                __smakebuf_r
 .text._Balloc  0x0000a874       0x6a c:/program files (x86)/gnu tools arm embedded/4.8 2014q3/bin/../lib/gcc/arm-none-eabi/4.8.4/../../../../arm-none-eabi/lib/armv7e-m\libc_s.a(lib_a-mprec.o)
                0x0000a874                _Balloc
 .text._Bfree   0x0000a8de       0x2e c:/program files (x86)/gnu tools arm embedded/4.8 2014q3/bin/../lib/gcc/arm-none-eabi/4.8.4/../../../../arm-none-eabi/lib/armv7e-m\libc_s.a(lib_a-mprec.o)
                0x0000a8de                _Bfree
 .text.__multadd
                0x0000a90c       0x74 c:/program files (x86)/gnu tools arm embedded/4.8 2014q3/bin/../lib/gcc/arm-none-eabi/4.8.4/../../../../arm-none-eabi/lib/armv7e-m\libc_s.a(lib_a-mprec.o)
                0x0000a90c                __multadd
 .text.__hi0bits
                0x0000a980       0x40 c:/program files (x86)/gnu tools arm embedded/4.8 2014q3/bin/../lib/gcc/arm-none-eabi/4.8.4/../../../../arm-none-eabi/lib/armv7e-m\libc_s.a(lib_a-mprec.o)
                0x0000a980                __hi0bits
 .text.__lo0bits
                0x0000a9c0       0x5a c:/program files (x86)/gnu tools arm embedded/4.8 2014q3/bin/../lib/gcc/arm-none-eabi/4.8.4/../../../../arm-none-eabi/lib/armv7e-m\libc_s.a(lib_a-mprec.o)
                0x0000a9c0                __lo0bits
 .text.__i2b    0x0000aa1a       0x12 c:/program files (x86)/gnu tools arm embedded/4.8 2014q3/bin/../lib/gcc/arm-none-eabi/4.8.4/../../../../arm-none-eabi/lib/armv7e-m\libc_s.a(lib_a-mprec.o)
                0x0000aa1a                __i2b
 .text.__multiply
                0x0000aa2c      0x130 c:/program files (x86)/gnu tools arm embedded/4.8 2014q3/bin/../lib/gcc/arm-none-eabi/4.8.4/../../../../arm-none-eabi/lib/armv7e-m\libc_s.a(lib_a-mprec.o)
                0x0000aa2c                __multiply
 .text.__pow5mult
                0x0000ab5c       0x9c c:/program files (x86)/gnu tools arm embedded/4.8 2014q3/bin/../lib/gcc/arm-none-eabi/4.8.4/../../../../arm-none-eabi/lib/armv7e-m\libc_s.a(lib_a-mprec.o)
                0x0000ab5c                __pow5mult
 .text.__lshift
                0x0000abf8       0xa6 c:/program files (x86)/gnu tools arm embedded/4.8 2014q3/bin/../lib/gcc/arm-none-eabi/4.8.4/../../../../arm-none-eabi/lib/armv7e-m\libc_s.a(lib_a-mprec.o)
                0x0000abf8                __lshift
 .text.__mcmp   0x0000ac9e       0x3a c:/program files (x86)/gnu tools arm embedded/4.8 2014q3/bin/../lib/gcc/arm-none-eabi/4.8.4/../../../../arm-none-eabi/lib/armv7e-m\libc_s.a(lib_a-mprec.o)
                0x0000ac9e                __mcmp
 .text.__mdiff  0x0000acd8       0xbc c:/program files (x86)/gnu tools arm embedded/4.8 2014q3/bin/../lib/gcc/arm-none-eabi/4.8.4/../../../../arm-none-eabi/lib/armv7e-m\libc_s.a(lib_a-mprec.o)
                0x0000acd8                __mdiff
 .text.__d2b    0x0000ad94       0xa4 c:/program files (x86)/gnu tools arm embedded/4.8 2014q3/bin/../lib/gcc/arm-none-eabi/4.8.4/../../../../arm-none-eabi/lib/armv7e-m\libc_s.a(lib_a-mprec.o)
                0x0000ad94                __d2b
 .text._calloc_r
                0x0000ae38       0x1c c:/program files (x86)/gnu tools arm embedded/4.8 2014q3/bin/../lib/gcc/arm-none-eabi/4.8.4/../../../../arm-none-eabi/lib/armv7e-m\libc_s.a(lib_a-nano-callocr.o)
                0x0000ae38                _calloc_r
 .text._realloc_r
                0x0000ae54       0x4c c:/program files (x86)/gnu tools arm embedded/4.8 2014q3/bin/../lib/gcc/arm-none-eabi/4.8.4/../../../../arm-none-eabi/lib/armv7e-m\libc_s.a(lib_a-nano-reallocr.o)
                0x0000ae54                _realloc_r
 .text.__fpclassifyd
                0x0000aea0       0x44 c:/program files (x86)/gnu tools arm embedded/4.8 2014q3/bin/../lib/gcc/arm-none-eabi/4.8.4/../../../../arm-none-eabi/lib/armv7e-m\libc_s.a(lib_a-s_fpclassify.o)
                0x0000aea0                __fpclassifyd
 .text.__sread  0x0000aee4       0x22 c:/program files (x86)/gnu tools arm embedded/4.8 2014q3/bin/../lib/gcc/arm-none-eabi/4.8.4/../../../../arm-none-eabi/lib/armv7e-m\libc_s.a(lib_a-stdio.o)
                0x0000aee4                __sread
 .text.__swrite
                0x0000af06       0x38 c:/program files (x86)/gnu tools arm embedded/4.8 2014q3/bin/../lib/gcc/arm-none-eabi/4.8.4/../../../../arm-none-eabi/lib/armv7e-m\libc_s.a(lib_a-stdio.o)
                0x0000af06                __swrite
 .text.__sseek  0x0000af3e       0x24 c:/program files (x86)/gnu tools arm embedded/4.8 2014q3/bin/../lib/gcc/arm-none-eabi/4.8.4/../../../../arm-none-eabi/lib/armv7e-m\libc_s.a(lib_a-stdio.o)
                0x0000af3e                __sseek
 .text.__sclose
                0x0000af62        0x8 c:/program files (x86)/gnu tools arm embedded/4.8 2014q3/bin/../lib/gcc/arm-none-eabi/4.8.4/../../../../arm-none-eabi/lib/armv7e-m\libc_s.a(lib_a-stdio.o)
                0x0000af62                __sclose
 *fill*         0x0000af6a        0x2 
 .text._close_r
                0x0000af6c       0x20 c:/program files (x86)/gnu tools arm embedded/4.8 2014q3/bin/../lib/gcc/arm-none-eabi/4.8.4/../../../../arm-none-eabi/lib/armv7e-m\libc_s.a(lib_a-closer.o)
                0x0000af6c                _close_r
 .text._fstat_r
                0x0000af8c       0x24 c:/program files (x86)/gnu tools arm embedded/4.8 2014q3/bin/../lib/gcc/arm-none-eabi/4.8.4/../../../../arm-none-eabi/lib/armv7e-m\libc_s.a(lib_a-fstatr.o)
                0x0000af8c                _fstat_r
 .text._isatty_r
                0x0000afb0       0x20 c:/program files (x86)/gnu tools arm embedded/4.8 2014q3/bin/../lib/gcc/arm-none-eabi/4.8.4/../../../../arm-none-eabi/lib/armv7e-m\libc_s.a(lib_a-isattyr.o)
                0x0000afb0                _isatty_r
 .text._lseek_r
                0x0000afd0       0x24 c:/program files (x86)/gnu tools arm embedded/4.8 2014q3/bin/../lib/gcc/arm-none-eabi/4.8.4/../../../../arm-none-eabi/lib/armv7e-m\libc_s.a(lib_a-lseekr.o)
                0x0000afd0                _lseek_r
 .text._malloc_usable_size_r
                0x0000aff4       0x12 c:/program files (x86)/gnu tools arm embedded/4.8 2014q3/bin/../lib/gcc/arm-none-eabi/4.8.4/../../../../arm-none-eabi/lib/armv7e-m\libc_s.a(lib_a-nano-msizer.o)
                0x0000aff4                _malloc_usable_size_r
 *fill*         0x0000b006        0x2 
 .text._read_r  0x0000b008       0x24 c:/program files (x86)/gnu tools arm embedded/4.8 2014q3/bin/../lib/gcc/arm-none-eabi/4.8.4/../../../../arm-none-eabi/lib/armv7e-m\libc_s.a(lib_a-readr.o)
                0x0000b008                _read_r
 *(.rodata)
 .rodata        0x0000b02c      0x738 c:/program files (x86)/gnu tools arm embedded/4.8 2014q3/bin/../lib/gcc/arm-none-eabi/4.8.4/../../../../arm-none-eabi/lib/armv7e-m\libstdc++_s.a(cp-demangle.o)
 *(.rodata*)
 .rodata._ZN7libbase3k6012_GLOBAL__N_1L8MEM_MAPSE
                0x0000b764       0x14 C:\Users\Jake\workspace\libsccc\lib\libsccc-d-handtech-d10dev.a(gpio-d-handtech-d10dev.o)
 .rodata.str1.4
                0x0000b778       0x7d C:\Users\Jake\workspace\libsccc\lib\libsccc-d-handtech-d10dev.a(gpio-d-handtech-d10dev.o)
                                 0x80 (size before relaxing)
 *fill*         0x0000b7f5        0x3 
 .rodata.str1.4
                0x0000b7f8       0x82 C:\Users\Jake\workspace\libsccc\lib\libsccc-d-handtech-d10dev.a(mcg-d-handtech-d10dev.o)
                                 0x84 (size before relaxing)
 *fill*         0x0000b87a        0x2 
 .rodata._ZZN7libbase3k603Mcg10InitClocksERKNS1_6ConfigEmE19__PRETTY_FUNCTION__
                0x0000b87c       0x50 C:\Users\Jake\workspace\libsccc\lib\libsccc-d-handtech-d10dev.a(mcg-d-handtech-d10dev.o)
 .rodata._ZN7libbase3k6012_GLOBAL__N_1L8MEM_MAPSE
                0x0000b8cc       0x14 C:\Users\Jake\workspace\libsccc\lib\libsccc-d-handtech-d10dev.a(pin-d-handtech-d10dev.o)
 .rodata.str1.4
                0x0000b8e0       0x3c C:\Users\Jake\workspace\libsccc\lib\libsccc-d-handtech-d10dev.a(pin-d-handtech-d10dev.o)
 .rodata._ZZN7libbase3k603PinC1ERKNS1_6ConfigEE19__PRETTY_FUNCTION__
                0x0000b91c       0x3c C:\Users\Jake\workspace\libsccc\lib\libsccc-d-handtech-d10dev.a(pin-d-handtech-d10dev.o)
 .rodata._ZZN7libbase3k603PitC1ERKNS1_6ConfigEE19__PRETTY_FUNCTION__
                0x0000b958       0x3c C:\Users\Jake\workspace\libsccc\lib\libsccc-d-handtech-d10dev.a(pit-d-handtech-d10dev.o)
 .rodata.str1.4
                0x0000b994       0x75 C:\Users\Jake\workspace\libsccc\lib\libsccc-d-handtech-d10dev.a(pit-d-handtech-d10dev.o)
                                 0x80 (size before relaxing)
 *fill*         0x0000ba09        0x3 
 .rodata._ZZN7libbase3k603Pit10IrqHandlerEvE19__PRETTY_FUNCTION__
                0x0000ba0c       0x2c C:\Users\Jake\workspace\libsccc\lib\libsccc-d-handtech-d10dev.a(pit-d-handtech-d10dev.o)
 .rodata._ZZN7libbase3k603Sim18SetEnableClockGateENS1_9ClockGateEbE19__PRETTY_FUNCTION__
                0x0000ba38       0x58 C:\Users\Jake\workspace\libsccc\lib\libsccc-d-handtech-d10dev.a(sim-d-handtech-d10dev.o)
 .rodata.str1.4
                0x0000ba90       0x25 C:\Users\Jake\workspace\libsccc\lib\libsccc-d-handtech-d10dev.a(sim-d-handtech-d10dev.o)
                                 0x30 (size before relaxing)
 *fill*         0x0000bab5        0x3 
 .rodata.str1.4
                0x0000bab8       0x38 C:\Users\Jake\workspace\libsccc\lib\libsccc-d-handtech-d10dev.a(watchdog-d-handtech-d10dev.o)
 .rodata._ZZN7libbase3k608Watchdog14InitTimeOutRegERKNS1_6ConfigEE19__PRETTY_FUNCTION__
                0x0000baf0       0x5c C:\Users\Jake\workspace\libsccc\lib\libsccc-d-handtech-d10dev.a(watchdog-d-handtech-d10dev.o)
 *fill*         0x0000bb4c        0x4 
 .rodata._ZTVN5libsc5DelayE
                0x0000bb50       0x20 C:\Users\Jake\workspace\libsccc\lib\libsccc-d-handtech-d10dev.a(system-d-handtech-d10dev.o)
                0x0000bb50                vtable for libsc::Delay
 .rodata._ZTVN5libsc3k608DwtDelayE
                0x0000bb70       0x20 C:\Users\Jake\workspace\libsccc\lib\libsccc-d-handtech-d10dev.a(system-d-handtech-d10dev.o)
                0x0000bb70                vtable for libsc::k60::DwtDelay
 .rodata._ZZN5libsc6System7DelayMsEtE19__PRETTY_FUNCTION__
                0x0000bb90       0x30 C:\Users\Jake\workspace\libsccc\lib\libsccc-d-handtech-d10dev.a(system-d-handtech-d10dev.o)
 .rodata._ZZN5libsc6System4TimeEvE19__PRETTY_FUNCTION__
                0x0000bbc0       0x34 C:\Users\Jake\workspace\libsccc\lib\libsccc-d-handtech-d10dev.a(system-d-handtech-d10dev.o)
 .rodata.str1.4
                0x0000bbf4       0x27 C:\Users\Jake\workspace\libsccc\lib\libsccc-d-handtech-d10dev.a(system-d-handtech-d10dev.o)
                                 0x28 (size before relaxing)
 *fill*         0x0000bc1b        0x1 
 .rodata._ZZN7libbase3k6014Mk60d10Lqfp1447RegPin_EjE19__PRETTY_FUNCTION__
                0x0000bc1c       0x34 C:\Users\Jake\workspace\libsccc\lib\libsccc-d-handtech-d10dev.a(mk60d10_lqfp144-d-handtech-d10dev.o)
 .rodata.str1.4
                0x0000bc50       0x47 C:\Users\Jake\workspace\libsccc\lib\libsccc-d-handtech-d10dev.a(mk60d10_lqfp144-d-handtech-d10dev.o)
                                 0x50 (size before relaxing)
 *fill*         0x0000bc97        0x1 
 .rodata._ZZN7libbase3k6012_GLOBAL__N_18GetPinIdENS0_3Pin4NameEE19__PRETTY_FUNCTION__
                0x0000bc98       0x44 C:\Users\Jake\workspace\libsccc\lib\libsccc-d-handtech-d10dev.a(mk60d10_lqfp144-d-handtech-d10dev.o)
 .rodata.str1.4
                0x0000bcdc       0x2a C:\Users\Jake\workspace\libsccc\lib\libsccc-d-handtech-d10dev.a(assert-d-handtech-d10dev.o)
                                 0x2c (size before relaxing)
 *fill*         0x0000bd06        0x2 
 .rodata.__func__.4512
                0x0000bd08        0x8 C:\Users\Jake\workspace\libsccc\lib\libsccc-d-handtech-d10dev.a(syscall-d-handtech-d10dev.o)
 .rodata.str1.4
                0x0000bd10       0x1a C:\Users\Jake\workspace\libsccc\lib\libsccc-d-handtech-d10dev.a(syscall-d-handtech-d10dev.o)
                                 0x20 (size before relaxing)
 *fill*         0x0000bd2a        0x2 
 .rodata.__func__.7178
                0x0000bd2c       0x10 C:\Users\Jake\workspace\libsccc\lib\libsccc-d-handtech-d10dev.a(vectors-d-handtech-d10dev.o)
 .rodata.str1.4
                0x0000bd3c       0x6d C:\Users\Jake\workspace\libsccc\lib\libsccc-d-handtech-d10dev.a(vectors-d-handtech-d10dev.o)
                                 0x70 (size before relaxing)
 *fill*         0x0000bda9        0x3 
 .rodata.str1.4
                0x0000bdac       0x18 C:\Users\Jake\workspace\libsccc\lib\libsccc-d-handtech-d10dev.a(dwt-d-handtech-d10dev.o)
                                 0x20 (size before relaxing)
 .rodata._ZZN7libbase3k603Dwt7DelayUsEtE19__PRETTY_FUNCTION__
                0x0000bdc4       0x34 C:\Users\Jake\workspace\libsccc\lib\libsccc-d-handtech-d10dev.a(dwt-d-handtech-d10dev.o)
 .rodata._ZTVN5libsc5TimerE
                0x0000bdf8       0x18 C:\Users\Jake\workspace\libsccc\lib\libsccc-d-handtech-d10dev.a(sys_tick_timer-d-handtech-d10dev.o)
                0x0000bdf8                vtable for libsc::Timer
 .rodata._ZTVN5libsc12SysTickTimerE
                0x0000be10       0x18 C:\Users\Jake\workspace\libsccc\lib\libsccc-d-handtech-d10dev.a(sys_tick_timer-d-handtech-d10dev.o)
                0x0000be10                vtable for libsc::SysTickTimer
 .rodata._ZZN7libbase3k607SysTick8SetCountEmE19__PRETTY_FUNCTION__
                0x0000be28       0x30 C:\Users\Jake\workspace\libsccc\lib\libsccc-d-handtech-d10dev.a(sys_tick-d-handtech-d10dev.o)
 .rodata._ZZN7libbase3k607SysTick10IrqHandlerEvE19__PRETTY_FUNCTION__
                0x0000be58       0x30 C:\Users\Jake\workspace\libsccc\lib\libsccc-d-handtech-d10dev.a(sys_tick-d-handtech-d10dev.o)
 .rodata.str1.4
                0x0000be88       0x58 C:\Users\Jake\workspace\libsccc\lib\libsccc-d-handtech-d10dev.a(sys_tick-d-handtech-d10dev.o)
                                 0x60 (size before relaxing)
 .rodata._ZZN7libbase3k607SysTickC1ERKNS1_6ConfigEE19__PRETTY_FUNCTION__
                0x0000bee0       0x48 C:\Users\Jake\workspace\libsccc\lib\libsccc-d-handtech-d10dev.a(sys_tick-d-handtech-d10dev.o)
 .rodata.str1.1
                0x0000bf28       0x3b c:/program files (x86)/gnu tools arm embedded/4.8 2014q3/bin/../lib/gcc/arm-none-eabi/4.8.4/../../../../arm-none-eabi/lib/armv7e-m\libstdc++_s.a(pure.o)
 .rodata.str1.1
                0x0000bf63       0x80 c:/program files (x86)/gnu tools arm embedded/4.8 2014q3/bin/../lib/gcc/arm-none-eabi/4.8.4/../../../../arm-none-eabi/lib/armv7e-m\libstdc++_s.a(vterminate.o)
 *fill*         0x0000bfe3        0x1 
 .rodata.str1.4
                0x0000bfe4      0x7e8 c:/program files (x86)/gnu tools arm embedded/4.8 2014q3/bin/../lib/gcc/arm-none-eabi/4.8.4/../../../../arm-none-eabi/lib/armv7e-m\libstdc++_s.a(cp-demangle.o)
                                0x840 (size before relaxing)
 .rodata.str1.1
                0x0000c7cc        0x2 c:/program files (x86)/gnu tools arm embedded/4.8 2014q3/bin/../lib/gcc/arm-none-eabi/4.8.4/../../../../arm-none-eabi/lib/armv7e-m\libc_s.a(lib_a-impure.o)
 *fill*         0x0000c7ce        0x2 
 .rodata._global_impure_ptr
                0x0000c7d0        0x4 c:/program files (x86)/gnu tools arm embedded/4.8 2014q3/bin/../lib/gcc/arm-none-eabi/4.8.4/../../../../arm-none-eabi/lib/armv7e-m\libc_s.a(lib_a-impure.o)
                0x0000c7d0                _global_impure_ptr
 .rodata.str1.1
                0x0000c7d4       0x11 c:/program files (x86)/gnu tools arm embedded/4.8 2014q3/bin/../lib/gcc/arm-none-eabi/4.8.4/../../../../arm-none-eabi/lib/armv7e-m\libc_s.a(lib_a-svfprintf.o)
 .rodata.str1.1
                0x00000000       0x11 c:/program files (x86)/gnu tools arm embedded/4.8 2014q3/bin/../lib/gcc/arm-none-eabi/4.8.4/../../../../arm-none-eabi/lib/armv7e-m\libc_s.a(lib_a-vfprintf.o)
 .rodata.str1.1
                0x0000c7e5       0x12 c:/program files (x86)/gnu tools arm embedded/4.8 2014q3/bin/../lib/gcc/arm-none-eabi/4.8.4/../../../../arm-none-eabi/lib/armv7e-m\libc_s.a(lib_a-vfprintf_float.o)
 .rodata.str1.1
                0x0000c7f7       0x22 c:/program files (x86)/gnu tools arm embedded/4.8 2014q3/bin/../lib/gcc/arm-none-eabi/4.8.4/../../../../arm-none-eabi/lib/armv7e-m\libc_s.a(lib_a-vfprintf_i.o)
 .rodata.str1.1
                0x0000c819        0xd c:/program files (x86)/gnu tools arm embedded/4.8 2014q3/bin/../lib/gcc/arm-none-eabi/4.8.4/../../../../arm-none-eabi/lib/armv7e-m\libc_s.a(lib_a-dtoa.o)
                                  0xf (size before relaxing)
 *fill*         0x0000c826        0x2 
 .rodata.__sf_fake_stdin
                0x0000c828       0x20 c:/program files (x86)/gnu tools arm embedded/4.8 2014q3/bin/../lib/gcc/arm-none-eabi/4.8.4/../../../../arm-none-eabi/lib/armv7e-m\libc_s.a(lib_a-findfp.o)
                0x0000c828                __sf_fake_stdin
 .rodata.__sf_fake_stdout
                0x0000c848       0x20 c:/program files (x86)/gnu tools arm embedded/4.8 2014q3/bin/../lib/gcc/arm-none-eabi/4.8.4/../../../../arm-none-eabi/lib/armv7e-m\libc_s.a(lib_a-findfp.o)
                0x0000c848                __sf_fake_stdout
 .rodata.__sf_fake_stderr
                0x0000c868       0x20 c:/program files (x86)/gnu tools arm embedded/4.8 2014q3/bin/../lib/gcc/arm-none-eabi/4.8.4/../../../../arm-none-eabi/lib/armv7e-m\libc_s.a(lib_a-findfp.o)
                0x0000c868                __sf_fake_stderr
 .rodata.str1.1
                0x0000c888        0x8 c:/program files (x86)/gnu tools arm embedded/4.8 2014q3/bin/../lib/gcc/arm-none-eabi/4.8.4/../../../../arm-none-eabi/lib/armv7e-m\libc_s.a(lib_a-locale.o)
                                  0xb (size before relaxing)
 .rodata.__mprec_tens
                0x0000c890       0xc8 c:/program files (x86)/gnu tools arm embedded/4.8 2014q3/bin/../lib/gcc/arm-none-eabi/4.8.4/../../../../arm-none-eabi/lib/armv7e-m\libc_s.a(lib_a-mprec.o)
                0x0000c890                __mprec_tens
 .rodata.__mprec_bigtens
                0x0000c958       0x28 c:/program files (x86)/gnu tools arm embedded/4.8 2014q3/bin/../lib/gcc/arm-none-eabi/4.8.4/../../../../arm-none-eabi/lib/armv7e-m\libc_s.a(lib_a-mprec.o)
                0x0000c958                __mprec_bigtens
 .rodata.p05.5281
                0x0000c980        0xc c:/program files (x86)/gnu tools arm embedded/4.8 2014q3/bin/../lib/gcc/arm-none-eabi/4.8.4/../../../../arm-none-eabi/lib/armv7e-m\libc_s.a(lib_a-mprec.o)
 *(.glue_7)
 .glue_7        0x00000000        0x0 linker stubs
 *(.glue_7t)
 .glue_7t       0x00000000        0x0 linker stubs
 *(.eh_frame)
 .eh_frame      0x0000c98c        0x0 c:/program files (x86)/gnu tools arm embedded/4.8 2014q3/bin/../lib/gcc/arm-none-eabi/4.8.4/armv7e-m/crtbegin.o
 *(.init)
 .init          0x0000c98c        0x4 c:/program files (x86)/gnu tools arm embedded/4.8 2014q3/bin/../lib/gcc/arm-none-eabi/4.8.4/armv7e-m/crti.o
                0x0000c98c                _init
 .init          0x0000c990        0x8 c:/program files (x86)/gnu tools arm embedded/4.8 2014q3/bin/../lib/gcc/arm-none-eabi/4.8.4/armv7e-m/crtn.o
 *(.fini)
 .fini          0x0000c998        0x4 c:/program files (x86)/gnu tools arm embedded/4.8 2014q3/bin/../lib/gcc/arm-none-eabi/4.8.4/armv7e-m/crti.o
                0x0000c998                _fini
 .fini          0x0000c99c        0x8 c:/program files (x86)/gnu tools arm embedded/4.8 2014q3/bin/../lib/gcc/arm-none-eabi/4.8.4/armv7e-m/crtn.o
                0x0000c9a4                . = ALIGN (0x4)
                0x0000c9a4                _etext = .

.vfp11_veneer   0x0000c9a4        0x0
 .vfp11_veneer  0x00000000        0x0 linker stubs

.v4_bx          0x0000c9a4        0x0
 .v4_bx         0x00000000        0x0 linker stubs

.iplt           0x0000c9a4        0x0
 .iplt          0x00000000        0x0 c:/program files (x86)/gnu tools arm embedded/4.8 2014q3/bin/../lib/gcc/arm-none-eabi/4.8.4/armv7e-m/crtbegin.o

.rel.dyn        0x0000c9a4        0x0
 .rel.iplt      0x00000000        0x0 c:/program files (x86)/gnu tools arm embedded/4.8 2014q3/bin/../lib/gcc/arm-none-eabi/4.8.4/armv7e-m/crtbegin.o

.ARM.extab
 *(.ARM.extab* .gnu.linkonce.armextab.*)

.ARM            0x0000c9a4        0x0
                0x0000c9a4                __exidx_start = .
 *(.ARM.exidx*)
                0x0000c9a4                __exidx_end = .

.ctors          0x0000c9a4        0x0
                0x0000c9a4                __CTOR_LIST__ = .
 *crtbegin.o(.ctors)
 *(EXCLUDE_FILE(*crtend.o) .ctors)
 *(SORT(.ctors.*))
 *(.ctors)
                0x0000c9a4                __CTOR_END__ = .

.dtors          0x0000c9a4        0x0
                0x0000c9a4                __DTOR_LIST__ = .
 *crtbegin.o(.dtors)
 *(EXCLUDE_FILE(*crtend.o) .dtors)
 *(SORT(.dtors.*))
 *(.dtors)
                0x0000c9a4                __DTOR_END__ = .

.preinit_array  0x0000c9a4        0x0
                0x0000c9a4                PROVIDE (__preinit_array_start, .)
 *(.preinit_array*)
                0x0000c9a4                PROVIDE (__preinit_array_end, .)

.init_array     0x0000c9a4        0x4
                0x0000c9a4                PROVIDE (__init_array_start, .)
 *(SORT(.init_array.*))
 *(.init_array*)
 .init_array    0x0000c9a4        0x4 c:/program files (x86)/gnu tools arm embedded/4.8 2014q3/bin/../lib/gcc/arm-none-eabi/4.8.4/armv7e-m/crtbegin.o
                0x0000c9a8                PROVIDE (__init_array_end, .)

.fini_array     0x0000c9a8        0x4
                0x0000c9a8                PROVIDE (__fini_array_start, .)
 *(SORT(.fini_array.*))
 *(.fini_array*)
 .fini_array    0x0000c9a8        0x4 c:/program files (x86)/gnu tools arm embedded/4.8 2014q3/bin/../lib/gcc/arm-none-eabi/4.8.4/armv7e-m/crtbegin.o
                0x0000c9ac                PROVIDE (__fini_array_end, .)
                0x0000c9ac                ___ROM_AT = .

.data           0x1fff0000      0x3e0 load address 0x0000c9ac
                0x1fff0000                . = ALIGN (0x4)
                0x1fff0000                _sdata = .
 *(.data)
 *(.data*)
 .data._ZN10__cxxabiv119__terminate_handlerE
                0x1fff0000        0x4 c:/program files (x86)/gnu tools arm embedded/4.8 2014q3/bin/../lib/gcc/arm-none-eabi/4.8.4/../../../../arm-none-eabi/lib/armv7e-m\libstdc++_s.a(eh_term_handler.o)
                0x1fff0000                __cxxabiv1::__terminate_handler
 .data.impure_data
                0x1fff0004       0x60 c:/program files (x86)/gnu tools arm embedded/4.8 2014q3/bin/../lib/gcc/arm-none-eabi/4.8.4/../../../../arm-none-eabi/lib/armv7e-m\libc_s.a(lib_a-impure.o)
 .data._impure_ptr
                0x1fff0064        0x4 c:/program files (x86)/gnu tools arm embedded/4.8 2014q3/bin/../lib/gcc/arm-none-eabi/4.8.4/../../../../arm-none-eabi/lib/armv7e-m\libc_s.a(lib_a-impure.o)
                0x1fff0064                _impure_ptr
 .data.lconv    0x1fff0068       0x38 c:/program files (x86)/gnu tools arm embedded/4.8 2014q3/bin/../lib/gcc/arm-none-eabi/4.8.4/../../../../arm-none-eabi/lib/armv7e-m\libc_s.a(lib_a-locale.o)
                0x1fff00a0                . = ALIGN (0x4)
                0x1fff00a0                _edata = .
                0x1fff0200                . = ALIGN (0x200)
 *fill*         0x1fff00a0      0x160 
 *(.vectortableram)
 .vectortableram
                0x1fff0200      0x1e0 C:\Users\Jake\workspace\libsccc\lib\libsccc-d-handtech-d10dev.a(vectors-d-handtech-d10dev.o)
                0x1fff0200                __vect_ram
                0x000000a0                ___data_size = (_edata - _sdata)
                0x0000cd8c                ___m_data_20000000_ROMStart = (___ROM_AT + SIZEOF (.data))

.jcr            0x1fff03e0        0x0 load address 0x0000cd8c
 .jcr           0x1fff03e0        0x0 c:/program files (x86)/gnu tools arm embedded/4.8 2014q3/bin/../lib/gcc/arm-none-eabi/4.8.4/armv7e-m/crtbegin.o

.igot.plt       0x1fff03e0        0x0 load address 0x0000cd8c
 .igot.plt      0x00000000        0x0 c:/program files (x86)/gnu tools arm embedded/4.8 2014q3/bin/../lib/gcc/arm-none-eabi/4.8.4/armv7e-m/crtbegin.o

.m_data_20000000
                0x20000000        0x0 load address 0x0000cd8c
                0x20000000                . = ALIGN (0x4)
                0x20000000                ___m_data_20000000_RAMStart = .
 *(.m_data_20000000)
                0x20000000                ___m_data_20000000_RAMEnd = .
                0x20000000                . = ALIGN (0x4)
                0x00000000                ___m_data_20000000_ROMSize = (___m_data_20000000_RAMEnd - ___m_data_20000000_RAMStart)
                0x20000000                . = ALIGN (0x4)

.bss            0x1fff03e0       0xac load address 0x0000cd8c
                0x1fff03e0                __START_BSS = .
                0x1fff03e0                __bss_start__ = __START_BSS
 *(.bss)
 .bss           0x1fff03e0       0x1c c:/program files (x86)/gnu tools arm embedded/4.8 2014q3/bin/../lib/gcc/arm-none-eabi/4.8.4/armv7e-m/crtbegin.o
 *(.bss*)
 .bss.led1      0x1fff03fc        0x4 obj/main-d-handtech-d10dev.o
                0x1fff03fc                led1
 .bss.led2      0x1fff0400        0x4 obj/main-d-handtech-d10dev.o
                0x1fff0400                led2
 .bss.__S_romp  0x1fff0404        0xc C:\Users\Jake\workspace\libsccc\lib\libsccc-d-handtech-d10dev.a(startup-d-handtech-d10dev.o)
 .bss._ZZN7libbase3k603Mcg3GetEvE4inst
                0x1fff0410        0x4 C:\Users\Jake\workspace\libsccc\lib\libsccc-d-handtech-d10dev.a(mcg-d-handtech-d10dev.o)
                0x1fff0410                libbase::k60::Mcg::Get()::inst
 .bss._ZGVZN7libbase3k603Mcg3GetEvE4inst
                0x1fff0414        0x4 C:\Users\Jake\workspace\libsccc\lib\libsccc-d-handtech-d10dev.a(mcg-d-handtech-d10dev.o)
                0x1fff0414                guard variable for libbase::k60::Mcg::Get()::inst
 .bss._ZZN7libbase3k6014Mk60d10Lqfp1443GetEvE4inst
                0x1fff0418       0x14 C:\Users\Jake\workspace\libsccc\lib\libsccc-d-handtech-d10dev.a(pin-d-handtech-d10dev.o)
                0x1fff0418                libbase::k60::Mk60d10Lqfp144::Get()::inst
 .bss._ZGVZN7libbase3k6014Mk60d10Lqfp1443GetEvE4inst
                0x1fff042c        0x4 C:\Users\Jake\workspace\libsccc\lib\libsccc-d-handtech-d10dev.a(pin-d-handtech-d10dev.o)
                0x1fff042c                guard variable for libbase::k60::Mk60d10Lqfp144::Get()::inst
 .bss._ZN7libbase3k6013PinIsrManager10m_instanceE
                0x1fff0430        0x4 C:\Users\Jake\workspace\libsccc\lib\libsccc-d-handtech-d10dev.a(pin_isr_manager-d-handtech-d10dev.o)
                0x1fff0430                libbase::k60::PinIsrManager::m_instance
 .bss._ZN7libbase3k6012_GLOBAL__N_111g_instancesE
                0x1fff0434       0x10 C:\Users\Jake\workspace\libsccc\lib\libsccc-d-handtech-d10dev.a(pit-d-handtech-d10dev.o)
 .bss._ZN7libbase3k6012_GLOBAL__N_15g_isrE
                0x1fff0444        0x4 C:\Users\Jake\workspace\libsccc\lib\libsccc-d-handtech-d10dev.a(watchdog-d-handtech-d10dev.o)
 .bss._ZN5libsc6System10m_instanceE
                0x1fff0448        0x4 C:\Users\Jake\workspace\libsccc\lib\libsccc-d-handtech-d10dev.a(system-d-handtech-d10dev.o)
                0x1fff0448                libsc::System::m_instance
 .bss.g_fwrite_handler
                0x1fff044c        0x4 C:\Users\Jake\workspace\libsccc\lib\libsccc-d-handtech-d10dev.a(syscall-d-handtech-d10dev.o)
                0x1fff044c                g_fwrite_handler
 .bss.heap_end.4510
                0x1fff0450        0x4 C:\Users\Jake\workspace\libsccc\lib\libsccc-d-handtech-d10dev.a(syscall-d-handtech-d10dev.o)
 .bss.g_hard_fault_handler
                0x1fff0454        0x4 C:\Users\Jake\workspace\libsccc\lib\libsccc-d-handtech-d10dev.a(vectors-d-handtech-d10dev.o)
                0x1fff0454                g_hard_fault_handler
 .bss._ZGVZN7libbase3k6010ClockUtils15GetCoreClockMhzEvE5cache
                0x1fff0458        0x4 C:\Users\Jake\workspace\libsccc\lib\libsccc-d-handtech-d10dev.a(clock_utils-d-handtech-d10dev.o)
 .bss._ZZN7libbase3k6010ClockUtils15GetCoreClockKhzEvE5cache
                0x1fff045c        0x4 C:\Users\Jake\workspace\libsccc\lib\libsccc-d-handtech-d10dev.a(clock_utils-d-handtech-d10dev.o)
 .bss._ZZN7libbase3k6010ClockUtils15GetCoreClockMhzEvE5cache
                0x1fff0460        0x4 C:\Users\Jake\workspace\libsccc\lib\libsccc-d-handtech-d10dev.a(clock_utils-d-handtech-d10dev.o)
 .bss._ZGVZN7libbase3k6010ClockUtils15GetCoreClockKhzEvE5cache
                0x1fff0464        0x4 C:\Users\Jake\workspace\libsccc\lib\libsccc-d-handtech-d10dev.a(clock_utils-d-handtech-d10dev.o)
 .bss._ZN7libbase3k6012_GLOBAL__N_110g_instanceE
                0x1fff0468        0x4 C:\Users\Jake\workspace\libsccc\lib\libsccc-d-handtech-d10dev.a(sys_tick-d-handtech-d10dev.o)
 .bss.__new_handler
                0x1fff046c        0x4 c:/program files (x86)/gnu tools arm embedded/4.8 2014q3/bin/../lib/gcc/arm-none-eabi/4.8.4/../../../../arm-none-eabi/lib/armv7e-m\libstdc++_s.a(new_handler.o)
                0x1fff046c                __new_handler
 .bss._ZZN9__gnu_cxx27__verbose_terminate_handlerEvE11terminating
                0x1fff0470        0x1 c:/program files (x86)/gnu tools arm embedded/4.8 2014q3/bin/../lib/gcc/arm-none-eabi/4.8.4/../../../../arm-none-eabi/lib/armv7e-m\libstdc++_s.a(vterminate.o)
 *fill*         0x1fff0471        0x3 
 .bss._ZL10eh_globals
                0x1fff0474        0xc c:/program files (x86)/gnu tools arm embedded/4.8 2014q3/bin/../lib/gcc/arm-none-eabi/4.8.4/../../../../arm-none-eabi/lib/armv7e-m\libstdc++_s.a(eh_globals.o)
 .bss.__malloc_sbrk_start
                0x1fff0480        0x4 c:/program files (x86)/gnu tools arm embedded/4.8 2014q3/bin/../lib/gcc/arm-none-eabi/4.8.4/../../../../arm-none-eabi/lib/armv7e-m\libc_s.a(lib_a-nano-mallocr.o)
                0x1fff0480                __malloc_sbrk_start
 .bss.__malloc_free_list
                0x1fff0484        0x4 c:/program files (x86)/gnu tools arm embedded/4.8 2014q3/bin/../lib/gcc/arm-none-eabi/4.8.4/../../../../arm-none-eabi/lib/armv7e-m\libc_s.a(lib_a-nano-mallocr.o)
                0x1fff0484                __malloc_free_list
 *(COMMON)
 COMMON         0x1fff0488        0x4 c:/program files (x86)/gnu tools arm embedded/4.8 2014q3/bin/../lib/gcc/arm-none-eabi/4.8.4/../../../../arm-none-eabi/lib/armv7e-m\libc_s.a(lib_a-reent.o)
                0x1fff0488                errno
                0x1fff048c                . = ALIGN (0x4)
                0x1fff048c                __END_BSS = .
                0x1fff048c                __bss_end__ = __END_BSS

._user_heap_stack
                0x1fff048c     0x6f00 load address 0x0000ce38
                0x1fff048c                . = ALIGN (0x4)
                0x1fff048c                PROVIDE (end, .)
                0x1fff048c                PROVIDE (_end, .)
                0x1fff048c                __heap_addr = .
                0x1fff548c                . = (. + __heap_size)
 *fill*         0x1fff048c     0x5000 
                0x1fff548c                __stack_end = .
                0x1fff738c                . = (. + __stack_size)
 *fill*         0x1fff548c     0x1f00 
                0x1fff738c                . = ALIGN (0x4)
                0x0000cd8c                _romp_at = ((___ROM_AT + SIZEOF (.data)) + SIZEOF (.m_data_20000000))

.romp           0x1fff738c       0x24 load address 0x0000cd8c
                0x0000cd8c                __S_romp = _romp_at
                0x1fff738c        0x4 LONG 0xc9ac ___ROM_AT
                0x1fff7390        0x4 LONG 0x1fff0000 _sdata
                0x1fff7394        0x4 LONG 0xa0 ___data_size
                0x1fff7398        0x4 LONG 0xcd8c ___m_data_20000000_ROMStart
                0x1fff739c        0x4 LONG 0x20000000 ___m_data_20000000_RAMStart
                0x1fff73a0        0x4 LONG 0x0 ___m_data_20000000_ROMSize
                0x1fff73a4        0x4 LONG 0x0
                0x1fff73a8        0x4 LONG 0x0
                0x1fff73ac        0x4 LONG 0x0

.ARM.attributes
                0x00000000       0x2a
 *(.ARM.attributes)
 .ARM.attributes
                0x00000000       0x1e c:/program files (x86)/gnu tools arm embedded/4.8 2014q3/bin/../lib/gcc/arm-none-eabi/4.8.4/armv7e-m/crti.o
 .ARM.attributes
                0x0000001e       0x2e c:/program files (x86)/gnu tools arm embedded/4.8 2014q3/bin/../lib/gcc/arm-none-eabi/4.8.4/armv7e-m/crtbegin.o
 .ARM.attributes
                0x0000004c       0x33 obj/main-d-handtech-d10dev.o
 .ARM.attributes
                0x0000007f       0x33 C:\Users\Jake\workspace\libsccc\lib\libsccc-d-handtech-d10dev.a(startup-d-handtech-d10dev.o)
 .ARM.attributes
                0x000000b2       0x33 C:\Users\Jake\workspace\libsccc\lib\libsccc-d-handtech-d10dev.a(system-d-handtech-d10dev.o)
 .ARM.attributes
                0x000000e5       0x33 C:\Users\Jake\workspace\libsccc\lib\libsccc-d-handtech-d10dev.a(gpio-d-handtech-d10dev.o)
 .ARM.attributes
                0x00000118       0x33 C:\Users\Jake\workspace\libsccc\lib\libsccc-d-handtech-d10dev.a(mcg-d-handtech-d10dev.o)
 .ARM.attributes
                0x0000014b       0x33 C:\Users\Jake\workspace\libsccc\lib\libsccc-d-handtech-d10dev.a(pin-d-handtech-d10dev.o)
 .ARM.attributes
                0x0000017e       0x33 C:\Users\Jake\workspace\libsccc\lib\libsccc-d-handtech-d10dev.a(pin_isr_manager-d-handtech-d10dev.o)
 .ARM.attributes
                0x000001b1       0x33 C:\Users\Jake\workspace\libsccc\lib\libsccc-d-handtech-d10dev.a(pit-d-handtech-d10dev.o)
 .ARM.attributes
                0x000001e4       0x33 C:\Users\Jake\workspace\libsccc\lib\libsccc-d-handtech-d10dev.a(sim-d-handtech-d10dev.o)
 .ARM.attributes
                0x00000217       0x33 C:\Users\Jake\workspace\libsccc\lib\libsccc-d-handtech-d10dev.a(watchdog-d-handtech-d10dev.o)
 .ARM.attributes
                0x0000024a       0x33 C:\Users\Jake\workspace\libsccc\lib\libsccc-d-handtech-d10dev.a(system-d-handtech-d10dev.o)
 .ARM.attributes
                0x0000027d       0x33 C:\Users\Jake\workspace\libsccc\lib\libsccc-d-handtech-d10dev.a(mk60d10_lqfp144-d-handtech-d10dev.o)
 .ARM.attributes
                0x000002b0       0x33 C:\Users\Jake\workspace\libsccc\lib\libsccc-d-handtech-d10dev.a(assert-d-handtech-d10dev.o)
 .ARM.attributes
                0x000002e3       0x33 C:\Users\Jake\workspace\libsccc\lib\libsccc-d-handtech-d10dev.a(syscall-d-handtech-d10dev.o)
 .ARM.attributes
                0x00000316       0x33 C:\Users\Jake\workspace\libsccc\lib\libsccc-d-handtech-d10dev.a(vectors-d-handtech-d10dev.o)
 .ARM.attributes
                0x00000349       0x33 C:\Users\Jake\workspace\libsccc\lib\libsccc-d-handtech-d10dev.a(dwt-d-handtech-d10dev.o)
 .ARM.attributes
                0x0000037c       0x33 C:\Users\Jake\workspace\libsccc\lib\libsccc-d-handtech-d10dev.a(sys_tick_timer-d-handtech-d10dev.o)
 .ARM.attributes
                0x000003af       0x33 C:\Users\Jake\workspace\libsccc\lib\libsccc-d-handtech-d10dev.a(clock_utils-d-handtech-d10dev.o)
 .ARM.attributes
                0x000003e2       0x33 C:\Users\Jake\workspace\libsccc\lib\libsccc-d-handtech-d10dev.a(sys_tick-d-handtech-d10dev.o)
 .ARM.attributes
                0x00000415       0x2e c:/program files (x86)/gnu tools arm embedded/4.8 2014q3/bin/../lib/gcc/arm-none-eabi/4.8.4/../../../../arm-none-eabi/lib/armv7e-m\libstdc++_s.a(new_op.o)
 .ARM.attributes
                0x00000443       0x2e c:/program files (x86)/gnu tools arm embedded/4.8 2014q3/bin/../lib/gcc/arm-none-eabi/4.8.4/../../../../arm-none-eabi/lib/armv7e-m\libstdc++_s.a(del_op.o)
 .ARM.attributes
                0x00000471       0x2e c:/program files (x86)/gnu tools arm embedded/4.8 2014q3/bin/../lib/gcc/arm-none-eabi/4.8.4/../../../../arm-none-eabi/lib/armv7e-m\libstdc++_s.a(new_handler.o)
 .ARM.attributes
                0x0000049f       0x2e c:/program files (x86)/gnu tools arm embedded/4.8 2014q3/bin/../lib/gcc/arm-none-eabi/4.8.4/../../../../arm-none-eabi/lib/armv7e-m\libstdc++_s.a(guard.o)
 .ARM.attributes
                0x000004cd       0x2e c:/program files (x86)/gnu tools arm embedded/4.8 2014q3/bin/../lib/gcc/arm-none-eabi/4.8.4/../../../../arm-none-eabi/lib/armv7e-m\libstdc++_s.a(pure.o)
 .ARM.attributes
                0x000004fb       0x2e c:/program files (x86)/gnu tools arm embedded/4.8 2014q3/bin/../lib/gcc/arm-none-eabi/4.8.4/../../../../arm-none-eabi/lib/armv7e-m\libstdc++_s.a(new_opv.o)
 .ARM.attributes
                0x00000529       0x2e c:/program files (x86)/gnu tools arm embedded/4.8 2014q3/bin/../lib/gcc/arm-none-eabi/4.8.4/../../../../arm-none-eabi/lib/armv7e-m\libstdc++_s.a(functexcept.o)
 .ARM.attributes
                0x00000557       0x2e c:/program files (x86)/gnu tools arm embedded/4.8 2014q3/bin/../lib/gcc/arm-none-eabi/4.8.4/../../../../arm-none-eabi/lib/armv7e-m\libstdc++_s.a(eh_terminate.o)
 .ARM.attributes
                0x00000585       0x2e c:/program files (x86)/gnu tools arm embedded/4.8 2014q3/bin/../lib/gcc/arm-none-eabi/4.8.4/../../../../arm-none-eabi/lib/armv7e-m\libstdc++_s.a(eh_term_handler.o)
 .ARM.attributes
                0x000005b3       0x2e c:/program files (x86)/gnu tools arm embedded/4.8 2014q3/bin/../lib/gcc/arm-none-eabi/4.8.4/../../../../arm-none-eabi/lib/armv7e-m\libstdc++_s.a(vterminate.o)
 .ARM.attributes
                0x000005e1       0x2e c:/program files (x86)/gnu tools arm embedded/4.8 2014q3/bin/../lib/gcc/arm-none-eabi/4.8.4/../../../../arm-none-eabi/lib/armv7e-m\libstdc++_s.a(eh_type.o)
 .ARM.attributes
                0x0000060f       0x2e c:/program files (x86)/gnu tools arm embedded/4.8 2014q3/bin/../lib/gcc/arm-none-eabi/4.8.4/../../../../arm-none-eabi/lib/armv7e-m\libstdc++_s.a(cp-demangle.o)
 .ARM.attributes
                0x0000063d       0x2e c:/program files (x86)/gnu tools arm embedded/4.8 2014q3/bin/../lib/gcc/arm-none-eabi/4.8.4/../../../../arm-none-eabi/lib/armv7e-m\libstdc++_s.a(eh_globals.o)
 .ARM.attributes
                0x0000066b       0x1e c:/program files (x86)/gnu tools arm embedded/4.8 2014q3/bin/../lib/gcc/arm-none-eabi/4.8.4/armv7e-m\libgcc.a(_arm_addsubdf3.o)
 .ARM.attributes
                0x00000689       0x1e c:/program files (x86)/gnu tools arm embedded/4.8 2014q3/bin/../lib/gcc/arm-none-eabi/4.8.4/armv7e-m\libgcc.a(_arm_muldivdf3.o)
 .ARM.attributes
                0x000006a7       0x1e c:/program files (x86)/gnu tools arm embedded/4.8 2014q3/bin/../lib/gcc/arm-none-eabi/4.8.4/armv7e-m\libgcc.a(_arm_fixunsdfsi.o)
 .ARM.attributes
                0x000006c5       0x2e c:/program files (x86)/gnu tools arm embedded/4.8 2014q3/bin/../lib/gcc/arm-none-eabi/4.8.4/../../../../arm-none-eabi/lib/armv7e-m\libc_s.a(lib_a-abort.o)
 .ARM.attributes
                0x000006f3       0x2e c:/program files (x86)/gnu tools arm embedded/4.8 2014q3/bin/../lib/gcc/arm-none-eabi/4.8.4/../../../../arm-none-eabi/lib/armv7e-m\libc_s.a(lib_a-fputs.o)
 .ARM.attributes
                0x00000721       0x2e c:/program files (x86)/gnu tools arm embedded/4.8 2014q3/bin/../lib/gcc/arm-none-eabi/4.8.4/../../../../arm-none-eabi/lib/armv7e-m\libc_s.a(lib_a-impure.o)
 .ARM.attributes
                0x0000074f       0x2e c:/program files (x86)/gnu tools arm embedded/4.8 2014q3/bin/../lib/gcc/arm-none-eabi/4.8.4/../../../../arm-none-eabi/lib/armv7e-m\libc_s.a(lib_a-init.o)
 .ARM.attributes
                0x0000077d       0x2e c:/program files (x86)/gnu tools arm embedded/4.8 2014q3/bin/../lib/gcc/arm-none-eabi/4.8.4/../../../../arm-none-eabi/lib/armv7e-m\libc_s.a(lib_a-malloc.o)
 .ARM.attributes
                0x000007ab       0x2e c:/program files (x86)/gnu tools arm embedded/4.8 2014q3/bin/../lib/gcc/arm-none-eabi/4.8.4/../../../../arm-none-eabi/lib/armv7e-m\libc_s.a(lib_a-memchr-stub.o)
 .ARM.attributes
                0x000007d9       0x2e c:/program files (x86)/gnu tools arm embedded/4.8 2014q3/bin/../lib/gcc/arm-none-eabi/4.8.4/../../../../arm-none-eabi/lib/armv7e-m\libc_s.a(lib_a-memcmp.o)
 .ARM.attributes
                0x00000807       0x2e c:/program files (x86)/gnu tools arm embedded/4.8 2014q3/bin/../lib/gcc/arm-none-eabi/4.8.4/../../../../arm-none-eabi/lib/armv7e-m\libc_s.a(lib_a-memcpy-stub.o)
 .ARM.attributes
                0x00000835       0x2e c:/program files (x86)/gnu tools arm embedded/4.8 2014q3/bin/../lib/gcc/arm-none-eabi/4.8.4/../../../../arm-none-eabi/lib/armv7e-m\libc_s.a(lib_a-memmove.o)
 .ARM.attributes
                0x00000863       0x2e c:/program files (x86)/gnu tools arm embedded/4.8 2014q3/bin/../lib/gcc/arm-none-eabi/4.8.4/../../../../arm-none-eabi/lib/armv7e-m\libc_s.a(lib_a-memset.o)
 .ARM.attributes
                0x00000891       0x2e c:/program files (x86)/gnu tools arm embedded/4.8 2014q3/bin/../lib/gcc/arm-none-eabi/4.8.4/../../../../arm-none-eabi/lib/armv7e-m\libc_s.a(lib_a-nano-freer.o)
 .ARM.attributes
                0x000008bf       0x2e c:/program files (x86)/gnu tools arm embedded/4.8 2014q3/bin/../lib/gcc/arm-none-eabi/4.8.4/../../../../arm-none-eabi/lib/armv7e-m\libc_s.a(lib_a-nano-mallocr.o)
 .ARM.attributes
                0x000008ed       0x2e c:/program files (x86)/gnu tools arm embedded/4.8 2014q3/bin/../lib/gcc/arm-none-eabi/4.8.4/../../../../arm-none-eabi/lib/armv7e-m\libc_s.a(lib_a-printf.o)
 .ARM.attributes
                0x0000091b       0x2e c:/program files (x86)/gnu tools arm embedded/4.8 2014q3/bin/../lib/gcc/arm-none-eabi/4.8.4/../../../../arm-none-eabi/lib/armv7e-m\libc_s.a(lib_a-realloc.o)
 .ARM.attributes
                0x00000949       0x2e c:/program files (x86)/gnu tools arm embedded/4.8 2014q3/bin/../lib/gcc/arm-none-eabi/4.8.4/../../../../arm-none-eabi/lib/armv7e-m\libc_s.a(lib_a-reent.o)
 .ARM.attributes
                0x00000977       0x2e c:/program files (x86)/gnu tools arm embedded/4.8 2014q3/bin/../lib/gcc/arm-none-eabi/4.8.4/../../../../arm-none-eabi/lib/armv7e-m\libc_s.a(lib_a-sbrkr.o)
 .ARM.attributes
                0x000009a5       0x2e c:/program files (x86)/gnu tools arm embedded/4.8 2014q3/bin/../lib/gcc/arm-none-eabi/4.8.4/../../../../arm-none-eabi/lib/armv7e-m\libc_s.a(lib_a-signal.o)
 .ARM.attributes
                0x000009d3       0x2e c:/program files (x86)/gnu tools arm embedded/4.8 2014q3/bin/../lib/gcc/arm-none-eabi/4.8.4/../../../../arm-none-eabi/lib/armv7e-m\libc_s.a(lib_a-signalr.o)
 .ARM.attributes
                0x00000a01       0x2e c:/program files (x86)/gnu tools arm embedded/4.8 2014q3/bin/../lib/gcc/arm-none-eabi/4.8.4/../../../../arm-none-eabi/lib/armv7e-m\libc_s.a(lib_a-sprintf.o)
 .ARM.attributes
                0x00000a2f       0x1c c:/program files (x86)/gnu tools arm embedded/4.8 2014q3/bin/../lib/gcc/arm-none-eabi/4.8.4/../../../../arm-none-eabi/lib/armv7e-m\libc_s.a(lib_a-strcmp.o)
 .ARM.attributes
                0x00000a4b       0x2e c:/program files (x86)/gnu tools arm embedded/4.8 2014q3/bin/../lib/gcc/arm-none-eabi/4.8.4/../../../../arm-none-eabi/lib/armv7e-m\libc_s.a(lib_a-strlen.o)
 .ARM.attributes
                0x00000a79       0x2e c:/program files (x86)/gnu tools arm embedded/4.8 2014q3/bin/../lib/gcc/arm-none-eabi/4.8.4/../../../../arm-none-eabi/lib/armv7e-m\libc_s.a(lib_a-strncmp.o)
 .ARM.attributes
                0x00000aa7       0x2e c:/program files (x86)/gnu tools arm embedded/4.8 2014q3/bin/../lib/gcc/arm-none-eabi/4.8.4/../../../../arm-none-eabi/lib/armv7e-m\libc_s.a(lib_a-svfprintf.o)
 .ARM.attributes
                0x00000ad5       0x2e c:/program files (x86)/gnu tools arm embedded/4.8 2014q3/bin/../lib/gcc/arm-none-eabi/4.8.4/../../../../arm-none-eabi/lib/armv7e-m\libc_s.a(lib_a-syswrite.o)
 .ARM.attributes
                0x00000b03       0x2e c:/program files (x86)/gnu tools arm embedded/4.8 2014q3/bin/../lib/gcc/arm-none-eabi/4.8.4/../../../../arm-none-eabi/lib/armv7e-m\libc_s.a(lib_a-vfprintf.o)
 .ARM.attributes
                0x00000b31       0x2e c:/program files (x86)/gnu tools arm embedded/4.8 2014q3/bin/../lib/gcc/arm-none-eabi/4.8.4/../../../../arm-none-eabi/lib/armv7e-m\libc_s.a(lib_a-vfprintf_float.o)
 .ARM.attributes
                0x00000b5f       0x2e c:/program files (x86)/gnu tools arm embedded/4.8 2014q3/bin/../lib/gcc/arm-none-eabi/4.8.4/../../../../arm-none-eabi/lib/armv7e-m\libc_s.a(lib_a-vfprintf_i.o)
 .ARM.attributes